12-15 10:46:16.640 12159 12209 V FTCService: Waiting for a connection to a wifi service
12-15 10:46:16.641 12159 12209 V RobotCore: Robot Status: stopped, waiting for network to become active
12-15 10:46:16.641 12159 12209 V WebServer: Asked an already running WebServer to start
12-15 10:46:16.641 12159 12209 V RobotCore: Robot Status: stopped, starting robot
12-15 10:46:16.641 12159 12209 V Robocol : EventLoopManager.start()
12-15 10:46:16.642 12159 12209 V RobotCore: Getting network assistant of type: WIFIDIRECT
12-15 10:46:16.642 12159 12209 V Robocol : Spoofing a Network Connection event...
12-15 10:46:16.642 12159 12209 I EventLoopManager: onNetworkConnectionEvent: CONNECTION_INFO_AVAILABLE
12-15 10:46:16.642 12159 12209 I Robocol : Received network connection event
12-15 10:46:16.642 12159 12209 I NetworkConnectionHandler: Handling new network connection infomation, connected: true setup needed: true
12-15 10:46:16.644 12159 12209 V RobotCore: EventLoopManager state is STOPPED
12-15 10:46:16.644 12159 12209 V Robocol : eventLoop=FtcEventLoop
12-15 10:46:16.644 12159 12209 V RobotCore: EventLoopManager state is INIT
12-15 10:46:16.644 12159 12216 V RobotCore: thread: 'SetupRunnable.run()' starting...
12-15 10:46:16.645 12159 12209 V RobotCore: Robot Status: initializing, starting robot
12-15 10:46:16.645 12159 12209 I FtcEventLoop: ======= INIT START =======
12-15 10:46:16.646 12159 12209 V OpmodeRegistration: registered {DefaultOpMode} as {$Stop$Robot$}
12-15 10:46:16.653 12159 12209 V FileBasedLock: locked /storage/emulated/0/FIRST/blocks/projectslock/lock.dat
12-15 10:46:16.661 12159 12209 V FileBasedLock: unlocking /storage/emulated/0/FIRST/blocks/projectslock/lock.dat
12-15 10:46:16.661 12159 12159 D WifiDirect: cannot create group, does group already exist?
12-15 10:46:16.668 12159 12209 V OpmodeRegistration: registered {distanceAnalyze} as {Analyze Distance}
12-15 10:46:16.669 12159 12209 V OpmodeRegistration: registered {fullDriveOld} as {Full Driving (Old Robot)}
12-15 10:46:16.669 12159 12209 V OpmodeRegistration: registered {driveTestUsingData} as {Basic Drive Test (Using 'Data')}
12-15 10:46:16.670 12159 12209 V OpmodeRegistration: registered {armTest} as {Arm Test}
12-15 10:46:16.671 12159 12209 V OpmodeRegistration: registered {colorTest} as {Basic Color Test}
12-15 10:46:16.671 12159 12209 V OpmodeRegistration: registered {encoderGet} as {Encoder Test (Arm) (Old Robot)}
12-15 10:46:16.672 12159 12209 V OpmodeRegistration: registered {omniDriveWithTurn} as {Omni Wheels Drive (With Turn)}
12-15 10:46:16.673 12159 12209 V OpmodeRegistration: registered {armTestData} as {Arm Test Using ('Data')}
12-15 10:46:16.673 12159 12209 V OpmodeRegistration: registered {driveTest} as {Basic Drive Test}
12-15 10:46:16.674 12159 12209 V OpmodeRegistration: registered {armNew} as {New Arm Test}
12-15 10:46:16.675 12159 12209 V OpmodeRegistration: registered {motorEncoderAnalyze} as {Encoder Test}
12-15 10:46:16.675 12159 12209 V OpmodeRegistration: registered {driveToWall} as {Drive To Wall}
12-15 10:46:16.676 12159 12209 V OpmodeRegistration: registered {testToss} as {Arm Toss Test}
12-15 10:46:16.677 12159 12209 V OpmodeRegistration: registered {mineralAnalizeTest} as {Basic Mineral Analyzing}
12-15 10:46:16.678 12159 12209 V OpmodeRegistration: registered {colorTestFullSpeed} as {Basic Color Test @ Full Speed}
12-15 10:46:16.678 12159 12209 V OpmodeRegistration: registered {colorAnalyze} as {Analyze Colors}
12-15 10:46:16.679 12159 12209 V OpmodeRegistration: registered {omniDriveNoTurn} as {Omni Wheels Drive (No Turn)}
12-15 10:46:16.683 12159 12216 D Robocol : RobocolDatagramSocket listening addr=/192.168.49.1:20884 cbRec=65520 cbSend=163840 msRecTO=300
12-15 10:46:16.684 12159 12216 V Robocol : RecvLoopRunnable created
12-15 10:46:16.687 12159 12216 V PeerDiscovery: Starting peer discovery remote: /192.168.49.1 local: /192.168.49.1
12-15 10:46:16.687 12159 12216 V PeerDiscovery: No need for peer discovery, we are the peer discovery device
12-15 10:46:16.687 12159 12216 V RobotCore: Setup complete
12-15 10:46:16.687 12159 12216 V RobotCore: thread: ...terminating 'SetupRunnable.run()'
12-15 10:46:16.688 12159 12219 V RobotCore: thread: 'RecvLoopRunnable.run()' starting...
12-15 10:46:16.740 12159 12209 V HardwareFactory: createHardwareMap()
12-15 10:46:16.740 12159 12209 V WifiDirectInviteMonitor: clearUILynxModule()
12-15 10:46:16.748 12159 12209 V RobotCore: Creating REV Robotics USB Expansion Hub Portal [DQ2EV50L]
12-15 10:46:16.748 12159 12209 V LynxUsb : creating new [DQ2EV50L]: 0x087f082a
12-15 10:46:16.756 12159 12209 V FtDevice: initialize(vid=0x0403 pid=0x6015 bcdDevice=0x1000)
12-15 10:46:16.756 12159 12209 V MonitoredUsbDeviceConnection: closing UsbDeviceConnection(DQ2EV50L)
12-15 10:46:16.756 12159 12209 D UsbDeviceConnectionJNI: close
12-15 10:46:16.756 12159 12209 V MonitoredUsbDeviceConnection: closing UsbDeviceConnection(DQ2EV50L)
12-15 10:46:16.756 12159 12209 D UsbDeviceConnectionJNI: close
12-15 10:46:16.756 12159 12209 V FtDeviceManager: createDeviceInfoList(): 1 USB devices
12-15 10:46:16.760 12159 12209 V FtDevice: vv********************DQ2EV50L opening********************vv 0x0f55c591
12-15 10:46:16.762 12159 12209 V FtDevice: ^^********************DQ2EV50L opened ********************^^
12-15 10:46:16.762 12159 12209 V FtDevice: resetting DQ2EV50L
12-15 10:46:16.767 12159 12209 V LynxUsb : armDevice() serial=DQ2EV50L...
12-15 10:46:16.767 12159 12209 V LynxModule: resetDevice() serial=DQ2EV50L
12-15 10:46:16.988 12159 12219 E Robocol : exception SocketTimeoutException(null): no packet received [libcore.io.IoBridge.maybeThrowAfterRecvfrom(IoBridge.java:594)]
12-15 10:46:17.125 12159 12209 V LynxUsb : ...done armDevice()
12-15 10:46:17.126 12159 12209 V LynxUsb : 0x078029cd on 0x087f082a: new delegate to [DQ2EV50L]
12-15 10:46:17.126 12159 12209 V RobotCore: Creating Lynx Module - mod=2 parent=true
12-15 10:46:17.126 12159 12223 V RobotCore: thread: 'lynx incoming datagrams' starting...
12-15 10:46:17.131 12159 12209 V LynxUsb : addConfiguredModule() module#=2
12-15 10:46:17.131 12159 12209 V LynxModule: pingAndQueryKnownInterfaces mod=2
12-15 10:46:17.135 12159 12223 V LynxUsb : synchronization gained: serial=DQ2EV50L
12-15 10:46:17.151 12159 12209 V LynxModule: mod#=2 queryInterface(DEKA)=49 commands starting at 4096
12-15 10:46:17.156 12159 12209 V LynxModule: mod#=2 intf=DEKA: expected 54 commands; found 49
12-15 10:46:17.160 12159 12209 V LynxModule: sendLEDPatternSteps(): #steps=6
12-15 10:46:17.163 12159 12224 V LynxModule: received status: LynxGetModuleStatusResponse(status=0x02 alerts=0x00: Reset)
12-15 10:46:17.175 12159 12209 V LynxMotor: initializeHardware() mod#=2
12-15 10:46:17.236 12159 12209 V RobotCore: DcMotorImpl(type=TetrixMotor)
12-15 10:46:17.236 12159 12209 V RobotCore: DcMotorImpl(type=TetrixMotor)
12-15 10:46:17.237 12159 12209 V LynxServoController: initializeHardware() mod#=2
12-15 10:46:17.275 12159 12209 V LynxVoltageSensor: initializeHardware() mod#=2
12-15 10:46:17.276 12159 12209 V LynxPwmOutputController: initializeHardware() mod#=2
12-15 10:46:17.283 12159 12209 W LynxPwmOutputController: LynxSetPWMEnableCommand not implemented by lynx hw; ignoring
12-15 10:46:17.288 12159 12209 W LynxPwmOutputController: LynxSetPWMConfigurationCommand not implemented by lynx hw; ignoring
12-15 10:46:17.292 12159 12209 W LynxPwmOutputController: LynxSetPWMEnableCommand not implemented by lynx hw; ignoring
12-15 10:46:17.296 12159 12209 W LynxPwmOutputController: LynxSetPWMConfigurationCommand not implemented by lynx hw; ignoring
12-15 10:46:17.300 12159 12209 W LynxPwmOutputController: LynxSetPWMEnableCommand not implemented by lynx hw; ignoring
12-15 10:46:17.304 12159 12209 W LynxPwmOutputController: LynxSetPWMConfigurationCommand not implemented by lynx hw; ignoring
12-15 10:46:17.309 12159 12209 W LynxPwmOutputController: LynxSetPWMEnableCommand not implemented by lynx hw; ignoring
12-15 10:46:17.312 12159 12209 W LynxPwmOutputController: LynxSetPWMConfigurationCommand not implemented by lynx hw; ignoring
12-15 10:46:17.313 12159 12209 V LynxAnalogInputController: initializeHardware() mod#=2
12-15 10:46:17.314 12159 12209 V LynxDigitalChannelController: initializeHardware() mod#=2
12-15 10:46:17.339 12159 12209 V RobotCore: Creating user sensor REV Expansion Hub IMU - on Lynx module=2 bus=0
12-15 10:46:17.340 12159 12209 V RobotCore: Creating I2cDeviceSynch (Lynx) - mod=2 bus=0
12-15 10:46:17.340 12159 12209 I RobotCore: LynxFirmwareVersionManager: LynxI2cDeviceSynchV1
12-15 10:46:17.341 12159 12209 V LynxI2cDeviceSynch: initializeHardware() mod#=2
12-15 10:46:17.345 12159 12209 I RobotCore: ========= Device Information ===================================================
12-15 10:46:17.345 12159 12209 I RobotCore: Type                                               Name                           Connection
12-15 10:46:17.345 12159 12209 I RobotCore: Expansion Hub DC Motor Controller                  Expansion Hub 2                USB DQ2EV50L; module 2
12-15 10:46:17.346 12159 12209 I RobotCore: Expansion Hub Servo Controller                     Expansion Hub 2                USB DQ2EV50L; module 2
12-15 10:46:17.346 12159 12209 I RobotCore: Expansion Hub Voltage Sensor                       Expansion Hub 2                USB DQ2EV50L; module 2
12-15 10:46:17.346 12159 12209 I RobotCore: Expansion Hub Pwm Controller                       Expansion Hub 2                USB DQ2EV50L; module 2
12-15 10:46:17.346 12159 12209 I RobotCore: Expansion Hub Analog Input Controller              Expansion Hub 2                USB DQ2EV50L; module 2
12-15 10:46:17.346 12159 12209 I RobotCore: Expansion Hub Digital Channel Controller           Expansion Hub 2                USB DQ2EV50L; module 2
12-15 10:46:17.351 12159 12209 I RobotCore: Expansion Hub (HW: 20, Maj: 1, Min: 7, Eng: 2)     Expansion Hub 2                USB DQ2EV50L; module 2
12-15 10:46:17.351 12159 12209 I RobotCore: REV Expansion Hub IMU                              imu                            USB DQ2EV50L; module 2; bus 0; addr7=0x00
12-15 10:46:17.352 12159 12209 I RobotCore: Motor                                              colorR                         USB DQ2EV50L; module 2; port 0
12-15 10:46:17.352 12159 12209 I RobotCore: REV Robotics USB Expansion Hub Portal              Expansion Hub Portal 1         USB DQ2EV50L
12-15 10:46:17.352 12159 12209 I RobotCore: Motor                                              tossMotor                      USB DQ2EV50L; module 2; port 1
12-15 10:46:17.352 12159 12209 I FtcEventLoop: ======= INIT FINISH =======
12-15 10:46:17.352 12159 12209 V RobotCore: EventLoopManager state is RUNNING
12-15 10:46:17.375 12159 12209 V RobotCore: Robot Status: running, starting robot
12-15 10:46:17.375 12159 12209 V RobotCore: Robot Status: running
12-15 10:46:17.376 12159 12209 V RobotCore: thread: ...terminating 'RobotSetupRunnable.run()'
12-15 10:46:17.377 12159 12228 V RobotCore: thread: 'opmode loop()' starting...
12-15 10:46:17.383 12159 12228 D RobotCore: system telemetry: key=$System$None$ msg=""
12-15 10:46:17.404 12159 12227 V SoundInfo: construct(0x07c6b9fa)
12-15 10:46:17.434 12159 12226 D ExtendedUtils: extended extractor not needed, return default
12-15 10:46:17.435 12159 12226 I MediaCodec: (0xb8e0bae8) init name(audio/raw) isType(1) encoder(0)
12-15 10:46:17.439 12159 12232 E OMXMaster: A component of name 'OMX.qcom.audio.decoder.aac' already exists, ignoring this one.
12-15 10:46:17.441 12159 12232 I MediaCodec: (0xb8e0bae8) Component Allocated (OMX.google.raw.decoder)
12-15 10:46:17.442 12159 12226 I MediaCodec: (0xb8e0bae8) configure surface(0x0) crypto(0x0) flags(0)
12-15 10:46:17.442 12159 12226 D MediaCodec: (0xb8e0bae8) configure format: AMessage(what = 0x00000000) = {
12-15 10:46:17.442 12159 12226 D MediaCodec:    string mime = "audio/raw"
12-15 10:46:17.442 12159 12226 D MediaCodec:    int64_t durationUs = 1019125
12-15 10:46:17.442 12159 12226 D MediaCodec:    int32_t channel-count = 1
12-15 10:46:17.442 12159 12226 D MediaCodec:    int32_t sample-rate = 8000
12-15 10:46:17.442 12159 12226 D MediaCodec:    int32_t channel-mask = 0
12-15 10:46:17.442 12159 12226 D MediaCodec:  }
12-15 10:46:17.443 12159 12226 I MediaCodec: (0xb8e0bae8) start
12-15 10:46:17.443 12159 12232 I MediaCodec: (0xb8e0bae8) input buffers allocated
12-15 10:46:17.443 12159 12232 I MediaCodec: (0xb8e0bae8) numBuffers (4)
12-15 10:46:17.443 12159 12232 I MediaCodec: (0xb8e0bae8) output buffers allocated
12-15 10:46:17.443 12159 12232 I MediaCodec: (0xb8e0bae8) numBuffers (4)
12-15 10:46:17.444 12159 12232 I MediaCodec: (0xb8e0bae8) codec output format changed
12-15 10:46:17.445 12159 12232 D MediaCodec: (0xb8e0bae8) output format: AMessage(what = 'codc', target = 2) = {
12-15 10:46:17.445 12159 12232 D MediaCodec:    string mime = "audio/raw"
12-15 10:46:17.445 12159 12232 D MediaCodec:    int32_t channel-count = 1
12-15 10:46:17.445 12159 12232 D MediaCodec:    int32_t sample-rate = 8000
12-15 10:46:17.445 12159 12232 D MediaCodec:    int32_t channel-mask = 0
12-15 10:46:17.445 12159 12232 D MediaCodec:    int32_t what = 1869968451
12-15 10:46:17.445 12159 12232 D MediaCodec:  }
12-15 10:46:17.446 12159 12219 V PeerDiscovery: new remote peer discovered: 192.168.49.33
12-15 10:46:17.447 12159 12219 D Robocol : RobocolDatagramSocket connected to /192.168.49.33:20884
12-15 10:46:17.447 12159 12226 I MediaCodec: (0xb8e0bae8) stop
12-15 10:46:17.447 12159 12219 V NetworkConnectionHandler: starting sending loop
12-15 10:46:17.448 12159 12219 V Robocol : SendOnceRunnable created
12-15 10:46:17.449 12159 12226 I MediaCodec: (0xb8e0bae8) release
12-15 10:46:17.454 12159 12178 D SoundPlayer: onLoadComplete(samp=1|ms=1019, samp=1)=0
12-15 10:46:17.456 12159 12227 W AudioTrack: AUDIO_OUTPUT_FLAG_FAST denied by client; transfer 4, track 8000 Hz, output 48000 Hz
12-15 10:46:17.464 12159 12219 V NetDiscover_prefremrc: sendAllPreferences()
12-15 10:46:17.464 12159 12219 V NetDiscover_prefremrc: sending RC pref name=pref_wifip2p_remote_channel_change_works value=true
12-15 10:46:17.469 12159 12227 D SoundPlayer: playing volume=1.000000 samp=1|ms=1019
12-15 10:46:17.471 12159 12219 V NetDiscover_prefremrc: sending RC pref name=pref_device_name value=11639-RC
12-15 10:46:17.471 12159 12219 V NetDiscover_prefremrc: sending RC pref name=pref_has_independent_phone_battery value=true
12-15 10:46:17.471 12159 12219 V NetDiscover_prefremrc: sending RC pref name=pref_has_speaker value=true
12-15 10:46:17.472 12159 12219 V NetDiscover_prefremrc: sending RC pref name=pref_app_theme value=red
12-15 10:46:17.472 12159 12219 V NetDiscover_prefremrc: sending RC pref name=pref_sound_on_off value=true
12-15 10:46:17.472 12159 12219 V UpdateUI: Network: active, connected
12-15 10:46:17.488 12159 12235 V Robocol : sending CMD_NOTIFY_USER_DEVICE_LIST(18), attempt: 0
12-15 10:46:17.490 12159 12235 V Robocol : sending CMD_ROBOT_CONTROLLER_PREFERENCE(19), attempt: 0
12-15 10:46:17.491 12159 12235 V Robocol : sending CMD_PLAY_SOUND(20), attempt: 0
12-15 10:46:17.491 12159 12235 V Robocol : sending CMD_ROBOT_CONTROLLER_PREFERENCE(21), attempt: 0
12-15 10:46:17.492 12159 12235 V Robocol : sending CMD_ROBOT_CONTROLLER_PREFERENCE(22), attempt: 0
12-15 10:46:17.492 12159 12235 V Robocol : sending CMD_ROBOT_CONTROLLER_PREFERENCE(23), attempt: 0
12-15 10:46:17.492 12159 12235 V Robocol : sending CMD_ROBOT_CONTROLLER_PREFERENCE(24), attempt: 0
12-15 10:46:17.492 12159 12235 V Robocol : sending CMD_ROBOT_CONTROLLER_PREFERENCE(25), attempt: 0
12-15 10:46:17.494 12159 12227 V SoundInfo: construct(0x0d7bc523)
12-15 10:46:17.512 12159 12226 D ExtendedUtils: extended extractor not needed, return default
12-15 10:46:17.513 12159 12226 I MediaCodec: (0xb8f66c20) init name(audio/raw) isType(1) encoder(0)
12-15 10:46:17.515 12159 12219 V Robocol : received command: CMD_REQUEST_UI_STATE(10001) 
12-15 10:46:17.525 12159 12239 E OMXMaster: A component of name 'OMX.qcom.audio.decoder.aac' already exists, ignoring this one.
12-15 10:46:17.526 12159 12239 I MediaCodec: (0xb8f66c20) Component Allocated (OMX.google.raw.decoder)
12-15 10:46:17.526 12159 12226 I MediaCodec: (0xb8f66c20) configure surface(0x0) crypto(0x0) flags(0)
12-15 10:46:17.526 12159 12226 D MediaCodec: (0xb8f66c20) configure format: AMessage(what = 0x00000000) = {
12-15 10:46:17.526 12159 12226 D MediaCodec:    string mime = "audio/raw"
12-15 10:46:17.526 12159 12226 D MediaCodec:    int64_t durationUs = 485011
12-15 10:46:17.526 12159 12226 D MediaCodec:    int32_t channel-count = 2
12-15 10:46:17.526 12159 12226 D MediaCodec:    int32_t sample-rate = 44100
12-15 10:46:17.526 12159 12226 D MediaCodec:    int32_t channel-mask = 0
12-15 10:46:17.526 12159 12226 D MediaCodec:  }
12-15 10:46:17.527 12159 12226 I MediaCodec: (0xb8f66c20) start
12-15 10:46:17.528 12159 12239 I MediaCodec: (0xb8f66c20) input buffers allocated
12-15 10:46:17.528 12159 12239 I MediaCodec: (0xb8f66c20) numBuffers (4)
12-15 10:46:17.528 12159 12239 I MediaCodec: (0xb8f66c20) output buffers allocated
12-15 10:46:17.528 12159 12239 I MediaCodec: (0xb8f66c20) numBuffers (4)
12-15 10:46:17.530 12159 12235 V Robocol : sending CMD_NOTIFY_ACTIVE_CONFIGURATION(39), attempt: 0
12-15 10:46:17.532 12159 12239 I MediaCodec: (0xb8f66c20) codec output format changed
12-15 10:46:17.532 12159 12239 D MediaCodec: (0xb8f66c20) output format: AMessage(what = 'codc', target = 6) = {
12-15 10:46:17.532 12159 12239 D MediaCodec:    string mime = "audio/raw"
12-15 10:46:17.532 12159 12239 D MediaCodec:    int32_t channel-count = 2
12-15 10:46:17.532 12159 12239 D MediaCodec:    int32_t sample-rate = 44100
12-15 10:46:17.532 12159 12239 D MediaCodec:    int32_t channel-mask = 0
12-15 10:46:17.532 12159 12239 D MediaCodec:    int32_t what = 1869968451
12-15 10:46:17.532 12159 12239 D MediaCodec:  }
12-15 10:46:17.536 12159 12226 I MediaCodec: (0xb8f66c20) stop
12-15 10:46:17.538 12159 12226 I MediaCodec: (0xb8f66c20) release
12-15 10:46:17.542 12159 12178 D SoundPlayer: onLoadComplete(samp=2|ms=485, samp=2)=0
12-15 10:46:17.568 12159 12235 V Robocol : sending CMD_NOTIFY_USER_DEVICE_LIST(40), attempt: 0
12-15 10:46:17.570 12159 12235 V Robocol : sending CMD_NOTIFY_OP_MODE_LIST(41), attempt: 0
12-15 10:46:17.886 12159 12228 I RobotCore: Attempting to switch to op mode $Stop$Robot$
12-15 10:46:17.928 12159 12235 V Robocol : sending CMD_NOTIFY_INIT_OP_MODE(51), attempt: 0
12-15 10:46:18.475 12159 12242 W AudioTrack: AUDIO_OUTPUT_FLAG_FAST denied by client; transfer 4, track 44100 Hz, output 48000 Hz
12-15 10:46:18.478 12159 12242 D SoundPlayer: playing volume=1.000000 samp=2|ms=485
12-15 10:46:18.488 12159 12235 V Robocol : sending CMD_PLAY_SOUND(61), attempt: 0
12-15 10:46:21.115 12159 12219 V Robocol : received command: CMD_INIT_OP_MODE(10061) $Stop$Robot$
12-15 10:46:21.124 12159 12228 I RobotCore: Attempting to switch to op mode $Stop$Robot$
12-15 10:46:21.168 12159 12235 V Robocol : sending CMD_NOTIFY_INIT_OP_MODE(102), attempt: 0
12-15 10:46:22.315 12159 12219 V Robocol : received command: CMD_SET_MATCH_NUMBER(10081) 0
12-15 10:46:22.316 12159 12219 V Robocol : received command: CMD_INIT_OP_MODE(10082) Encoder Test
12-15 10:46:22.330 12159 12218 I RobotCore: ******************** START - OPMODE Encoder Test ********************
12-15 10:46:22.332 12159 12228 I RobotCore: Attempting to switch to op mode Encoder Test
12-15 10:46:22.455 12159 12228 W LynxPwmOutputController: LynxSetPWMEnableCommand not implemented by lynx hw; ignoring
12-15 10:46:22.461 12159 12228 W LynxPwmOutputController: LynxSetPWMConfigurationCommand not implemented by lynx hw; ignoring
12-15 10:46:22.465 12159 12228 W LynxPwmOutputController: LynxSetPWMEnableCommand not implemented by lynx hw; ignoring
12-15 10:46:22.468 12159 12228 W LynxPwmOutputController: LynxSetPWMConfigurationCommand not implemented by lynx hw; ignoring
12-15 10:46:22.472 12159 12228 W LynxPwmOutputController: LynxSetPWMEnableCommand not implemented by lynx hw; ignoring
12-15 10:46:22.476 12159 12228 W LynxPwmOutputController: LynxSetPWMConfigurationCommand not implemented by lynx hw; ignoring
12-15 10:46:22.480 12159 12228 W LynxPwmOutputController: LynxSetPWMEnableCommand not implemented by lynx hw; ignoring
12-15 10:46:22.485 12159 12228 W LynxPwmOutputController: LynxSetPWMConfigurationCommand not implemented by lynx hw; ignoring
12-15 10:46:22.489 12159 12246 V RobotCore: thread: 'LinearOpMode main' starting...
12-15 10:46:22.528 12159 12235 V Robocol : sending CMD_NOTIFY_INIT_OP_MODE(131), attempt: 0
12-15 10:46:26.122 12159 12219 V Robocol : received command: CMD_RUN_OP_MODE(10169) Encoder Test
12-15 10:46:26.168 12159 12235 V Robocol : sending CMD_NOTIFY_RUN_OP_MODE(217), attempt: 0
12-15 10:46:31.203 12159 12219 V Robocol : received command: CMD_INIT_OP_MODE(10351) $Stop$Robot$
12-15 10:46:31.213 12159 12218 I RobotCore: ******************** STOP - OPMODE /storage/emulated/0/FIRST/matchlogs/Match-0-Encoder_Test.txt ********************
12-15 10:46:31.218 12159 12218 I RobotCore: Pruning old logs deleting Match-0-Arm_Toss_Test.txt
12-15 10:46:31.229 12159 12247 I RobotCore: saving match logcat to /storage/emulated/0/FIRST/matchlogs/Match-0-Encoder_Test.txt
12-15 10:46:31.229 12159 12247 I RobotCore: logging command line: exec logcat -d -T '12-15 10:46:22.000' -f /storage/emulated/0/FIRST/matchlogs/Match-0-Encoder_Test.txt -n4 -v threadtime UsbRequestJNI:S UsbRequest:S art:W ThreadPool:W System:W ExtendedExtractor:W OMXClient:W MediaPlayer:W dalvikvm:W  *:V
12-15 10:46:31.230 12159 12246 V RobotCore: thread: ...terminating 'LinearOpMode main'
12-15 10:46:31.244 12159 12228 I RobotCore: Attempting to switch to op mode $Stop$Robot$
12-15 10:46:31.288 12159 12235 V Robocol : sending CMD_NOTIFY_INIT_OP_MODE(408), attempt: 0
12-15 10:46:31.291 12159 12247 I RobotCore: Done running exec logcat -d -T '12-15 10:46:22.000' -f /storage/emulated/0/FIRST/matchlogs/Match-0-Encoder_Test.txt -n4 -v threadtime UsbRequestJNI:S UsbRequest:S art:W ThreadPool:W System:W ExtendedExtractor:W OMXClient:W MediaPlayer:W dalvikvm:W  *:V
12-15 10:46:31.292 12159 12247 I RobotCore: exiting match logcat for /storage/emulated/0/FIRST/matchlogs/Match-0-Encoder_Test.txt
12-15 10:46:31.355 12159 12219 V Robocol : received command: CMD_RUN_OP_MODE(10363) $Stop$Robot$
12-15 10:46:31.368 12159 12235 V Robocol : sending CMD_NOTIFY_RUN_OP_MODE(417), attempt: 0
12-15 10:46:44.395 12159 12219 V Robocol : received command: CMD_SET_MATCH_NUMBER(10536) 0
12-15 10:46:44.396 12159 12219 V Robocol : received command: CMD_INIT_OP_MODE(10537) Encoder Test
12-15 10:46:44.411 12159 12218 I RobotCore: ******************** START - OPMODE Encoder Test ********************
12-15 10:46:44.412 12159 12228 I RobotCore: Attempting to switch to op mode Encoder Test
12-15 10:46:44.538 12159 12228 W LynxPwmOutputController: LynxSetPWMEnableCommand not implemented by lynx hw; ignoring
12-15 10:46:44.544 12159 12228 W LynxPwmOutputController: LynxSetPWMConfigurationCommand not implemented by lynx hw; ignoring
12-15 10:46:44.549 12159 12228 W LynxPwmOutputController: LynxSetPWMEnableCommand not implemented by lynx hw; ignoring
12-15 10:46:44.553 12159 12228 W LynxPwmOutputController: LynxSetPWMConfigurationCommand not implemented by lynx hw; ignoring
12-15 10:46:44.557 12159 12228 W LynxPwmOutputController: LynxSetPWMEnableCommand not implemented by lynx hw; ignoring
12-15 10:46:44.561 12159 12228 W LynxPwmOutputController: LynxSetPWMConfigurationCommand not implemented by lynx hw; ignoring
12-15 10:46:44.565 12159 12228 W LynxPwmOutputController: LynxSetPWMEnableCommand not implemented by lynx hw; ignoring
12-15 10:46:44.568 12159 12228 W LynxPwmOutputController: LynxSetPWMConfigurationCommand not implemented by lynx hw; ignoring
12-15 10:46:44.573 12159 12252 V RobotCore: thread: 'LinearOpMode main' starting...
12-15 10:46:44.608 12159 12235 V Robocol : sending CMD_NOTIFY_INIT_OP_MODE(611), attempt: 0
12-15 10:46:45.555 12159 12219 V Robocol : received command: CMD_RUN_OP_MODE(10557) Encoder Test
12-15 10:46:45.568 12159 12235 V Robocol : sending CMD_NOTIFY_RUN_OP_MODE(626), attempt: 0
12-15 10:46:50.435 12159 12219 V Robocol : received command: CMD_INIT_OP_MODE(10623) $Stop$Robot$
12-15 10:46:50.440 12159 12218 I RobotCore: ******************** STOP - OPMODE /storage/emulated/0/FIRST/matchlogs/Match-0-Encoder_Test.txt ********************
12-15 10:46:50.446 12159 12252 V RobotCore: thread: ...terminating 'LinearOpMode main'
12-15 10:46:50.446 12159 12228 I RobotCore: Attempting to switch to op mode $Stop$Robot$
12-15 10:46:50.448 12159 12255 I RobotCore: saving match logcat to /storage/emulated/0/FIRST/matchlogs/Match-0-Encoder_Test.txt
12-15 10:46:50.449 12159 12255 I RobotCore: logging command line: exec logcat -d -T '12-15 10:46:44.000' -f /storage/emulated/0/FIRST/matchlogs/Match-0-Encoder_Test.txt -n4 -v threadtime UsbRequestJNI:S UsbRequest:S art:W ThreadPool:W System:W ExtendedExtractor:W OMXClient:W MediaPlayer:W dalvikvm:W  *:V
12-15 10:46:50.488 12159 12235 V Robocol : sending CMD_NOTIFY_INIT_OP_MODE(701), attempt: 0
12-15 10:46:50.509 12159 12255 I RobotCore: Done running exec logcat -d -T '12-15 10:46:44.000' -f /storage/emulated/0/FIRST/matchlogs/Match-0-Encoder_Test.txt -n4 -v threadtime UsbRequestJNI:S UsbRequest:S art:W ThreadPool:W System:W ExtendedExtractor:W OMXClient:W MediaPlayer:W dalvikvm:W  *:V
12-15 10:46:50.510 12159 12255 I RobotCore: exiting match logcat for /storage/emulated/0/FIRST/matchlogs/Match-0-Encoder_Test.txt
12-15 10:46:50.516 12159 12219 V Robocol : received command: CMD_RUN_OP_MODE(10630) $Stop$Robot$
12-15 10:46:50.528 12159 12235 V Robocol : sending CMD_NOTIFY_RUN_OP_MODE(707), attempt: 0
12-15 10:47:02.435 12159 12219 V Robocol : received command: CMD_SET_MATCH_NUMBER(10783) 0
12-15 10:47:02.436 12159 12219 V Robocol : received command: CMD_INIT_OP_MODE(10784) Encoder Test
12-15 10:47:02.450 12159 12218 I RobotCore: ******************** START - OPMODE Encoder Test ********************
12-15 10:47:02.452 12159 12228 I RobotCore: Attempting to switch to op mode Encoder Test
12-15 10:47:02.577 12159 12228 W LynxPwmOutputController: LynxSetPWMEnableCommand not implemented by lynx hw; ignoring
12-15 10:47:02.581 12159 12228 W LynxPwmOutputController: LynxSetPWMConfigurationCommand not implemented by lynx hw; ignoring
12-15 10:47:02.585 12159 12228 W LynxPwmOutputController: LynxSetPWMEnableCommand not implemented by lynx hw; ignoring
12-15 10:47:02.590 12159 12228 W LynxPwmOutputController: LynxSetPWMConfigurationCommand not implemented by lynx hw; ignoring
12-15 10:47:02.594 12159 12228 W LynxPwmOutputController: LynxSetPWMEnableCommand not implemented by lynx hw; ignoring
12-15 10:47:02.599 12159 12228 W LynxPwmOutputController: LynxSetPWMConfigurationCommand not implemented by lynx hw; ignoring
12-15 10:47:02.603 12159 12228 W LynxPwmOutputController: LynxSetPWMEnableCommand not implemented by lynx hw; ignoring
12-15 10:47:02.606 12159 12228 W LynxPwmOutputController: LynxSetPWMConfigurationCommand not implemented by lynx hw; ignoring
12-15 10:47:02.608 12159 12235 V Robocol : sending CMD_NOTIFY_INIT_OP_MODE(879), attempt: 0
12-15 10:47:02.610 12159 12259 V RobotCore: thread: 'LinearOpMode main' starting...
12-15 10:47:03.116 12159 12219 V Robocol : received command: CMD_RUN_OP_MODE(10801) Encoder Test
12-15 10:47:03.168 12159 12235 V Robocol : sending CMD_NOTIFY_RUN_OP_MODE(891), attempt: 0
12-15 10:47:03.795 12159 12219 V Robocol : received command: CMD_INIT_OP_MODE(10815) $Stop$Robot$
12-15 10:47:03.803 12159 12218 I RobotCore: ******************** STOP - OPMODE /storage/emulated/0/FIRST/matchlogs/Match-0-Encoder_Test.txt ********************
12-15 10:47:03.815 12159 12260 I RobotCore: saving match logcat to /storage/emulated/0/FIRST/matchlogs/Match-0-Encoder_Test.txt
12-15 10:47:03.815 12159 12259 V RobotCore: thread: ...terminating 'LinearOpMode main'
12-15 10:47:03.816 12159 12260 I RobotCore: logging command line: exec logcat -d -T '12-15 10:47:2.000' -f /storage/emulated/0/FIRST/matchlogs/Match-0-Encoder_Test.txt -n4 -v threadtime UsbRequestJNI:S UsbRequest:S art:W ThreadPool:W System:W ExtendedExtractor:W OMXClient:W MediaPlayer:W dalvikvm:W  *:V
12-15 10:47:03.816 12159 12228 I RobotCore: Attempting to switch to op mode $Stop$Robot$
12-15 10:47:03.848 12159 12235 V Robocol : sending CMD_NOTIFY_INIT_OP_MODE(909), attempt: 0
12-15 10:47:03.877 12159 12219 V Robocol : received command: CMD_RUN_OP_MODE(10822) $Stop$Robot$
12-15 10:47:03.888 12159 12235 V Robocol : sending CMD_NOTIFY_RUN_OP_MODE(915), attempt: 0
12-15 10:47:03.889 12159 12260 I RobotCore: Done running exec logcat -d -T '12-15 10:47:2.000' -f /storage/emulated/0/FIRST/matchlogs/Match-0-Encoder_Test.txt -n4 -v threadtime UsbRequestJNI:S UsbRequest:S art:W ThreadPool:W System:W ExtendedExtractor:W OMXClient:W MediaPlayer:W dalvikvm:W  *:V
12-15 10:47:03.889 12159 12260 I RobotCore: exiting match logcat for /storage/emulated/0/FIRST/matchlogs/Match-0-Encoder_Test.txt
12-15 10:47:04.476 12159 12219 V Robocol : received command: CMD_INIT_OP_MODE(10836) $Stop$Robot$
12-15 10:47:04.484 12159 12228 I RobotCore: Attempting to switch to op mode $Stop$Robot$
12-15 10:47:04.528 12159 12235 V Robocol : sending CMD_NOTIFY_INIT_OP_MODE(931), attempt: 0
12-15 10:47:04.595 12159 12219 V Robocol : received command: CMD_RUN_OP_MODE(10843) $Stop$Robot$
12-15 10:47:04.609 12159 12235 V Robocol : sending CMD_NOTIFY_RUN_OP_MODE(939), attempt: 0
12-15 10:47:06.315 12159 12219 V Robocol : received command: CMD_SET_MATCH_NUMBER(10892) 0
12-15 10:47:06.318 12159 12219 V Robocol : received command: CMD_INIT_OP_MODE(10893) Arm Toss Test
12-15 10:47:06.331 12159 12218 I RobotCore: ******************** START - OPMODE Arm Toss Test ********************
12-15 10:47:06.332 12159 12228 I RobotCore: Attempting to switch to op mode Arm Toss Test
12-15 10:47:06.457 12159 12228 W LynxPwmOutputController: LynxSetPWMEnableCommand not implemented by lynx hw; ignoring
12-15 10:47:06.462 12159 12228 W LynxPwmOutputController: LynxSetPWMConfigurationCommand not implemented by lynx hw; ignoring
12-15 10:47:06.466 12159 12228 W LynxPwmOutputController: LynxSetPWMEnableCommand not implemented by lynx hw; ignoring
12-15 10:47:06.471 12159 12228 W LynxPwmOutputController: LynxSetPWMConfigurationCommand not implemented by lynx hw; ignoring
12-15 10:47:06.475 12159 12228 W LynxPwmOutputController: LynxSetPWMEnableCommand not implemented by lynx hw; ignoring
12-15 10:47:06.478 12159 12228 W LynxPwmOutputController: LynxSetPWMConfigurationCommand not implemented by lynx hw; ignoring
12-15 10:47:06.483 12159 12228 W LynxPwmOutputController: LynxSetPWMEnableCommand not implemented by lynx hw; ignoring
12-15 10:47:06.487 12159 12228 W LynxPwmOutputController: LynxSetPWMConfigurationCommand not implemented by lynx hw; ignoring
12-15 10:47:06.494 12159 12263 V RobotCore: thread: 'LinearOpMode main' starting...
12-15 10:47:06.529 12159 12235 V Robocol : sending CMD_NOTIFY_INIT_OP_MODE(997), attempt: 0
12-15 10:47:07.875 12159 12219 V Robocol : received command: CMD_RUN_OP_MODE(10916) Arm Toss Test
12-15 10:47:07.889 12159 12235 V Robocol : sending CMD_NOTIFY_RUN_OP_MODE(1015), attempt: 0
12-15 10:47:50.871 12159 12220 E BulkPacketInWorker: DQ2EV50L: bulkTransfer() error: -1
12-15 10:47:50.878 12159 12159 V FtDeviceManager: ACTION_USB_DEVICE_DETACHED: /dev/bus/usb/001/002
12-15 10:47:50.879 12159 12159 V FtDevice: vv********************DQ2EV50L closing********************vv 0x0f55c591
12-15 10:47:50.879 12159 12159 V FtDevice: DQ2EV50L stopping thread readBufferManager
12-15 10:47:50.879 12159 12221 V FtDevice: DQ2EV50L thread readBufferManager is stopped
12-15 10:47:50.880 12159 12159 V FtDevice: DQ2EV50L stopping thread bulkPacketInWorker
12-15 10:47:50.880 12159 12220 V FtDevice: DQ2EV50L thread bulkPacketInWorker is stopped
12-15 10:47:50.878 12223 12223 W com.qualcomm.ftcrobotcontroller: type=1400 audit(0.0:7521): avc: denied { search } for uid=10122 comm=6C796E7820696E636F6D696E672064 name="usb" dev="tmpfs" ino=9244 scontext=u:r:untrusted_app:s0:c512,c768 tcontext=u:object_r:usb_device:s0 tclass=dir permissive=0
12-15 10:47:50.880 12159 12159 V MonitoredUsbDeviceConnection: closing UsbDeviceConnection(DQ2EV50L)
12-15 10:47:50.881 12159 12159 D UsbDeviceConnectionJNI: close
12-15 10:47:50.881 12159 12223 V LynxUsb : device closed in incoming datagram loop
12-15 10:47:50.881 12159 12159 V FtDevice: ^^********************DQ2EV50L closed ********************^^
12-15 10:47:50.883 12159 12223 V RobotUsbDeviceFtdi: closing DQ2EV50L
12-15 10:47:50.883 12159 12223 V RobotCore: thread: ...terminating 'lynx incoming datagrams'
12-15 10:47:50.884 12159 12228 D RobotCore: system telemetry: key=$System$Warning$ msg="REV Robotics USB Expansion Hub Portal [DQ2EV50L] detached"
12-15 10:47:50.885 12159 12228 V RobotCore: event loop: device has shutdown abnormally: ABNORMAL
12-15 10:47:50.885 12159 12228 V EventLoopManager: event loop: detaching device DQ2EV50L
12-15 10:47:50.886 12159 12228 I FtcEventLoop: vv===== MODULE DETACH RECOVERY: disarm REV Robotics USB Expansion Hub Portal [DQ2EV50L]=====vv
12-15 10:47:50.887 12159 12228 V LynxUsb : disarmDevice() serial=DQ2EV50L...
12-15 10:47:50.887 12159 12228 V LynxUsb : shutting down incoming datagrams
12-15 10:47:50.891 12159 12228 V RobotUsbDeviceFtdi: closing DQ2EV50L
12-15 10:47:50.891 12159 12228 V LynxUsb : ...done disarmDevice()
12-15 10:47:50.892 12159 12263 E RobotCore: lynx xmit lock: #### releasing ownerless message keyed lock: ignored: LynxGetMotorEncoderPositionCommand
12-15 10:47:50.895 12159 12228 I FtcEventLoop: ======= MODULE DETACH RECOVERY: pretend REV Robotics USB Expansion Hub Portal [DQ2EV50L]=======
12-15 10:47:50.923 12159 12227 V SoundInfo: construct(0x01f09149)
12-15 10:47:50.957 12159 12226 D ExtendedUtils: extended extractor not needed, return default
12-15 10:47:50.960 12159 12226 I MediaCodec: (0xb905b250) init name(audio/raw) isType(1) encoder(0)
12-15 10:47:50.965 12159 12267 E OMXMaster: A component of name 'OMX.qcom.audio.decoder.aac' already exists, ignoring this one.
12-15 10:47:50.967 12159 12267 I MediaCodec: (0xb905b250) Component Allocated (OMX.google.raw.decoder)
12-15 10:47:50.967 12159 12226 I MediaCodec: (0xb905b250) configure surface(0x0) crypto(0x0) flags(0)
12-15 10:47:50.967 12159 12226 D MediaCodec: (0xb905b250) configure format: AMessage(what = 0x00000000) = {
12-15 10:47:50.967 12159 12226 D MediaCodec:    string mime = "audio/raw"
12-15 10:47:50.967 12159 12226 D MediaCodec:    int64_t durationUs = 1043650
12-15 10:47:50.967 12159 12226 D MediaCodec:    int32_t channel-count = 2
12-15 10:47:50.967 12159 12226 D MediaCodec:    int32_t sample-rate = 44100
12-15 10:47:50.967 12159 12226 D MediaCodec:    int32_t channel-mask = 0
12-15 10:47:50.967 12159 12226 D MediaCodec:  }
12-15 10:47:50.968 12159 12226 I MediaCodec: (0xb905b250) start
12-15 10:47:50.971 12159 12267 I MediaCodec: (0xb905b250) input buffers allocated
12-15 10:47:50.971 12159 12267 I MediaCodec: (0xb905b250) numBuffers (4)
12-15 10:47:50.971 12159 12267 I MediaCodec: (0xb905b250) output buffers allocated
12-15 10:47:50.971 12159 12267 I MediaCodec: (0xb905b250) numBuffers (4)
12-15 10:47:50.972 12159 12267 I MediaCodec: (0xb905b250) codec output format changed
12-15 10:47:50.972 12159 12267 D MediaCodec: (0xb905b250) output format: AMessage(what = 'codc', target = 10) = {
12-15 10:47:50.972 12159 12267 D MediaCodec:    string mime = "audio/raw"
12-15 10:47:50.972 12159 12267 D MediaCodec:    int32_t channel-count = 2
12-15 10:47:50.972 12159 12267 D MediaCodec:    int32_t sample-rate = 44100
12-15 10:47:50.972 12159 12267 D MediaCodec:    int32_t channel-mask = 0
12-15 10:47:50.972 12159 12267 D MediaCodec:    int32_t what = 1869968451
12-15 10:47:50.972 12159 12267 D MediaCodec:  }
12-15 10:47:50.986 12159 12226 I MediaCodec: (0xb905b250) stop
12-15 10:47:50.988 12159 12226 I MediaCodec: (0xb905b250) release
12-15 10:47:50.992 12159 12178 D SoundPlayer: onLoadComplete(samp=3|ms=1044, samp=3)=0
12-15 10:47:50.993 12159 12227 W AudioTrack: AUDIO_OUTPUT_FLAG_FAST denied by client; transfer 4, track 44100 Hz, output 48000 Hz
12-15 10:47:50.997 12159 12227 D SoundPlayer: playing volume=1.000000 samp=3|ms=1044
12-15 10:47:51.008 12159 12235 V Robocol : sending CMD_PLAY_SOUND(1798), attempt: 0
12-15 10:47:51.145 12159 12263 V RobotCore: timeout: abandoning waiting 250ms for response: cmd=LynxGetMotorEncoderPositionCommand mod=2 msg#=0
12-15 10:47:51.146 12159 12263 V RobotCore: nack rec'd mod=2 msg#=0 ref#=0 reason=ABANDONED_WAITING_FOR_RESPONSE:256
12-15 10:47:51.146 12159 12263 W LynxMotor: LynxGetMotorEncoderPositionCommand was abandoned waiting for response
12-15 10:47:51.147 12159 12228 V LynxUsb : doPretend() serial=DQ2EV50L
12-15 10:47:51.147 12159 12228 I FtcEventLoop: ^^===== MODULE DETACH RECOVERY: complete REV Robotics USB Expansion Hub Portal [DQ2EV50L]=====^^
12-15 10:47:52.474 12159 12219 V Robocol : received command: CMD_INIT_OP_MODE(11681) $Stop$Robot$
12-15 10:47:52.476 12159 12218 I RobotCore: ******************** STOP - OPMODE /storage/emulated/0/FIRST/matchlogs/Match-0-Arm_Toss_Test.txt ********************
12-15 10:47:52.478 12159 12273 I RobotCore: saving match logcat to /storage/emulated/0/FIRST/matchlogs/Match-0-Arm_Toss_Test.txt
12-15 10:47:52.478 12159 12273 I RobotCore: logging command line: exec logcat -d -T '12-15 10:47:6.000' -f /storage/emulated/0/FIRST/matchlogs/Match-0-Arm_Toss_Test.txt -n4 -v threadtime UsbRequestJNI:S UsbRequest:S art:W ThreadPool:W System:W ExtendedExtractor:W OMXClient:W MediaPlayer:W dalvikvm:W  *:V
12-15 10:47:52.490 12159 12263 V RobotCore: thread: ...terminating 'LinearOpMode main'
12-15 10:47:52.490 12159 12228 I RobotCore: Attempting to switch to op mode $Stop$Robot$
12-15 10:47:52.528 12159 12235 V Robocol : sending CMD_NOTIFY_INIT_OP_MODE(1828), attempt: 0
12-15 10:47:52.537 12159 12273 I RobotCore: Done running exec logcat -d -T '12-15 10:47:6.000' -f /storage/emulated/0/FIRST/matchlogs/Match-0-Arm_Toss_Test.txt -n4 -v threadtime UsbRequestJNI:S UsbRequest:S art:W ThreadPool:W System:W ExtendedExtractor:W OMXClient:W MediaPlayer:W dalvikvm:W  *:V
12-15 10:47:52.538 12159 12273 I RobotCore: exiting match logcat for /storage/emulated/0/FIRST/matchlogs/Match-0-Arm_Toss_Test.txt
12-15 10:47:52.556 12159 12219 V Robocol : received command: CMD_RUN_OP_MODE(11687) $Stop$Robot$
12-15 10:47:52.569 12159 12235 V Robocol : sending CMD_NOTIFY_RUN_OP_MODE(1834), attempt: 0
12-15 10:48:31.584 12746 12746 V AppUtil : initializing: getExternalStorageDirectory()=/storage/emulated/0
12-15 10:48:31.593 12746 12746 V ServiceStarter: attempting to start service MediaTransferProtocolMonitorService
12-15 10:48:31.595 12746 12746 V ServiceStarter: started service MediaTransferProtocolMonitorService
12-15 10:48:31.596 12746 12746 V ServiceStarter: attempting to start service OnBotJavaService
12-15 10:48:31.597 12746 12762 V RobotCore: saving logcat to /storage/emulated/0/robotControllerLog.txt
12-15 10:48:31.597 12746 12762 V RobotCore: logging command line: exec logcat -f /storage/emulated/0/robotControllerLog.txt -r4096 -n4 -v threadtime UsbRequestJNI:S UsbRequest:S art:W ThreadPool:W System:W ExtendedExtractor:W OMXClient:W MediaPlayer:W dalvikvm:W  *:V
12-15 10:48:31.597 12746 12746 V ServiceStarter: started service OnBotJavaService
12-15 10:48:31.614 12746 12746 V AppUtil : rootActivity=FtcRobotControllerActivity
12-15 10:48:31.614 12746 12746 V RCActivity: onCreate()
12-15 10:48:31.625 12746 12746 V RCActivity: rootActivity is of class FtcRobotControllerActivity
12-15 10:48:31.640 12746 12767 V CallbackLooper: thread=986
12-15 10:48:31.645 12746 12746 V NetDiscover_wifiDirectAgent: doStart()...
12-15 10:48:31.650 12746 12767 V NetDiscover_wifiDirectAgent_bcast: wifiP2pEnabled=true
12-15 10:48:31.658 12746 12746 V NetDiscover_wifiDirectAgent: ...doStart()
12-15 10:48:31.651 12764 12764 W ps      : type=1400 audit(0.0:8032): avc: denied { getattr } for uid=10122 path="/proc/1" dev="proc" ino=62983 scontext=u:r:untrusted_app:s0:c512,c768 tcontext=u:r:init:s0 tclass=dir permissive=0
12-15 10:48:31.654 12764 12764 W ps      : type=1400 audit(0.0:8033): avc: denied { search } for uid=10122 name="1" dev="proc" ino=62983 scontext=u:r:untrusted_app:s0:c512,c768 tcontext=u:r:init:s0 tclass=dir permissive=0
12-15 10:48:31.654 12764 12764 W ps      : type=1400 audit(0.0:8034): avc: denied { search } for uid=10122 name="1" dev="proc" ino=62983 scontext=u:r:untrusted_app:s0:c512,c768 tcontext=u:r:init:s0 tclass=dir permissive=0
12-15 10:48:31.654 12764 12764 W ps      : type=1400 audit(0.0:8035): avc: denied { getattr } for uid=10122 path="/proc/2" dev="proc" ino=62984 scontext=u:r:untrusted_app:s0:c512,c768 tcontext=u:r:kernel:s0 tclass=dir permissive=0
12-15 10:48:31.654 12764 12764 W ps      : type=1400 audit(0.0:8036): avc: denied { search } for uid=10122 name="2" dev="proc" ino=62984 scontext=u:r:untrusted_app:s0:c512,c768 tcontext=u:r:kernel:s0 tclass=dir permissive=0
12-15 10:48:31.654 12764 12764 W ps      : type=1400 audit(0.0:8037): avc: denied { search } for uid=10122 name="2" dev="proc" ino=62984 scontext=u:r:untrusted_app:s0:c512,c768 tcontext=u:r:kernel:s0 tclass=dir permissive=0
12-15 10:48:31.654 12764 12764 W ps      : type=1400 audit(0.0:8038): avc: denied { getattr } for uid=10122 path="/proc/3" dev="proc" ino=62985 scontext=u:r:untrusted_app:s0:c512,c768 tcontext=u:r:kernel:s0 tclass=dir permissive=0
12-15 10:48:31.662 12746 12767 D NetDiscover_wifiDirectAgent_bcast: connection changed: networkInfo.state=CONNECTED
12-15 10:48:31.662 12746 12767 V NetDiscover_wifiDirectAgent_bcast: NetworkInfo: [type: WIFI_P2P[], state: CONNECTED/CONNECTED, reason: (unspecified), extra: (none), roaming: false, failover: false, isAvailable: true]
12-15 10:48:31.662 12746 12767 V NetDiscover_wifiDirectAgent_bcast: WifiP2pInfo: groupFormed: true isGroupOwner: true operatingChannel: 2462 groupOwnerAddress: /192.168.49.1 mccMode: false
12-15 10:48:31.662 12746 12767 V NetDiscover_wifiDirectAgent_bcast: WifiP2pGroup: network: DIRECT-nl-11639-RC, isGO: true, Operating Channel: 2462, GO: Device: , deviceAddress: 68:c4:4d:3f:92:e8, primary type: null, secondary type: null, wps: 0, grpcapab: 0, devcapab: 0, status: 4, wfdInfo: WFD enabled: falseWFD DeviceInfo: 0, WFD CtrlPort: 0, WFD MaxThroughput: 0, level: 0, Client: Device: 11639-DS, deviceAddress: cc:61:e5:0e:f0:ac, primary type: 10-0050F204-5, secondary type: null, wps: 392, grpcapab: 0, devcapab: 33, status: 0, wfdInfo: null, level: 60, interface: p2p0, networkId: 0, mGoOperFreq: 2462
12-15 10:48:31.663 12746 12767 V NetDiscover_wifiDirectAgent_bcast: this device changed: Device=11639-RC deviceAddress=68:c4:4d:3f:92:e8 primary type=10-0050F204-5 secondary type=null wps=0 grpcapab=0 devcapab=0 status=0 wfdInfo=WFD enabled=falseWFD DeviceInfo=0 WFD CtrlPort=0 WFD MaxThroughput=0 level=0
12-15 10:48:31.663 12746 12767 V NetDiscover_wifiDirectAgent_bcast: p2p discoverPeers()=false
12-15 10:48:31.663 12746 12767 V NetDiscover_wifiDirectAgent_bcast: wifi direct remembered groups cleared
12-15 10:48:31.665 12746 12746 V NetDiscover_name: doStart()...
12-15 10:48:31.665 12746 12746 V NetDiscover_name: ...doStart()
12-15 10:48:31.666 12746 12746 V NetDiscover_prefremrc: ----- all preferences -----
12-15 10:48:31.666 12746 12746 V NetDiscover_prefremrc: name='pref_wifip2p_groupowner_connectedto' value=
12-15 10:48:31.666 12746 12746 V NetDiscover_prefremrc: name='App Restrictions' value=AAAAAA==
12-15 10:48:31.666 12746 12746 V NetDiscover_prefremrc:     
12-15 10:48:31.666 12746 12746 V NetDiscover_prefremrc: name='pref_has_speaker' value=true
12-15 10:48:31.666 12746 12746 V NetDiscover_prefremrc: name='variations_seed_native_stored' value=true
12-15 10:48:31.666 12746 12767 V NetDiscover_wifiDirectAgent_bcast: wifiState=ENABLED
12-15 10:48:31.666 12746 12746 V NetDiscover_prefremrc: name='pref_pairing_kind' value=WIFIDIRECT
12-15 10:48:31.666 12746 12746 V NetDiscover_prefremrc: name='pref_has_independent_phone_battery' value=true
12-15 10:48:31.666 12746 12746 V NetDiscover_prefremrc: name='pref_app_theme' value=red
12-15 10:48:31.666 12746 12746 V NetDiscover_prefremrc: name='pref_wifip2p_remote_channel_change_works' value=true
12-15 10:48:31.666 12746 12746 V NetDiscover_prefremrc: name='pref_hardware_config_filename' value={"isDirty":false,"location":"LOCAL_STORAGE","name":"stuff","resourceId":0}
12-15 10:48:31.666 12746 12746 V NetDiscover_prefremrc: name='pref_device_name' value=11639-RC
12-15 10:48:31.666 12746 12746 V NetDiscover_prefremrc: name='pref_device_name_old' value=11639-RC
12-15 10:48:31.666 12746 12746 V NetDiscover_prefremrc: name='pref_network_connection_type' value=WIFIDIRECT
12-15 10:48:31.666 12746 12746 V NetDiscover_prefremrc: name='pref_device_name_tracking' value=WIFIDIRECT
12-15 10:48:31.666 12746 12746 V NetDiscover_prefremrc: name='pref_wifip2p_channel' value=11
12-15 10:48:31.666 12746 12746 V NetDiscover_prefremrc: name='pref_sound_on_off' value=true
12-15 10:48:31.666 12746 12746 V NetDiscover_prefremrc: name='pref_rc_connected' value=true
12-15 10:48:31.654 12764 12764 W ps      : type=1400 audit(0.0:8039): avc: denied { search } for uid=10122 name="3" dev="proc" ino=62985 scontext=u:r:untrusted_app:s0:c512,c768 tcontext=u:r:kernel:s0 tclass=dir permissive=0
12-15 10:48:31.654 12764 12764 W ps      : type=1400 audit(0.0:8040): avc: denied { search } for uid=10122 name="3" dev="proc" ino=62985 scontext=u:r:untrusted_app:s0:c512,c768 tcontext=u:r:kernel:s0 tclass=dir permissive=0
12-15 10:48:31.654 12764 12764 W ps      : type=1400 audit(0.0:8041): avc: denied { getattr } for uid=10122 path="/proc/5" dev="proc" ino=62986 scontext=u:r:untrusted_app:s0:c512,c768 tcontext=u:r:kernel:s0 tclass=dir permissive=0
12-15 10:48:31.654 12764 12764 W ps      : type=1400 audit(0.0:8042): avc: denied { search } for uid=10122 name="5" dev="proc" ino=62986 scontext=u:r:untrusted_app:s0:c512,c768 tcontext=u:r:kernel:s0 tclass=dir permissive=0
12-15 10:48:31.654 12764 12764 W ps      : type=1400 audit(0.0:8043): avc: denied { search } for uid=10122 name="5" dev="proc" ino=62986 scontext=u:r:untrusted_app:s0:c512,c768 tcontext=u:r:kernel:s0 tclass=dir permissive=0
12-15 10:48:31.654 12764 12764 W ps      : type=1400 audit(0.0:8044): avc: denied { getattr } for uid=10122 path="/proc/6" dev="proc" ino=62987 scontext=u:r:untrusted_app:s0:c512,c768 tcontext=u:r:kernel:s0 tclass=dir permissive=0
12-15 10:48:31.654 12764 12764 W ps      : type=1400 audit(0.0:8045): avc: denied { search } for uid=10122 name="6" dev="proc" ino=62987 scontext=u:r:untrusted_app:s0:c512,c768 tcontext=u:r:kernel:s0 tclass=dir permissive=0
12-15 10:48:31.654 12764 12764 W ps      : type=1400 audit(0.0:8046): avc: denied { search } for uid=10122 name="6" dev="proc" ino=62987 scontext=u:r:untrusted_app:s0:c512,c768 tcontext=u:r:kernel:s0 tclass=dir permissive=0
12-15 10:48:31.654 12764 12764 W ps      : type=1400 audit(0.0:8047): avc: denied { getattr } for uid=10122 path="/proc/7" dev="proc" ino=62988 scontext=u:r:untrusted_app:s0:c512,c768 tcontext=u:r:kernel:s0 tclass=dir permissive=0
12-15 10:48:31.654 12764 12764 W ps      : type=1400 audit(0.0:8048): avc: denied { search } for uid=10122 name="7" dev="proc" ino=62988 scontext=u:r:untrusted_app:s0:c512,c768 tcontext=u:r:kernel:s0 tclass=dir permissive=0
12-15 10:48:31.654 12764 12764 W ps      : type=1400 audit(0.0:8049): avc: denied { search } for uid=10122 name="7" dev="proc" ino=62988 scontext=u:r:untrusted_app:s0:c512,c768 tcontext=u:r:kernel:s0 tclass=dir permissive=0
12-15 10:48:31.667 12746 12746 V NetDiscover_prefremrc: doStart()...
12-15 10:48:31.667 12746 12746 V NetDiscover_prefremrc: ...doStart()
12-15 10:48:31.668 12746 12767 V NetDiscover_wifiDirectAgent: found persistent group: DIRECT-nl-11639-RC
12-15 10:48:31.654 12764 12764 W ps      : type=1400 audit(0.0:8050): avc: denied { getattr } for uid=10122 path="/proc/8" dev="proc" ino=62989 scontext=u:r:untrusted_app:s0:c512,c768 tcontext=u:r:kernel:s0 tclass=dir permissive=0
12-15 10:48:31.654 12764 12764 W ps      : type=1400 audit(0.0:8051): avc: denied { search } for uid=10122 name="8" dev="proc" ino=62989 scontext=u:r:untrusted_app:s0:c512,c768 tcontext=u:r:kernel:s0 tclass=dir permissive=0
12-15 10:48:31.690 12746 12762 I RobotCore: Done running ps
12-15 10:48:31.721 12746 12746 I WebViewFactory: Loading com.google.android.webview version 70.0.3538.80 (code 353808000)
12-15 10:48:31.845 12746 12746 I cr_LibraryLoader: Time to load native libraries: 11 ms (timestamps 3546-3557)
12-15 10:48:31.883 12746 12746 I chromium: [INFO:library_loader_hooks.cc(36)] Chromium logging enabled: level = 0, default verbosity = 0
12-15 10:48:31.883 12746 12746 I cr_LibraryLoader: Expected native library version number "70.0.3538.80", actual native library version number "70.0.3538.80"
12-15 10:48:31.923 12746 12746 I cr_BrowserStartup: Initializing chromium process, singleProcess=true
12-15 10:48:32.101 12746 12746 V OnBotJava: OnBotJavaManager::static
12-15 10:48:32.390 12746 12746 V OnBotJava: getCurrentOutputJarDir() unavailable
12-15 10:48:32.391 12746 12746 V OnBotJava: getCurrentOutputJarDir() unavailable
12-15 10:48:35.079 12746 12746 V UpdateUI: Network: inactive, disconnected
12-15 10:48:35.079 12746 12746 V ServiceStarter: attempting to start service FtcRobotControllerWatchdogService
12-15 10:48:35.081 12746 12746 V ServiceStarter: started service FtcRobotControllerWatchdogService
12-15 10:48:35.087 12746 12746 V RobotCore: BuildConfig: versionCode=31 versionName=4.3 module=com.qualcomm.ftcrobotcontroller
12-15 10:48:35.087 12746 12746 V RobotCore: BuildConfig: versionCode=55 versionName=8.9 module=com.qualcomm.robotcore
