12-15 10:52:34.637 13582 13582 V NetDiscover_prefremrc: name='pref_network_connection_type' value=WIFIDIRECT
12-15 10:52:34.637 13582 13582 V NetDiscover_prefremrc: name='pref_device_name_tracking' value=WIFIDIRECT
12-15 10:52:34.637 13582 13603 D NetDiscover_wifiDirectAgent_bcast: connection changed: networkInfo.state=CONNECTED
12-15 10:52:34.637 13582 13582 V NetDiscover_prefremrc: name='pref_wifip2p_channel' value=11
12-15 10:52:34.637 13582 13582 V NetDiscover_prefremrc: name='pref_sound_on_off' value=true
12-15 10:52:34.637 13582 13582 V NetDiscover_prefremrc: name='pref_rc_connected' value=true
12-15 10:52:34.637 13582 13603 V NetDiscover_wifiDirectAgent_bcast: NetworkInfo: [type: WIFI_P2P[], state: CONNECTED/CONNECTED, reason: (unspecified), extra: (none), roaming: false, failover: false, isAvailable: true]
12-15 10:52:34.637 13582 13603 V NetDiscover_wifiDirectAgent_bcast: WifiP2pInfo: groupFormed: true isGroupOwner: true operatingChannel: 2462 groupOwnerAddress: /192.168.49.1 mccMode: false
12-15 10:52:34.637 13582 13582 V NetDiscover_prefremrc: doStart()...
12-15 10:52:34.637 13582 13582 V NetDiscover_prefremrc: ...doStart()
12-15 10:52:34.638 13582 13603 V NetDiscover_wifiDirectAgent_bcast: WifiP2pGroup: network: DIRECT-nl-11639-RC, isGO: true, Operating Channel: 2462, GO: Device: , deviceAddress: 68:c4:4d:3f:92:e8, primary type: null, secondary type: null, wps: 0, grpcapab: 0, devcapab: 0, status: 4, wfdInfo: WFD enabled: falseWFD DeviceInfo: 0, WFD CtrlPort: 0, WFD MaxThroughput: 0, level: 0, Client: Device: 11639-DS, deviceAddress: cc:61:e5:0e:f0:ac, primary type: 10-0050F204-5, secondary type: null, wps: 392, grpcapab: 0, devcapab: 33, status: 0, wfdInfo: null, level: 60, interface: p2p0, networkId: 0, mGoOperFreq: 2462
12-15 10:52:34.638 13582 13603 V NetDiscover_wifiDirectAgent_bcast: this device changed: Device=11639-RC deviceAddress=68:c4:4d:3f:92:e8 primary type=10-0050F204-5 secondary type=null wps=0 grpcapab=0 devcapab=0 status=0 wfdInfo=WFD enabled=falseWFD DeviceInfo=0 WFD CtrlPort=0 WFD MaxThroughput=0 level=0
12-15 10:52:34.638 13582 13603 V NetDiscover_name: remembering wifiDirectName: 11639-RC...
12-15 10:52:34.638 13582 13603 V NetDiscover_name: wifiDirectName=11639-RC
12-15 10:52:34.639 13582 13603 V NetDiscover_name: ...remembering wifiDirectName
12-15 10:52:34.639 13582 13603 V NetDiscover_wifiDirectAgent_bcast: p2p discoverPeers()=false
12-15 10:52:34.639 13582 13603 V NetDiscover_wifiDirectAgent_bcast: wifi direct remembered groups cleared
12-15 10:52:34.643 13582 13603 V NetDiscover_wifiDirectAgent_bcast: wifiState=ENABLED
12-15 10:52:34.643 13582 13603 V NetDiscover_wifiDirectAgent: found persistent group: DIRECT-nl-11639-RC
12-15 10:52:34.649 13582 13597 I RobotCore: Done running ps
12-15 10:52:34.688 13582 13582 I WebViewFactory: Loading com.google.android.webview version 70.0.3538.80 (code 353808000)
12-15 10:52:34.768 13582 13582 I cr_LibraryLoader: Time to load native libraries: 7 ms (timestamps 6473-6480)
12-15 10:52:34.801 13582 13582 I chromium: [INFO:library_loader_hooks.cc(36)] Chromium logging enabled: level = 0, default verbosity = 0
12-15 10:52:34.801 13582 13582 I cr_LibraryLoader: Expected native library version number "70.0.3538.80", actual native library version number "70.0.3538.80"
12-15 10:52:34.834 13582 13582 I cr_BrowserStartup: Initializing chromium process, singleProcess=true
12-15 10:52:35.018 13582 13582 V OnBotJava: OnBotJavaManager::static
12-15 10:52:35.312 13582 13582 V OnBotJava: getCurrentOutputJarDir() unavailable
12-15 10:52:35.312 13582 13582 V OnBotJava: getCurrentOutputJarDir() unavailable
12-15 10:52:37.793 13582 13582 V UpdateUI: Network: inactive, disconnected
12-15 10:52:37.794 13582 13582 V ServiceStarter: attempting to start service FtcRobotControllerWatchdogService
12-15 10:52:37.795 13582 13582 V ServiceStarter: started service FtcRobotControllerWatchdogService
12-15 10:52:37.801 13582 13582 V RobotCore: BuildConfig: versionCode=31 versionName=4.3 module=com.qualcomm.ftcrobotcontroller
12-15 10:52:37.802 13582 13582 V RobotCore: BuildConfig: versionCode=55 versionName=8.9 module=com.qualcomm.robotcore
12-15 10:52:37.802 13582 13582 V RobotCore: BuildConfig: versionCode=55 versionName=8.9 module=com.qualcomm.hardware
12-15 10:52:37.802 13582 13582 V RobotCore: BuildConfig: versionCode=55 versionName=8.9 module=com.qualcomm.ftccommon
12-15 10:52:37.802 13582 13582 V RobotCore: BuildConfig: versionCode=55 versionName=8.9 module=com.google.blocks
12-15 10:52:37.802 13582 13582 V RobotCore: BuildConfig: versionCode=55 versionName=8.9 module=org.firstinspires.inspection
12-15 10:52:37.802 13582 13582 I RCActivity: 410c serial number: ZY223K6373
12-15 10:52:37.802 13582 13582 I RobotCore: Android Device: maker=motorola model=XT1609 sdk=23
12-15 10:52:37.803 13582 13582 V RCActivity: onStart()
12-15 10:52:37.804 13582 13582 V RCActivity: onResume()
12-15 10:52:37.814 13582 13816 D OpenGLRenderer: Use EGL_SWAP_BEHAVIOR_PRESERVED: true
12-15 10:52:37.865 13582 13582 V MTPMonitorService: onCreate()
12-15 10:52:37.866 13582 13582 V MTPMonitorService: onStartCommand() intent=Intent { cmp=com.qualcomm.ftcrobotcontroller/org.firstinspires.ftc.robotcore.internal.files.MediaTransferProtocolMonitorService } flags=0x0 startId=1
12-15 10:52:37.866 13582 13582 V MTPMonitor: observing: /storage/emulated/0
12-15 10:52:37.869 13582 13582 W FileObserverManager: upgrading mask: path=/storage/emulated/0/FIRST/blocks old=0x00000ffc new=0x00004ffc: might possibly miss event
12-15 10:52:37.874 13582 13582 W FileObserverManager: upgrading mask: path=/storage/emulated/0/FIRST/java/status old=0x00000ffc new=0x00004ffc: might possibly miss event
12-15 10:52:37.896 13582 13582 V OnBotJavaService: onCreate()
12-15 10:52:37.896 13582 13582 V OnBotJavaService: onStartCommand() intent=Intent { cmp=com.qualcomm.ftcrobotcontroller/org.firstinspires.ftc.robotcore.internal.opmode.OnBotJavaService } flags=0x0 startId=1
12-15 10:52:37.896 13582 13582 V OnBotJava: ctor()...
12-15 10:52:37.899 13582 13582 V OnBotJava: ...ctor()
12-15 10:52:37.902 13582 13582 V FtcRobotControllerWatchdogService: onCreate()
12-15 10:52:37.902 13582 13582 V FtcRobotControllerWatchdogService: onStartCommand() intent=Intent { cmp=com.qualcomm.ftcrobotcontroller/org.firstinspires.ftc.ftccommon.internal.FtcRobotControllerWatchdogService } flags=0x0 startId=1
12-15 10:52:37.903 13582 13582 V FtcRobotControllerWatchdogService: shouldAutoLauchRobotController() result=false
12-15 10:52:37.903 13582 13582 V FTCService: onCreate()
12-15 10:52:37.904 13582 13582 V FTCService: onBind()
12-15 10:52:37.906 13582 13582 V WebServer: creating NanoHTTPD(8080)
12-15 10:52:37.918 13582 13582 V RobotCore: Getting network assistant of type: WIFIDIRECT
12-15 10:52:37.921 13582 13582 V NetDiscover_prefremrc: onSharedPreferenceChanged(name=pref_wifip2p_groupowner_connectedto, value=null)
12-15 10:52:37.921 13582 13582 V WifiDirect: There are 1 Wifi Direct Assistant Clients (+)
12-15 10:52:37.921 13582 13582 V WifiDirect: Enabling Wifi Direct Assistant
12-15 10:52:37.922 13582 13582 V WifiDirectInviteMonitor: startMonitoring()
12-15 10:52:37.924 13582 13603 V NetDiscover_wifiDirectAgent_bcast: wifiP2pEnabled=true
12-15 10:52:37.925 13582 13603 D NetDiscover_wifiDirectAgent_bcast: connection changed: networkInfo.state=CONNECTED
12-15 10:52:37.925 13582 13603 V NetDiscover_wifiDirectAgent_bcast: NetworkInfo: [type: WIFI_P2P[], state: CONNECTED/CONNECTED, reason: (unspecified), extra: (none), roaming: false, failover: false, isAvailable: true]
12-15 10:52:37.925 13582 13603 V NetDiscover_wifiDirectAgent_bcast: WifiP2pInfo: groupFormed: true isGroupOwner: true operatingChannel: 2462 groupOwnerAddress: /192.168.49.1 mccMode: false
12-15 10:52:37.926 13582 13603 V NetDiscover_wifiDirectAgent_bcast: WifiP2pGroup: network: DIRECT-nl-11639-RC, isGO: true, Operating Channel: 2462, GO: Device: , deviceAddress: 68:c4:4d:3f:92:e8, primary type: null, secondary type: null, wps: 0, grpcapab: 0, devcapab: 0, status: 4, wfdInfo: WFD enabled: falseWFD DeviceInfo: 0, WFD CtrlPort: 0, WFD MaxThroughput: 0, level: 0, Client: Device: 11639-DS, deviceAddress: cc:61:e5:0e:f0:ac, primary type: 10-0050F204-5, secondary type: null, wps: 392, grpcapab: 0, devcapab: 33, status: 0, wfdInfo: null, level: 60, interface: p2p0, networkId: 0, mGoOperFreq: 2462
12-15 10:52:37.926 13582 13603 V NetDiscover_wifiDirectAgent_bcast: this device changed: Device=11639-RC deviceAddress=68:c4:4d:3f:92:e8 primary type=10-0050F204-5 secondary type=null wps=0 grpcapab=0 devcapab=0 status=0 wfdInfo=WFD enabled=falseWFD DeviceInfo=0 WFD CtrlPort=0 WFD MaxThroughput=0 level=0
12-15 10:52:37.926 13582 13603 V NetDiscover_name: remembering wifiDirectName: 11639-RC...
12-15 10:52:37.926 13582 13603 V NetDiscover_name: ...remembering wifiDirectName
12-15 10:52:37.926 13582 13603 V NetDiscover_wifiDirectAgent_bcast: p2p discoverPeers()=false
12-15 10:52:37.927 13582 13603 V NetDiscover_wifiDirectAgent_bcast: wifi direct remembered groups cleared
12-15 10:52:37.927 13582 13603 V NetDiscover_wifiDirectAgent_bcast: wifiState=ENABLED
12-15 10:52:37.961 13582 13816 I Adreno-EGL: <qeglDrvAPI_eglInitialize:379>: EGL 1.4 QUALCOMM build:  (Ifd751822f5)
12-15 10:52:37.961 13582 13816 I Adreno-EGL: OpenGL ES Shader Compiler Version: XE031.06.00.05
12-15 10:52:37.961 13582 13816 I Adreno-EGL: Build Date: 01/26/16 Tue
12-15 10:52:37.961 13582 13816 I Adreno-EGL: Local Branch: AU12_SBA
12-15 10:52:37.961 13582 13816 I Adreno-EGL: Remote Branch: 
12-15 10:52:37.961 13582 13816 I Adreno-EGL: Local Patches: 
12-15 10:52:37.961 13582 13816 I Adreno-EGL: Reconstruct Branch: 
12-15 10:52:37.968 13582 13816 I OpenGLRenderer: Initialized EGL, version 1.4
12-15 10:52:37.984 13582 13582 D WifiDirect: broadcast: state - enabled: true
12-15 10:52:37.984 13582 13582 D WifiDirect: broadcast: connection changed: connectStatus=NOT_CONNECTED networkInfo.state=CONNECTED
12-15 10:52:37.985 13582 13582 V WifiDirect: writing pref name=pref_wifip2p_groupowner_connectedto value=
12-15 10:52:37.985 13582 13582 V NetDiscover_prefremrc: onSharedPreferenceChanged(name=pref_wifip2p_groupowner_connectedto, value=)
12-15 10:52:37.985 13582 13582 D WifiDirect: broadcast: this device changed
12-15 10:52:37.985 13582 13582 V WifiDirect: device information: 11639-RC 68:c4:4d:3f:92:e8
12-15 10:52:37.985 13582 13582 D WifiDirect: cannot create group, does group already exist?
12-15 10:52:37.985 13582 13582 V FTCService: RCActivity.controllerService=bound
12-15 10:52:37.986 13582 13582 V UpdateUI: Network: unknown, disconnected
12-15 10:52:37.986 13582 13582 V RobotCore: Robot Status: stopped
12-15 10:52:37.997 13582 13820 V RobotCore: thread: 'RobotSetupRunnable.run()' starting...
12-15 10:52:37.997 13582 13820 V FTCService: Processing robot setup
12-15 10:52:37.997 13582 13820 V RobotCore: Robot Status: stopped, scanning for USB devices
12-15 10:52:38.108 13582 13582 D WifiDirect: group owners address: /192.168.49.1
12-15 10:52:38.108 13582 13582 D WifiDirect: group formed, this device is the group owner (GO)
12-15 10:52:38.108 13582 13582 I FTCService: onNetworkConnectionEvent: CONNECTED_AS_GROUP_OWNER
12-15 10:52:38.108 13582 13582 I FTCService: Wifi Direct - connected as group owner
12-15 10:52:38.114 13582 13582 V UpdateUI: Network: enabled, disconnected
12-15 10:52:38.140 13582 13582 V WifiDirect: connection information available
12-15 10:52:38.141 13582 13582 V WifiDirect: connection information - groupOwnerName = 11639-RC
12-15 10:52:38.141 13582 13582 V WifiDirect: connection information - groupOwnerMacAddress = 68:c4:4d:3f:92:e8
12-15 10:52:38.141 13582 13582 V WifiDirect: connection information - groupInterface = p2p0
12-15 10:52:38.141 13582 13582 V WifiDirect: connection information - groupNetworkName = DIRECT-nl-11639-RC
12-15 10:52:38.141 13582 13582 I FTCService: onNetworkConnectionEvent: CONNECTION_INFO_AVAILABLE
12-15 10:52:38.141 13582 13582 I FTCService: Network Connection Passphrase: kZTMAspV
12-15 10:52:38.141 13582 13582 V WebServer: starting port=8080
12-15 10:52:38.152 13582 13582 V RobotCore: Getting network assistant of type: WIFIDIRECT
12-15 10:52:38.152 13582 13582 V WifiDirect: There are 2 Wifi Direct Assistant Clients (+)
12-15 10:52:38.154 13582 13582 V WebServer: started port=8080
12-15 10:52:38.154 13582 13582 V UpdateUI: Network: active, disconnected
12-15 10:52:38.154 13582 13603 V NetDiscover_wifiDirectAgent_bcast: wifiP2pEnabled=true
12-15 10:52:38.155 13582 13603 D NetDiscover_wifiDirectAgent_bcast: connection changed: networkInfo.state=CONNECTED
12-15 10:52:38.155 13582 13603 V NetDiscover_wifiDirectAgent_bcast: NetworkInfo: [type: WIFI_P2P[], state: CONNECTED/CONNECTED, reason: (unspecified), extra: (none), roaming: false, failover: false, isAvailable: true]
12-15 10:52:38.156 13582 13603 V NetDiscover_wifiDirectAgent_bcast: WifiP2pInfo: groupFormed: true isGroupOwner: true operatingChannel: 2462 groupOwnerAddress: /192.168.49.1 mccMode: false
12-15 10:52:38.156 13582 13603 V NetDiscover_wifiDirectAgent_bcast: WifiP2pGroup: network: DIRECT-nl-11639-RC, isGO: true, Operating Channel: 2462, GO: Device: , deviceAddress: 68:c4:4d:3f:92:e8, primary type: null, secondary type: null, wps: 0, grpcapab: 0, devcapab: 0, status: 4, wfdInfo: WFD enabled: falseWFD DeviceInfo: 0, WFD CtrlPort: 0, WFD MaxThroughput: 0, level: 0, Client: Device: 11639-DS, deviceAddress: cc:61:e5:0e:f0:ac, primary type: 10-0050F204-5, secondary type: null, wps: 392, grpcapab: 0, devcapab: 33, status: 0, wfdInfo: null, level: 60, interface: p2p0, networkId: 0, mGoOperFreq: 2462
12-15 10:52:38.156 13582 13603 V NetDiscover_wifiDirectAgent_bcast: this device changed: Device=11639-RC deviceAddress=68:c4:4d:3f:92:e8 primary type=10-0050F204-5 secondary type=null wps=0 grpcapab=0 devcapab=0 status=0 wfdInfo=WFD enabled=falseWFD DeviceInfo=0 WFD CtrlPort=0 WFD MaxThroughput=0 level=0
12-15 10:52:38.156 13582 13603 V NetDiscover_name: remembering wifiDirectName: 11639-RC...
12-15 10:52:38.156 13582 13603 V NetDiscover_name: ...remembering wifiDirectName
12-15 10:52:38.157 13582 13603 V NetDiscover_wifiDirectAgent_bcast: p2p discoverPeers()=false
12-15 10:52:38.157 13582 13603 V NetDiscover_wifiDirectAgent_bcast: wifi direct remembered groups cleared
12-15 10:52:38.157 13582 13603 V NetDiscover_wifiDirectAgent_bcast: wifiState=ENABLED
12-15 10:52:38.162 13582 13582 E libEGL  : validate_display:255 error 3008 (EGL_BAD_DISPLAY)
12-15 10:52:42.998 13582 13820 V RobotCore: EventLoopManager state is NOT_STARTED
12-15 10:52:42.998 13582 13820 V RobotCore: Robot Status: stopped, waiting for Wifi to enable
12-15 10:52:43.001 13582 13820 I RobotCore: state = 3
12-15 10:52:43.001 13582 13820 V RobotCore: Robot Status: stopped, waiting for Wifi Direct to enable
12-15 10:52:43.001 13582 13820 V FTCService: Waiting for a connection to a wifi service
12-15 10:52:43.001 13582 13820 V RobotCore: Robot Status: stopped, waiting for network to become active
12-15 10:52:43.001 13582 13820 V WebServer: Asked an already running WebServer to start
12-15 10:52:43.002 13582 13820 V RobotCore: Robot Status: stopped, starting robot
12-15 10:52:43.002 13582 13820 V Robocol : EventLoopManager.start()
12-15 10:52:43.002 13582 13820 V RobotCore: Getting network assistant of type: WIFIDIRECT
12-15 10:52:43.002 13582 13820 V Robocol : Spoofing a Network Connection event...
12-15 10:52:43.002 13582 13820 I EventLoopManager: onNetworkConnectionEvent: CONNECTION_INFO_AVAILABLE
12-15 10:52:43.002 13582 13820 I Robocol : Received network connection event
12-15 10:52:43.002 13582 13820 I NetworkConnectionHandler: Handling new network connection infomation, connected: true setup needed: true
12-15 10:52:43.003 13582 13820 V RobotCore: EventLoopManager state is STOPPED
12-15 10:52:43.003 13582 13820 V Robocol : eventLoop=FtcEventLoop
12-15 10:52:43.003 13582 13820 V RobotCore: EventLoopManager state is INIT
12-15 10:52:43.004 13582 13820 V RobotCore: Robot Status: initializing, starting robot
12-15 10:52:43.004 13582 13820 I FtcEventLoop: ======= INIT START =======
12-15 10:52:43.004 13582 13835 V RobotCore: thread: 'SetupRunnable.run()' starting...
12-15 10:52:43.004 13582 13820 V OpmodeRegistration: registered {DefaultOpMode} as {$Stop$Robot$}
12-15 10:52:43.007 13582 13820 V FileBasedLock: locked /storage/emulated/0/FIRST/blocks/projectslock/lock.dat
12-15 10:52:43.008 13582 13820 V FileBasedLock: unlocking /storage/emulated/0/FIRST/blocks/projectslock/lock.dat
12-15 10:52:43.015 13582 13582 D WifiDirect: cannot create group, does group already exist?
12-15 10:52:43.017 13582 13820 V OpmodeRegistration: registered {testToss} as {Arm Toss Test}
12-15 10:52:43.017 13582 13820 V OpmodeRegistration: registered {colorTestFullSpeed} as {Basic Color Test @ Full Speed}
12-15 10:52:43.018 13582 13820 V OpmodeRegistration: registered {encoderGet} as {Encoder Test (Arm) (Old Robot)}
12-15 10:52:43.018 13582 13820 V OpmodeRegistration: registered {driveTest} as {Basic Drive Test}
12-15 10:52:43.019 13582 13820 V OpmodeRegistration: registered {armNew} as {New Arm Test}
12-15 10:52:43.019 13582 13820 V OpmodeRegistration: registered {colorAnalyze} as {Analyze Colors}
12-15 10:52:43.020 13582 13820 V OpmodeRegistration: registered {driveToWall} as {Drive To Wall}
12-15 10:52:43.020 13582 13820 V OpmodeRegistration: registered {omniDriveNoTurn} as {Omni Wheels Drive (No Turn)}
12-15 10:52:43.020 13582 13820 V OpmodeRegistration: registered {armTest} as {Arm Test}
12-15 10:52:43.021 13582 13820 V OpmodeRegistration: registered {distanceAnalyze} as {Analyze Distance}
12-15 10:52:43.022 13582 13820 V OpmodeRegistration: registered {mineralAnalizeTest} as {Basic Mineral Analyzing}
12-15 10:52:43.022 13582 13820 V OpmodeRegistration: registered {driveTestUsingData} as {Basic Drive Test (Using 'Data')}
12-15 10:52:43.023 13582 13820 V OpmodeRegistration: registered {omniDriveWithTurn} as {Omni Wheels Drive (With Turn)}
12-15 10:52:43.023 13582 13820 V OpmodeRegistration: registered {fullDriveOld} as {Full Driving (Old Robot)}
12-15 10:52:43.024 13582 13820 V OpmodeRegistration: registered {colorTest} as {Basic Color Test}
12-15 10:52:43.024 13582 13820 V OpmodeRegistration: registered {armTestData} as {Arm Test Using ('Data')}
12-15 10:52:43.025 13582 13820 V OpmodeRegistration: registered {motorEncoderAnalyze} as {Encoder Test}
12-15 10:52:43.034 13582 13835 D Robocol : RobocolDatagramSocket listening addr=/192.168.49.1:20884 cbRec=65520 cbSend=163840 msRecTO=300
12-15 10:52:43.034 13582 13835 V Robocol : RecvLoopRunnable created
12-15 10:52:43.036 13582 13835 V PeerDiscovery: Starting peer discovery remote: /192.168.49.1 local: /192.168.49.1
12-15 10:52:43.036 13582 13838 V RobotCore: thread: 'RecvLoopRunnable.run()' starting...
12-15 10:52:43.036 13582 13835 V PeerDiscovery: No need for peer discovery, we are the peer discovery device
12-15 10:52:43.036 13582 13835 V RobotCore: Setup complete
12-15 10:52:43.037 13582 13835 V RobotCore: thread: ...terminating 'SetupRunnable.run()'
12-15 10:52:43.080 13582 13820 V HardwareFactory: createHardwareMap()
12-15 10:52:43.080 13582 13820 V WifiDirectInviteMonitor: clearUILynxModule()
12-15 10:52:43.087 13582 13820 V RobotCore: Creating REV Robotics USB Expansion Hub Portal [DQ2EV50L]
12-15 10:52:43.087 13582 13820 V LynxUsb : creating new [DQ2EV50L]: 0x0d0f761b
12-15 10:52:43.088 13582 13820 V FtDeviceManager: createDeviceInfoList(): 0 USB devices
12-15 10:52:43.088 13582 13820 W System.err: unable to open lynx USB device DQ2EV50L: FTDI driver failed to open USB device with serial number DQ2EV50L (returned null device)
12-15 10:52:43.089 13582 13820 E LynxUsb : exception RobotCoreException(unable to open lynx USB device DQ2EV50L: FTDI driver failed to open USB device with serial number DQ2EV50L (returned null device)): exception arming DQ2EV50L [com.qualcomm.hardware.lynx.LynxUsbUtil.logMessageAndThrow(LynxUsbUtil.java:92)]
12-15 10:52:43.089 13582 13820 V LynxUsb : doPretend() serial=DQ2EV50L
12-15 10:52:43.090 13582 13820 V LynxUsb : 0x0973b3b8 on 0x0d0f761b: new delegate to [DQ2EV50L]
12-15 10:52:43.090 13582 13820 V RobotCore: Creating Lynx Module - mod=2 parent=true
12-15 10:52:43.092 13582 13820 V LynxUsb : addConfiguredModule() module#=2
12-15 10:52:43.092 13582 13820 V LynxModule: pingAndQueryKnownInterfaces mod=2
12-15 10:52:43.101 13582 13820 V LynxModule: mod#=2 queryInterface(DEKA)=0 commands starting at 0
12-15 10:52:43.101 13582 13820 V LynxModule: mod#=2 intf=DEKA: expected 54 commands; found 0
12-15 10:52:43.102 13582 13820 V LynxModule: sendLEDPatternSteps(): #steps=6
12-15 10:52:43.106 13582 13820 V LynxMotor: initializeHardware() mod#=2
12-15 10:52:43.109 13582 13820 V RobotCore: DcMotorImpl(type=TetrixMotor)
12-15 10:52:43.109 13582 13820 V RobotCore: DcMotorImpl(type=TetrixMotor)
12-15 10:52:43.109 13582 13820 V LynxServoController: initializeHardware() mod#=2
12-15 10:52:43.111 13582 13820 V LynxVoltageSensor: initializeHardware() mod#=2
12-15 10:52:43.111 13582 13820 V LynxPwmOutputController: initializeHardware() mod#=2
12-15 10:52:43.112 13582 13820 V LynxAnalogInputController: initializeHardware() mod#=2
12-15 10:52:43.112 13582 13820 V LynxDigitalChannelController: initializeHardware() mod#=2
12-15 10:52:43.113 13582 13820 V RobotCore: Creating user sensor REV Expansion Hub IMU - on Lynx module=2 bus=0
12-15 10:52:43.113 13582 13820 V RobotCore: Creating I2cDeviceSynch (Lynx) - mod=2 bus=0
12-15 10:52:43.113 13582 13820 I RobotCore: LynxFirmwareVersionManager: LynxI2cDeviceSynchV1
12-15 10:52:43.114 13582 13820 V LynxI2cDeviceSynch: initializeHardware() mod#=2
12-15 10:52:43.116 13582 13820 I RobotCore: ========= Device Information ===================================================
12-15 10:52:43.116 13582 13820 I RobotCore: Type                                               Name                           Connection
12-15 10:52:43.117 13582 13820 I RobotCore: Expansion Hub DC Motor Controller                  Expansion Hub 2                USB DQ2EV50L; module 2
12-15 10:52:43.117 13582 13820 I RobotCore: Expansion Hub Servo Controller                     Expansion Hub 2                USB DQ2EV50L; module 2
12-15 10:52:43.117 13582 13820 I RobotCore: Expansion Hub Voltage Sensor                       Expansion Hub 2                USB DQ2EV50L; module 2
12-15 10:52:43.117 13582 13820 I RobotCore: Expansion Hub Pwm Controller                       Expansion Hub 2                USB DQ2EV50L; module 2
12-15 10:52:43.117 13582 13820 I RobotCore: Expansion Hub Analog Input Controller              Expansion Hub 2                USB DQ2EV50L; module 2
12-15 10:52:43.118 13582 13820 I RobotCore: Expansion Hub Digital Channel Controller           Expansion Hub 2                USB DQ2EV50L; module 2
12-15 10:52:43.118 13582 13820 I RobotCore: Expansion Hub (firmware version unavailable)       Expansion Hub 2                USB DQ2EV50L; module 2
12-15 10:52:43.118 13582 13820 I RobotCore: REV Expansion Hub IMU                              imu                            USB DQ2EV50L; module 2; bus 0; addr7=0x00
12-15 10:52:43.119 13582 13820 I RobotCore: Motor                                              colorR                         USB DQ2EV50L; module 2; port 0
12-15 10:52:43.119 13582 13820 I RobotCore: REV Robotics USB Expansion Hub Portal              Expansion Hub Portal 1         USB DQ2EV50L
12-15 10:52:43.119 13582 13820 I RobotCore: Motor                                              tossMotor                      USB DQ2EV50L; module 2; port 1
12-15 10:52:43.119 13582 13820 I FtcEventLoop: ======= INIT FINISH =======
12-15 10:52:43.119 13582 13820 V RobotCore: EventLoopManager state is RUNNING
12-15 10:52:43.136 13582 13820 V RobotCore: Robot Status: running, starting robot
12-15 10:52:43.137 13582 13820 V RobotCore: Robot Status: running
12-15 10:52:43.139 13582 13820 V RobotCore: thread: ...terminating 'RobotSetupRunnable.run()'
12-15 10:52:43.142 13582 13842 V RobotCore: thread: 'opmode loop()' starting...
12-15 10:52:43.148 13582 13842 D RobotCore: system telemetry: key=$System$Warning$ msg="unable to open REV Robotics USB Expansion Hub Portal [DQ2EV50L]"
12-15 10:52:43.168 13582 13841 V SoundInfo: construct(0x012f44f0)
12-15 10:52:43.195 13582 13840 D ExtendedUtils: extended extractor not needed, return default
12-15 10:52:43.196 13582 13840 I MediaCodec: (0xb93141a8) init name(audio/raw) isType(1) encoder(0)
12-15 10:52:43.203 13582 13846 E OMXMaster: A component of name 'OMX.qcom.audio.decoder.aac' already exists, ignoring this one.
12-15 10:52:43.205 13582 13846 I MediaCodec: (0xb93141a8) Component Allocated (OMX.google.raw.decoder)
12-15 10:52:43.206 13582 13840 I MediaCodec: (0xb93141a8) configure surface(0x0) crypto(0x0) flags(0)
12-15 10:52:43.206 13582 13840 D MediaCodec: (0xb93141a8) configure format: AMessage(what = 0x00000000) = {
12-15 10:52:43.206 13582 13840 D MediaCodec:    string mime = "audio/raw"
12-15 10:52:43.206 13582 13840 D MediaCodec:    int64_t durationUs = 1019125
12-15 10:52:43.206 13582 13840 D MediaCodec:    int32_t channel-count = 1
12-15 10:52:43.206 13582 13840 D MediaCodec:    int32_t sample-rate = 8000
12-15 10:52:43.206 13582 13840 D MediaCodec:    int32_t channel-mask = 0
12-15 10:52:43.206 13582 13840 D MediaCodec:  }
12-15 10:52:43.207 13582 13840 I MediaCodec: (0xb93141a8) start
12-15 10:52:43.208 13582 13846 I MediaCodec: (0xb93141a8) input buffers allocated
12-15 10:52:43.208 13582 13846 I MediaCodec: (0xb93141a8) numBuffers (4)
12-15 10:52:43.208 13582 13846 I MediaCodec: (0xb93141a8) output buffers allocated
12-15 10:52:43.208 13582 13846 I MediaCodec: (0xb93141a8) numBuffers (4)
12-15 10:52:43.210 13582 13846 I MediaCodec: (0xb93141a8) codec output format changed
12-15 10:52:43.210 13582 13846 D MediaCodec: (0xb93141a8) output format: AMessage(what = 'codc', target = 2) = {
12-15 10:52:43.210 13582 13846 D MediaCodec:    string mime = "audio/raw"
12-15 10:52:43.210 13582 13846 D MediaCodec:    int32_t channel-count = 1
12-15 10:52:43.210 13582 13846 D MediaCodec:    int32_t sample-rate = 8000
12-15 10:52:43.210 13582 13846 D MediaCodec:    int32_t channel-mask = 0
12-15 10:52:43.210 13582 13846 D MediaCodec:    int32_t what = 1869968451
12-15 10:52:43.210 13582 13846 D MediaCodec:  }
12-15 10:52:43.211 13582 13840 I MediaCodec: (0xb93141a8) stop
12-15 10:52:43.213 13582 13840 I MediaCodec: (0xb93141a8) release
12-15 10:52:43.217 13582 13603 D SoundPlayer: onLoadComplete(samp=1|ms=1019, samp=1)=0
12-15 10:52:43.219 13582 13841 W AudioTrack: AUDIO_OUTPUT_FLAG_FAST denied by client; transfer 4, track 8000 Hz, output 48000 Hz
12-15 10:52:43.229 13582 13841 D SoundPlayer: playing volume=1.000000 samp=1|ms=1019
12-15 10:52:43.260 13582 13841 V SoundInfo: construct(0x0c418425)
12-15 10:52:43.287 13582 13840 D ExtendedUtils: extended extractor not needed, return default
12-15 10:52:43.287 13582 13840 I MediaCodec: (0xb9315de0) init name(audio/raw) isType(1) encoder(0)
12-15 10:52:43.292 13582 13852 E OMXMaster: A component of name 'OMX.qcom.audio.decoder.aac' already exists, ignoring this one.
12-15 10:52:43.294 13582 13852 I MediaCodec: (0xb9315de0) Component Allocated (OMX.google.raw.decoder)
12-15 10:52:43.294 13582 13840 I MediaCodec: (0xb9315de0) configure surface(0x0) crypto(0x0) flags(0)
12-15 10:52:43.294 13582 13840 D MediaCodec: (0xb9315de0) configure format: AMessage(what = 0x00000000) = {
12-15 10:52:43.294 13582 13840 D MediaCodec:    string mime = "audio/raw"
12-15 10:52:43.294 13582 13840 D MediaCodec:    int64_t durationUs = 1043650
12-15 10:52:43.294 13582 13840 D MediaCodec:    int32_t channel-count = 2
12-15 10:52:43.294 13582 13840 D MediaCodec:    int32_t sample-rate = 44100
12-15 10:52:43.294 13582 13840 D MediaCodec:    int32_t channel-mask = 0
12-15 10:52:43.294 13582 13840 D MediaCodec:  }
12-15 10:52:43.295 13582 13840 I MediaCodec: (0xb9315de0) start
12-15 10:52:43.295 13582 13852 I MediaCodec: (0xb9315de0) input buffers allocated
12-15 10:52:43.295 13582 13852 I MediaCodec: (0xb9315de0) numBuffers (4)
12-15 10:52:43.295 13582 13852 I MediaCodec: (0xb9315de0) output buffers allocated
12-15 10:52:43.295 13582 13852 I MediaCodec: (0xb9315de0) numBuffers (4)
12-15 10:52:43.297 13582 13852 I MediaCodec: (0xb9315de0) codec output format changed
12-15 10:52:43.297 13582 13852 D MediaCodec: (0xb9315de0) output format: AMessage(what = 'codc', target = 6) = {
12-15 10:52:43.297 13582 13852 D MediaCodec:    string mime = "audio/raw"
12-15 10:52:43.297 13582 13852 D MediaCodec:    int32_t channel-count = 2
12-15 10:52:43.297 13582 13852 D MediaCodec:    int32_t sample-rate = 44100
12-15 10:52:43.297 13582 13852 D MediaCodec:    int32_t channel-mask = 0
12-15 10:52:43.297 13582 13852 D MediaCodec:    int32_t what = 1869968451
12-15 10:52:43.297 13582 13852 D MediaCodec:  }
12-15 10:52:43.302 13582 13840 I MediaCodec: (0xb9315de0) stop
12-15 10:52:43.304 13582 13840 I MediaCodec: (0xb9315de0) release
12-15 10:52:43.306 13582 13603 D SoundPlayer: onLoadComplete(samp=2|ms=1044, samp=2)=0
12-15 10:52:43.338 13582 13838 E Robocol : exception SocketTimeoutException(null): no packet received [libcore.io.IoBridge.maybeThrowAfterRecvfrom(IoBridge.java:594)]
12-15 10:52:43.447 13582 13838 V PeerDiscovery: new remote peer discovered: 192.168.49.33
12-15 10:52:43.447 13582 13838 D Robocol : RobocolDatagramSocket connected to /192.168.49.33:20884
12-15 10:52:43.448 13582 13838 V NetworkConnectionHandler: starting sending loop
12-15 10:52:43.449 13582 13838 V Robocol : SendOnceRunnable created
12-15 10:52:43.461 13582 13838 V NetDiscover_prefremrc: sendAllPreferences()
12-15 10:52:43.462 13582 13838 V NetDiscover_prefremrc: sending RC pref name=pref_wifip2p_remote_channel_change_works value=true
12-15 10:52:43.469 13582 13838 V NetDiscover_prefremrc: sending RC pref name=pref_device_name value=11639-RC
12-15 10:52:43.469 13582 13838 V NetDiscover_prefremrc: sending RC pref name=pref_has_independent_phone_battery value=true
12-15 10:52:43.469 13582 13838 V NetDiscover_prefremrc: sending RC pref name=pref_has_speaker value=true
12-15 10:52:43.469 13582 13838 V NetDiscover_prefremrc: sending RC pref name=pref_app_theme value=red
12-15 10:52:43.469 13582 13838 V NetDiscover_prefremrc: sending RC pref name=pref_sound_on_off value=true
12-15 10:52:43.470 13582 13838 V UpdateUI: Network: active, connected
12-15 10:52:43.489 13582 13856 V Robocol : sending CMD_NOTIFY_USER_DEVICE_LIST(19), attempt: 0
12-15 10:52:43.492 13582 13856 V Robocol : sending CMD_ROBOT_CONTROLLER_PREFERENCE(20), attempt: 0
12-15 10:52:43.492 13582 13856 V Robocol : sending CMD_ROBOT_CONTROLLER_PREFERENCE(21), attempt: 0
12-15 10:52:43.492 13582 13856 V Robocol : sending CMD_ROBOT_CONTROLLER_PREFERENCE(22), attempt: 0
12-15 10:52:43.492 13582 13856 V Robocol : sending CMD_ROBOT_CONTROLLER_PREFERENCE(23), attempt: 0
12-15 10:52:43.493 13582 13856 V Robocol : sending CMD_ROBOT_CONTROLLER_PREFERENCE(24), attempt: 0
12-15 10:52:43.493 13582 13856 V Robocol : sending CMD_ROBOT_CONTROLLER_PREFERENCE(25), attempt: 0
12-15 10:52:43.493 13582 13841 V SoundInfo: construct(0x029d12dd)
12-15 10:52:43.509 13582 13840 D ExtendedUtils: extended extractor not needed, return default
12-15 10:52:43.509 13582 13840 I MediaCodec: (0xb9316878) init name(audio/raw) isType(1) encoder(0)
12-15 10:52:43.515 13582 13859 E OMXMaster: A component of name 'OMX.qcom.audio.decoder.aac' already exists, ignoring this one.
12-15 10:52:43.515 13582 13838 V Robocol : received command: CMD_REQUEST_UI_STATE(10002) 
12-15 10:52:43.518 13582 13859 I MediaCodec: (0xb9316878) Component Allocated (OMX.google.raw.decoder)
12-15 10:52:43.518 13582 13840 I MediaCodec: (0xb9316878) configure surface(0x0) crypto(0x0) flags(0)
12-15 10:52:43.518 13582 13840 D MediaCodec: (0xb9316878) configure format: AMessage(what = 0x00000000) = {
12-15 10:52:43.518 13582 13840 D MediaCodec:    string mime = "audio/raw"
12-15 10:52:43.518 13582 13840 D MediaCodec:    int64_t durationUs = 485011
12-15 10:52:43.518 13582 13840 D MediaCodec:    int32_t channel-count = 2
12-15 10:52:43.518 13582 13840 D MediaCodec:    int32_t sample-rate = 44100
12-15 10:52:43.518 13582 13840 D MediaCodec:    int32_t channel-mask = 0
12-15 10:52:43.518 13582 13840 D MediaCodec:  }
12-15 10:52:43.519 13582 13840 I MediaCodec: (0xb9316878) start
12-15 10:52:43.519 13582 13859 I MediaCodec: (0xb9316878) input buffers allocated
12-15 10:52:43.519 13582 13859 I MediaCodec: (0xb9316878) numBuffers (4)
12-15 10:52:43.519 13582 13859 I MediaCodec: (0xb9316878) output buffers allocated
12-15 10:52:43.519 13582 13859 I MediaCodec: (0xb9316878) numBuffers (4)
12-15 10:52:43.522 13582 13859 I MediaCodec: (0xb9316878) codec output format changed
12-15 10:52:43.522 13582 13859 D MediaCodec: (0xb9316878) output format: AMessage(what = 'codc', target = 10) = {
12-15 10:52:43.522 13582 13859 D MediaCodec:    string mime = "audio/raw"
12-15 10:52:43.522 13582 13859 D MediaCodec:    int32_t channel-count = 2
12-15 10:52:43.522 13582 13859 D MediaCodec:    int32_t sample-rate = 44100
12-15 10:52:43.522 13582 13859 D MediaCodec:    int32_t channel-mask = 0
12-15 10:52:43.522 13582 13859 D MediaCodec:    int32_t what = 1869968451
12-15 10:52:43.522 13582 13859 D MediaCodec:  }
12-15 10:52:43.525 13582 13840 I MediaCodec: (0xb9316878) stop
12-15 10:52:43.526 13582 13840 I MediaCodec: (0xb9316878) release
12-15 10:52:43.529 13582 13603 D SoundPlayer: onLoadComplete(samp=3|ms=485, samp=3)=0
12-15 10:52:43.530 13582 13856 V Robocol : sending CMD_NOTIFY_ACTIVE_CONFIGURATION(31), attempt: 0
12-15 10:52:43.569 13582 13856 V Robocol : sending CMD_NOTIFY_USER_DEVICE_LIST(37), attempt: 0
12-15 10:52:43.571 13582 13856 V Robocol : sending CMD_NOTIFY_OP_MODE_LIST(38), attempt: 0
12-15 10:52:43.650 13582 13842 I RobotCore: Attempting to switch to op mode $Stop$Robot$
12-15 10:52:43.689 13582 13856 V Robocol : sending CMD_NOTIFY_INIT_OP_MODE(48), attempt: 0
12-15 10:52:44.237 13582 13855 W AudioTrack: AUDIO_OUTPUT_FLAG_FAST denied by client; transfer 4, track 44100 Hz, output 48000 Hz
12-15 10:52:44.241 13582 13855 D SoundPlayer: playing volume=1.000000 samp=3|ms=485
12-15 10:52:44.242 13582 13855 W AudioTrack: AUDIO_OUTPUT_FLAG_FAST denied by client; transfer 4, track 44100 Hz, output 48000 Hz
12-15 10:52:44.245 13582 13855 D SoundPlayer: playing volume=1.000000 samp=2|ms=1044
12-15 10:52:44.249 13582 13856 V Robocol : sending CMD_PLAY_SOUND(57), attempt: 0
12-15 10:52:44.250 13582 13856 V Robocol : sending CMD_PLAY_SOUND(58), attempt: 0
12-15 10:54:29.534 13582 13582 V FtDeviceManager: ACTION_USB_DEVICE_ATTACHED: /dev/bus/usb/001/002
12-15 10:54:29.535 13582 13582 V FtDeviceManager: addOrUpdateUsbDevice(vid=0x0403 pid=0x6015)
12-15 10:54:29.535 13582 13582 I AppUtil : found usbFileSystemRoot: /dev/bus/usb
12-15 10:54:29.536 13582 13582 V FtDeviceManager: requesting permissions for device=/dev/bus/usb/001/002
12-15 10:54:29.555 13582 13582 V FtDevice: initialize(vid=0x0403 pid=0x6015 bcdDevice=0x1000)
12-15 10:54:29.555 13582 13582 V MonitoredUsbDeviceConnection: closing UsbDeviceConnection(DQ2EV50L)
12-15 10:54:29.555 13582 13582 D UsbDeviceConnectionJNI: close
12-15 10:54:29.555 13582 13582 V MonitoredUsbDeviceConnection: closing UsbDeviceConnection(DQ2EV50L)
12-15 10:54:29.555 13582 13582 D UsbDeviceConnectionJNI: close
12-15 10:54:29.556 13582 13582 V RCActivity: onPause()
12-15 10:54:29.556 13582 13582 V RCActivity: ACTION_USB_DEVICE_ATTACHED: /dev/bus/usb/001/002
12-15 10:54:29.556 13582 13582 V RCActivity: onResume()
12-15 10:54:29.557 13582 13582 V FtDeviceManager: permission granted for device /dev/bus/usb/001/002
12-15 10:54:29.557 13582 13842 I FtcEventLoop: vv===== MODULE ATTACH: disarm REV Robotics USB Expansion Hub Portal [DQ2EV50L]=====vv
12-15 10:54:29.557 13582 13842 V LynxUsb : disarmDevice() serial=DQ2EV50L...
12-15 10:54:29.558 13582 13842 V LynxUsb : ...done disarmDevice()
12-15 10:54:29.558 13582 13842 I FtcEventLoop: ======= MODULE ATTACH: arm or pretend REV Robotics USB Expansion Hub Portal [DQ2EV50L]=======
12-15 10:54:29.558 13582 13842 V LynxUsb : clearing extant global warning: "unable to open REV Robotics USB Expansion Hub Portal [DQ2EV50L]"
12-15 10:54:29.560 13582 13842 V FtDeviceManager: createDeviceInfoList(): 1 USB devices
12-15 10:54:29.561 13582 13838 D RobotCore: system telemetry: key=$System$None$ msg=""
12-15 10:54:29.564 13582 13842 V FtDevice: vv********************DQ2EV50L opening********************vv 0x044195aa
12-15 10:54:29.565 13582 13842 V FtDevice: ^^********************DQ2EV50L opened ********************^^
12-15 10:54:29.565 13582 13842 V FtDevice: resetting DQ2EV50L
12-15 10:54:29.572 13582 13842 V LynxUsb : armDevice() serial=DQ2EV50L...
12-15 10:54:29.572 13582 13842 V LynxModule: resetDevice() serial=DQ2EV50L
12-15 10:54:29.926 13582 13842 V LynxModule: pingAndQueryKnownInterfaces mod=2
12-15 10:54:29.927 13582 14058 V RobotCore: thread: 'lynx incoming datagrams' starting...
12-15 10:54:29.929 13582 14058 V LynxUsb : synchronization gained: serial=DQ2EV50L
12-15 10:54:29.932 13582 13842 V LynxModule: mod#=2 queryInterface(DEKA)=49 commands starting at 4096
12-15 10:54:29.936 13582 13842 V LynxModule: mod#=2 intf=DEKA: expected 54 commands; found 49
12-15 10:54:29.939 13582 13842 V LynxModule: sendLEDPatternSteps(): #steps=6
12-15 10:54:29.945 13582 13842 V LynxUsb : ...done armDevice()
12-15 10:54:29.945 13582 13842 V LynxI2cDeviceSynch: initializeHardware() mod#=2
12-15 10:54:29.945 13582 13842 V LynxVoltageSensor: initializeHardware() mod#=2
12-15 10:54:29.945 13582 13842 V LynxAnalogInputController: initializeHardware() mod#=2
12-15 10:54:29.945 13582 13842 V LynxPwmOutputController: initializeHardware() mod#=2
12-15 10:54:29.949 13582 13842 W LynxPwmOutputController: LynxSetPWMEnableCommand not implemented by lynx hw; ignoring
12-15 10:54:29.952 13582 13842 W LynxPwmOutputController: LynxSetPWMConfigurationCommand not implemented by lynx hw; ignoring
12-15 10:54:29.955 13582 13842 W LynxPwmOutputController: LynxSetPWMEnableCommand not implemented by lynx hw; ignoring
12-15 10:54:29.958 13582 13842 W LynxPwmOutputController: LynxSetPWMConfigurationCommand not implemented by lynx hw; ignoring
12-15 10:54:29.961 13582 13842 W LynxPwmOutputController: LynxSetPWMEnableCommand not implemented by lynx hw; ignoring
12-15 10:54:29.964 13582 13842 W LynxPwmOutputController: LynxSetPWMConfigurationCommand not implemented by lynx hw; ignoring
12-15 10:54:29.967 13582 13842 W LynxPwmOutputController: LynxSetPWMEnableCommand not implemented by lynx hw; ignoring
12-15 10:54:29.970 13582 13842 W LynxPwmOutputController: LynxSetPWMConfigurationCommand not implemented by lynx hw; ignoring
12-15 10:54:29.970 13582 13842 V LynxDigitalChannelController: initializeHardware() mod#=2
12-15 10:54:29.994 13582 13842 V LynxServoController: initializeHardware() mod#=2
12-15 10:54:30.030 13582 14059 V LynxModule: received status: LynxGetModuleStatusResponse(status=0x02 alerts=0x00: Reset)
12-15 10:54:30.033 13582 13842 V LynxMotor: initializeHardware() mod#=2
12-15 10:54:30.083 13582 13842 I FtcEventLoop: ^^===== MODULE ATTACH: complete REV Robotics USB Expansion Hub Portal [DQ2EV50L]=====^^
12-15 10:54:31.595 13582 13838 V Robocol : received command: CMD_INIT_OP_MODE(11370) $Stop$Robot$
12-15 10:54:31.603 13582 13842 I RobotCore: Attempting to switch to op mode $Stop$Robot$
12-15 10:54:31.649 13582 13856 V Robocol : sending CMD_NOTIFY_INIT_OP_MODE(1517), attempt: 0
12-15 10:54:33.236 13582 13838 V Robocol : received command: CMD_SET_MATCH_NUMBER(11395) 0
12-15 10:54:33.237 13582 13838 V Robocol : received command: CMD_INIT_OP_MODE(11396) Arm Toss Test
12-15 10:54:33.251 13582 13837 I RobotCore: ******************** START - OPMODE Arm Toss Test ********************
12-15 10:54:33.252 13582 13842 I RobotCore: Attempting to switch to op mode Arm Toss Test
12-15 10:54:33.257 13582 13842 W LynxPwmOutputController: LynxSetPWMEnableCommand not implemented by lynx hw; ignoring
12-15 10:54:33.262 13582 13842 W LynxPwmOutputController: LynxSetPWMConfigurationCommand not implemented by lynx hw; ignoring
12-15 10:54:33.266 13582 13842 W LynxPwmOutputController: LynxSetPWMEnableCommand not implemented by lynx hw; ignoring
12-15 10:54:33.270 13582 13842 W LynxPwmOutputController: LynxSetPWMConfigurationCommand not implemented by lynx hw; ignoring
12-15 10:54:33.274 13582 13842 W LynxPwmOutputController: LynxSetPWMEnableCommand not implemented by lynx hw; ignoring
12-15 10:54:33.278 13582 13842 W LynxPwmOutputController: LynxSetPWMConfigurationCommand not implemented by lynx hw; ignoring
12-15 10:54:33.282 13582 13842 W LynxPwmOutputController: LynxSetPWMEnableCommand not implemented by lynx hw; ignoring
12-15 10:54:33.286 13582 13842 W LynxPwmOutputController: LynxSetPWMConfigurationCommand not implemented by lynx hw; ignoring
12-15 10:54:33.409 13582 14060 V RobotCore: thread: 'LinearOpMode main' starting...
12-15 10:54:33.409 13582 13856 V Robocol : sending CMD_NOTIFY_INIT_OP_MODE(1550), attempt: 0
12-15 10:54:33.432 13582 14058 V RobotCore: nack rec'd mod=2 msg#=156 ref#=0 reason=MOTOR_NOT_CONFIG_BEFORE_ENABLED:50
12-15 10:54:33.433 13582 14060 E LynxMotor: exception thrown during lynx communication
12-15 10:54:33.434 13582 14060 E LynxMotor: com.qualcomm.hardware.lynx.LynxNackException: (DQ2EV50L #2) LynxSetMotorChannelEnableCommand: nack received: MOTOR_NOT_CONFIG_BEFORE_ENABLED:50
12-15 10:54:33.435 13582 14060 E LynxMotor: 	at com.qualcomm.hardware.lynx.commands.LynxRespondable.throwIfNack(LynxRespondable.java:325)
12-15 10:54:33.435 13582 14060 E LynxMotor: 	at com.qualcomm.hardware.lynx.commands.LynxRespondable.send(LynxRespondable.java:239)
12-15 10:54:33.435 13582 14060 E LynxMotor: 	at com.qualcomm.hardware.lynx.LynxDcMotorController.internalSetMotorEnable(LynxDcMotorController.java:221)
12-15 10:54:33.436 13582 14060 E LynxMotor: 	at com.qualcomm.hardware.lynx.LynxDcMotorController.internalSetMotorPower(LynxDcMotorController.java:543)
12-15 10:54:33.436 13582 14060 E LynxMotor: 	at com.qualcomm.hardware.lynx.LynxDcMotorController.setMotorMode(LynxDcMotorController.java:373)
12-15 10:54:33.436 13582 14060 E LynxMotor: 	at com.qualcomm.robotcore.hardware.DcMotorImpl.internalSetMode(DcMotorImpl.java:322)
12-15 10:54:33.437 13582 14060 E LynxMotor: 	at com.qualcomm.robotcore.hardware.DcMotorImpl.setMode(DcMotorImpl.java:318)
12-15 10:54:33.438 13582 14060 E LynxMotor: 	at org.firstinspires.ftc.teamcode.testToss.runOpMode(testToss.java:13)
12-15 10:54:33.438 13582 14060 E LynxMotor: 	at com.qualcomm.robotcore.eventloop.opmode.LinearOpMode$LinearOpModeHelper$1.run(LinearOpMode.java:305)
12-15 10:54:33.439 13582 14060 E LynxMotor: 	at com.qualcomm.robotcore.util.ThreadPool.logThreadLifeCycle(ThreadPool.java:737)
12-15 10:54:33.439 13582 14060 E LynxMotor: 	at com.qualcomm.robotcore.eventloop.opmode.LinearOpMode$LinearOpModeHelper.run(LinearOpMode.java:300)
12-15 10:54:33.440 13582 14060 E LynxMotor: 	at java.util.concurrent.ThreadPoolExecutor.runWorker(ThreadPoolExecutor.java:1113)
12-15 10:54:33.443 13582 14060 E LynxMotor: 	at java.util.concurrent.ThreadPoolExecutor$Worker.run(ThreadPoolExecutor.java:588)
12-15 10:54:33.444 13582 14060 E LynxMotor: 	at com.qualcomm.robotcore.util.ThreadPool$ThreadFactoryImpl$1.run(ThreadPool.java:793)
12-15 10:54:33.444 13582 14060 E LynxMotor: 	at java.lang.Thread.run(Thread.java:818)
12-15 10:54:34.356 13582 13838 V Robocol : received command: CMD_RUN_OP_MODE(11414) Arm Toss Test
12-15 10:54:34.370 13582 13856 V Robocol : sending CMD_NOTIFY_RUN_OP_MODE(1564), attempt: 0
12-15 10:55:01.917 13582 13838 V Robocol : received command: CMD_INIT_OP_MODE(11840) $Stop$Robot$
12-15 10:55:01.937 13582 13837 I RobotCore: ******************** STOP - OPMODE /storage/emulated/0/FIRST/matchlogs/Match-0-Arm_Toss_Test.txt ********************
12-15 10:55:01.940 13582 13837 I RobotCore: Pruning old logs deleting Match-0-Arm_Toss_Test.txt
12-15 10:55:01.946 13582 14061 I RobotCore: saving match logcat to /storage/emulated/0/FIRST/matchlogs/Match-0-Arm_Toss_Test.txt
12-15 10:55:01.946 13582 14061 I RobotCore: logging command line: exec logcat -d -T '12-15 10:54:33.000' -f /storage/emulated/0/FIRST/matchlogs/Match-0-Arm_Toss_Test.txt -n4 -v threadtime UsbRequestJNI:S UsbRequest:S art:W ThreadPool:W System:W ExtendedExtractor:W OMXClient:W MediaPlayer:W dalvikvm:W  *:V
12-15 10:55:02.027 13582 14061 I RobotCore: Done running exec logcat -d -T '12-15 10:54:33.000' -f /storage/emulated/0/FIRST/matchlogs/Match-0-Arm_Toss_Test.txt -n4 -v threadtime UsbRequestJNI:S UsbRequest:S art:W ThreadPool:W System:W ExtendedExtractor:W OMXClient:W MediaPlayer:W dalvikvm:W  *:V
12-15 10:55:02.027 13582 14061 I RobotCore: exiting match logcat for /storage/emulated/0/FIRST/matchlogs/Match-0-Arm_Toss_Test.txt
12-15 10:55:02.916 13582 13838 V Robocol : received command: CMD_INIT_OP_MODE(11856) $Stop$Robot$
12-15 10:55:02.945 13582 13862 E RobotCore: OpMode 'Arm Toss Test' stuck in stop(). Restarting robot controller app.
12-15 10:55:02.945 13582 13862 E RobotCore: Begin thread dump
12-15 10:55:02.949 13582 13862 E RobotCore: thread id=1063 tid=13603 name="callback looper"
12-15 10:55:02.949 13582 13862 E RobotCore:     at android.os.MessageQueue.nativePollOnce(Native Method)
12-15 10:55:02.949 13582 13862 E RobotCore:     at android.os.MessageQueue.next(MessageQueue.java:323)
12-15 10:55:02.949 13582 13862 E RobotCore:     at android.os.Looper.loop(Looper.java:135)
12-15 10:55:02.949 13582 13862 E RobotCore:     at org.firstinspires.ftc.robotcore.internal.network.CallbackLooper$1.run(CallbackLooper.java:139)
12-15 10:55:02.949 13582 13862 E RobotCore:     at java.util.concurrent.Executors$RunnableAdapter.call(Executors.java:423)
12-15 10:55:02.949 13582 13862 E RobotCore:     at java.util.concurrent.FutureTask.run(FutureTask.java:237)
12-15 10:55:02.949 13582 13862 E RobotCore:     at java.util.concurrent.ThreadPoolExecutor.runWorker(ThreadPoolExecutor.java:1113)
12-15 10:55:02.949 13582 13862 E RobotCore:     at java.util.concurrent.ThreadPoolExecutor$Worker.run(ThreadPoolExecutor.java:588)
12-15 10:55:02.949 13582 13862 E RobotCore:     at com.qualcomm.robotcore.util.ThreadPool$ThreadFactoryImpl$1.run(ThreadPool.java:793)
12-15 10:55:02.949 13582 13862 E RobotCore:     at java.lang.Thread.run(Thread.java:818)
12-15 10:55:02.949 13582 13862 E RobotCore: thread id=1059 tid=0 name="Logging Thread"
12-15 10:55:02.949 13582 13862 E RobotCore:     at java.lang.Object.wait(Native Method)
12-15 10:55:02.949 13582 13862 E RobotCore:     at java.lang.ProcessManager$ProcessImpl.waitFor(ProcessManager.java:296)
12-15 10:55:02.949 13582 13862 E RobotCore:     at com.qualcomm.robotcore.util.RunShellCommand.runCommand(RunShellCommand.java:98)
12-15 10:55:02.949 13582 13862 E RobotCore:     at com.qualcomm.robotcore.util.RunShellCommand.run(RunShellCommand.java:71)
12-15 10:55:02.949 13582 13862 E RobotCore:     at com.qualcomm.robotcore.util.RobotLog$LoggingThread.run(RobotLog.java:72)
12-15 10:55:02.949 13582 13862 E RobotCore:     at com.qualcomm.robotcore.util.RobotLog$1.run(RobotLog.java:576)
12-15 10:55:02.949 13582 13862 E RobotCore: thread id=1078 tid=0 name="FileObserver"
12-15 10:55:02.949 13582 13862 E RobotCore:     at android.os.FileObserver$ObserverThread.observe(Native Method)
12-15 10:55:02.949 13582 13862 E RobotCore:     at android.os.FileObserver$ObserverThread.run(FileObserver.java:85)
12-15 10:55:02.950 13582 13862 E RobotCore: thread id=1111 tid=14060 name="LinearOpMode main"
12-15 10:55:02.950 13582 13862 E RobotCore:     at java.util.concurrent.locks.AbstractQueuedSynchronizer.acquireInterruptibly(AbstractQueuedSynchronizer.java:1194)
12-15 10:55:02.950 13582 13862 E RobotCore:     at java.util.concurrent.locks.ReentrantLock.lockInterruptibly(ReentrantLock.java:307)
12-15 10:55:02.950 13582 13862 E RobotCore:     at com.qualcomm.hardware.lynx.MessageKeyedLock.acquire(MessageKeyedLock.java:115)
12-15 10:55:02.950 13582 13862 E RobotCore:     at com.qualcomm.hardware.lynx.LynxUsbDeviceImpl.acquireNetworkTransmissionLock(LynxUsbDeviceImpl.java:712)
12-15 10:55:02.950 13582 13862 E RobotCore:     at com.qualcomm.hardware.lynx.LynxUsbDeviceDelegate.acquireNetworkTransmissionLock(LynxUsbDeviceDelegate.java:182)
12-15 10:55:02.950 13582 13862 E RobotCore:     at com.qualcomm.hardware.lynx.LynxModule.acquireNetworkTransmissionLock(LynxModule.java:1356)
12-15 10:55:02.950 13582 13862 E RobotCore:     at com.qualcomm.hardware.lynx.commands.LynxMessage.acquireNetworkLock(LynxMessage.java:130)
12-15 10:55:02.950 13582 13862 E RobotCore:     at com.qualcomm.hardware.lynx.commands.LynxRespondable.sendReceive(LynxRespondable.java:249)
12-15 10:55:02.950 13582 13862 E RobotCore:     at com.qualcomm.hardware.lynx.LynxDcMotorController.getMotorCurrentPosition(LynxDcMotorController.java:683)
12-15 10:55:02.950 13582 13862 E RobotCore:     at com.qualcomm.robotcore.hardware.DcMotorImpl.getCurrentPosition(DcMotorImpl.java:293)
12-15 10:55:02.950 13582 13862 E RobotCore:     at org.firstinspires.ftc.teamcode.testToss.runOpMode(testToss.java:21)
12-15 10:55:02.950 13582 13862 E RobotCore:     at com.qualcomm.robotcore.eventloop.opmode.LinearOpMode$LinearOpModeHelper$1.run(LinearOpMode.java:305)
12-15 10:55:02.950 13582 13862 E RobotCore:     at com.qualcomm.robotcore.util.ThreadPool.logThreadLifeCycle(ThreadPool.java:737)
12-15 10:55:02.950 13582 13862 E RobotCore:     at com.qualcomm.robotcore.eventloop.opmode.LinearOpMode$LinearOpModeHelper.run(LinearOpMode.java:300)
12-15 10:55:02.950 13582 13862 E RobotCore:     at java.util.concurrent.ThreadPoolExecutor.runWorker(ThreadPoolExecutor.java:1113)
12-15 10:55:02.950 13582 13862 E RobotCore:     at java.util.concurrent.ThreadPoolExecutor$Worker.run(ThreadPoolExecutor.java:588)
