12-15 10:46:02.439 11732 12022 E RobotCore:     at com.qualcomm.hardware.lynx.LynxCommExceptionHandler.handleSpecificException(LynxCommExceptionHandler.java:98)
12-15 10:46:02.439 11732 12022 E RobotCore:     at com.qualcomm.hardware.lynx.LynxCommExceptionHandler.handleException(LynxCommExceptionHandler.java:77)
12-15 10:46:02.439 11732 12022 E RobotCore:     at com.qualcomm.hardware.lynx.LynxDcMotorController.getMotorCurrentPosition(LynxDcMotorController.java:688)
12-15 10:46:02.439 11732 12022 E RobotCore:     at com.qualcomm.robotcore.hardware.DcMotorImpl.getCurrentPosition(DcMotorImpl.java:293)
12-15 10:46:02.439 11732 12022 E RobotCore:     at org.firstinspires.ftc.teamcode.testToss.runOpMode(testToss.java:18)
12-15 10:46:02.439 11732 12022 E RobotCore:     at com.qualcomm.robotcore.eventloop.opmode.LinearOpMode$LinearOpModeHelper$1.run(LinearOpMode.java:305)
12-15 10:46:02.439 11732 12022 E RobotCore:     at com.qualcomm.robotcore.util.ThreadPool.logThreadLifeCycle(ThreadPool.java:737)
12-15 10:46:02.439 11732 12022 E RobotCore:     at com.qualcomm.robotcore.eventloop.opmode.LinearOpMode$LinearOpModeHelper.run(LinearOpMode.java:300)
12-15 10:46:02.439 11732 12022 E RobotCore:     at java.util.concurrent.ThreadPoolExecutor.runWorker(ThreadPoolExecutor.java:1113)
12-15 10:46:02.439 11732 12022 E RobotCore:     at java.util.concurrent.ThreadPoolExecutor$Worker.run(ThreadPoolExecutor.java:588)
12-15 10:46:02.439 11732 12022 E RobotCore:     at com.qualcomm.robotcore.util.ThreadPool$ThreadFactoryImpl$1.run(ThreadPool.java:793)
12-15 10:46:02.439 11732 12022 E RobotCore:     at java.lang.Thread.run(Thread.java:818)
12-15 10:46:02.439 11732 12022 E RobotCore: thread id=886 tid=0 name="Binder_2"
12-15 10:46:02.439 11732 12022 E RobotCore: thread id=899 tid=0 name="pool-2-thread-1"
12-15 10:46:02.439 11732 12022 E RobotCore:     at java.lang.Object.wait(Native Method)
12-15 10:46:02.439 11732 12022 E RobotCore:     at java.lang.Thread.parkFor$(Thread.java:1220)
12-15 10:46:02.439 11732 12022 E RobotCore:     at sun.misc.Unsafe.park(Unsafe.java:299)
12-15 10:46:02.439 11732 12022 E RobotCore:     at java.util.concurrent.locks.LockSupport.park(LockSupport.java:158)
12-15 10:46:02.439 11732 12022 E RobotCore:     at java.util.concurrent.locks.AbstractQueuedSynchronizer$ConditionObject.await(AbstractQueuedSynchronizer.java:2013)
12-15 10:46:02.439 11732 12022 E RobotCore:     at java.util.concurrent.LinkedBlockingQueue.take(LinkedBlockingQueue.java:410)
12-15 10:46:02.439 11732 12022 E RobotCore:     at java.util.concurrent.ThreadPoolExecutor.getTask(ThreadPoolExecutor.java:1038)
12-15 10:46:02.439 11732 12022 E RobotCore:     at java.util.concurrent.ThreadPoolExecutor.runWorker(ThreadPoolExecutor.java:1098)
12-15 10:46:02.439 11732 12022 E RobotCore:     at java.util.concurrent.ThreadPoolExecutor$Worker.run(ThreadPoolExecutor.java:588)
12-15 10:46:02.439 11732 12022 E RobotCore:     at java.lang.Thread.run(Thread.java:818)
12-15 10:46:02.439 11732 12022 E RobotCore: thread id=1 tid=0 name="main"
12-15 10:46:02.439 11732 12022 E RobotCore:     at android.os.MessageQueue.nativePollOnce(Native Method)
12-15 10:46:02.440 11732 12022 E RobotCore:     at android.os.MessageQueue.next(MessageQueue.java:323)
12-15 10:46:02.440 11732 12022 E RobotCore:     at android.os.Looper.loop(Looper.java:135)
12-15 10:46:02.440 11732 12022 E RobotCore:     at android.app.ActivityThread.main(ActivityThread.java:5459)
12-15 10:46:02.440 11732 12022 E RobotCore:     at java.lang.reflect.Method.invoke(Native Method)
12-15 10:46:02.440 11732 12022 E RobotCore:     at com.android.internal.os.ZygoteInit$MethodAndArgsCaller.run(ZygoteInit.java:728)
12-15 10:46:02.440 11732 12022 E RobotCore:     at com.android.internal.os.ZygoteInit.main(ZygoteInit.java:618)
12-15 10:46:02.440 11732 12022 E RobotCore: thread id=887 tid=0 name="Logging Thread"
12-15 10:46:02.440 11732 12022 E RobotCore:     at java.lang.Object.wait(Native Method)
12-15 10:46:02.440 11732 12022 E RobotCore:     at java.lang.ProcessManager$ProcessImpl.waitFor(ProcessManager.java:296)
12-15 10:46:02.440 11732 12022 E RobotCore:     at com.qualcomm.robotcore.util.RunShellCommand.runCommand(RunShellCommand.java:98)
12-15 10:46:02.440 11732 12022 E RobotCore:     at com.qualcomm.robotcore.util.RunShellCommand.run(RunShellCommand.java:71)
12-15 10:46:02.440 11732 12022 E RobotCore:     at com.qualcomm.robotcore.util.RobotLog$LoggingThread.run(RobotLog.java:72)
12-15 10:46:02.440 11732 12022 E RobotCore:     at com.qualcomm.robotcore.util.RobotLog$1.run(RobotLog.java:576)
12-15 10:46:02.440 11732 12022 E RobotCore: thread id=908 tid=0 name="WifiManager"
12-15 10:46:02.440 11732 12022 E RobotCore:     at android.os.MessageQueue.nativePollOnce(Native Method)
12-15 10:46:02.440 11732 12022 E RobotCore:     at android.os.MessageQueue.next(MessageQueue.java:323)
12-15 10:46:02.440 11732 12022 E RobotCore:     at android.os.Looper.loop(Looper.java:135)
12-15 10:46:02.440 11732 12022 E RobotCore:     at android.os.HandlerThread.run(HandlerThread.java:61)
12-15 10:46:02.440 11732 12022 E RobotCore: thread id=929 tid=12009 name="SoundPlayerScheduler-#0"
12-15 10:46:02.440 11732 12022 E RobotCore:     at java.lang.Object.wait(Native Method)
12-15 10:46:02.440 11732 12022 E RobotCore:     at java.lang.Thread.parkFor$(Thread.java:1220)
12-15 10:46:02.440 11732 12022 E RobotCore:     at sun.misc.Unsafe.park(Unsafe.java:299)
12-15 10:46:02.440 11732 12022 E RobotCore:     at java.util.concurrent.locks.LockSupport.park(LockSupport.java:158)
12-15 10:46:02.440 11732 12022 E RobotCore:     at java.util.concurrent.locks.AbstractQueuedSynchronizer$ConditionObject.await(AbstractQueuedSynchronizer.java:2013)
12-15 10:46:02.440 11732 12022 E RobotCore:     at java.util.concurrent.ScheduledThreadPoolExecutor$DelayedWorkQueue.take(ScheduledThreadPoolExecutor.java:1078)
12-15 10:46:02.440 11732 12022 E RobotCore:     at java.util.concurrent.ScheduledThreadPoolExecutor$DelayedWorkQueue.take(ScheduledThreadPoolExecutor.java:1071)
12-15 10:46:02.440 11732 12022 E RobotCore:     at java.util.concurrent.ThreadPoolExecutor.getTask(ThreadPoolExecutor.java:1038)
12-15 10:46:02.440 11732 12022 E RobotCore:     at java.util.concurrent.ThreadPoolExecutor.runWorker(ThreadPoolExecutor.java:1098)
12-15 10:46:02.441 11732 12022 E RobotCore:     at java.util.concurrent.ThreadPoolExecutor$Worker.run(ThreadPoolExecutor.java:588)
12-15 10:46:02.441 11732 12022 E RobotCore:     at com.qualcomm.robotcore.util.ThreadPool$ThreadFactoryImpl$1.run(ThreadPool.java:793)
12-15 10:46:02.441 11732 12022 E RobotCore:     at java.lang.Thread.run(Thread.java:818)
12-15 10:46:02.441 11732 12022 E RobotCore: thread id=934 tid=0 name="bulkPacketInWorker"
12-15 10:46:02.441 11732 12022 E RobotCore:     at android.hardware.usb.UsbDeviceConnection.native_bulk_request(Native Method)
12-15 10:46:02.441 11732 12022 E RobotCore:     at android.hardware.usb.UsbDeviceConnection.bulkTransfer(UsbDeviceConnection.java:214)
12-15 10:46:02.441 11732 12022 E RobotCore:     at org.firstinspires.ftc.robotcore.internal.ftdi.MonitoredUsbDeviceConnection.bulkTransfer(MonitoredUsbDeviceConnection.java:294)
12-15 10:46:02.441 11732 12022 E RobotCore:     at org.firstinspires.ftc.robotcore.internal.ftdi.BulkPacketInWorker.run(BulkPacketInWorker.java:108)
12-15 10:46:02.441 11732 12022 E RobotCore:     at org.firstinspires.ftc.robotcore.internal.ftdi.FtDevice$ThreadHelper$1.run(FtDevice.java:1450)
12-15 10:46:02.441 11732 12022 E RobotCore:     at java.lang.Thread.run(Thread.java:818)
12-15 10:46:02.441 11732 12022 E RobotCore: thread id=882 tid=0 name="FinalizerDaemon"
12-15 10:46:02.441 11732 12022 E RobotCore:     at java.lang.Object.wait(Native Method)
12-15 10:46:02.441 11732 12022 E RobotCore:     at java.lang.Object.wait(Object.java:423)
12-15 10:46:02.441 11732 12022 E RobotCore:     at java.lang.ref.ReferenceQueue.remove(ReferenceQueue.java:101)
12-15 10:46:02.441 11732 12022 E RobotCore:     at java.lang.ref.ReferenceQueue.remove(ReferenceQueue.java:72)
12-15 10:46:02.441 11732 12022 E RobotCore:     at java.lang.Daemons$FinalizerDaemon.run(Daemons.java:185)
12-15 10:46:02.441 11732 12022 E RobotCore:     at java.lang.Thread.run(Thread.java:818)
12-15 10:46:02.441 11732 12022 E RobotCore: thread id=889 tid=0 name="Binder_3"
12-15 10:46:02.441 11732 12022 E RobotCore: thread id=909 tid=0 name="RenderThread"
12-15 10:46:02.441 11732 12022 E RobotCore: thread id=898 tid=0 name="Chrome_IOThread"
12-15 10:46:02.441 11732 12022 E RobotCore: thread id=881 tid=0 name="ReferenceQueueDaemon"
12-15 10:46:02.441 11732 12022 E RobotCore:     at java.lang.Object.wait(Native Method)
12-15 10:46:02.441 11732 12022 E RobotCore:     at java.lang.Daemons$ReferenceQueueDaemon.run(Daemons.java:147)
12-15 10:46:02.441 11732 12022 E RobotCore:     at java.lang.Thread.run(Thread.java:818)
12-15 10:46:02.441 11732 12022 E RobotCore: thread id=937 tid=12110 name="lynx incoming datagrams"
12-15 10:46:02.441 11732 12022 E RobotCore:     at java.lang.Object.wait(Native Method)
12-15 10:46:02.441 11732 12022 E RobotCore:     at java.lang.Object.wait(Object.java:423)
12-15 10:46:02.441 11732 12022 E RobotCore:     at org.firstinspires.ftc.robotcore.internal.ftdi.ReadBufferManager.readBulkInData(ReadBufferManager.java:575)
12-15 10:46:02.441 11732 12022 E RobotCore:     at org.firstinspires.ftc.robotcore.internal.ftdi.FtDevice.read(FtDevice.java:696)
12-15 10:46:02.442 11732 12022 E RobotCore:     at com.qualcomm.robotcore.hardware.usb.ftdi.RobotUsbDeviceFtdi.read(RobotUsbDeviceFtdi.java:129)
12-15 10:46:02.442 11732 12022 E RobotCore:     at com.qualcomm.hardware.lynx.LynxUsbDeviceImpl$IncomingDatagramPoller.readIncomingBytes(LynxUsbDeviceImpl.java:893)
12-15 10:46:02.442 11732 12022 E RobotCore:     at com.qualcomm.hardware.lynx.LynxUsbDeviceImpl$IncomingDatagramPoller.pollForIncomingDatagram(LynxUsbDeviceImpl.java:952)
12-15 10:46:02.442 11732 12022 E RobotCore:     at com.qualcomm.hardware.lynx.LynxUsbDeviceImpl$IncomingDatagramPoller$1.run(LynxUsbDeviceImpl.java:866)
12-15 10:46:02.442 11732 12022 E RobotCore:     at com.qualcomm.robotcore.util.ThreadPool.logThreadLifeCycle(ThreadPool.java:737)
12-15 10:46:02.442 11732 12022 E RobotCore:     at com.qualcomm.hardware.lynx.LynxUsbDeviceImpl$IncomingDatagramPoller.run(LynxUsbDeviceImpl.java:856)
12-15 10:46:02.442 11732 12022 E RobotCore:     at java.util.concurrent.ThreadPoolExecutor.runWorker(ThreadPoolExecutor.java:1113)
12-15 10:46:02.442 11732 12022 E RobotCore:     at java.util.concurrent.ThreadPoolExecutor$Worker.run(ThreadPoolExecutor.java:588)
12-15 10:46:02.442 11732 12022 E RobotCore:     at com.qualcomm.robotcore.util.ThreadPool$ThreadFactoryImpl$1.run(ThreadPool.java:793)
12-15 10:46:02.442 11732 12022 E RobotCore:     at java.lang.Thread.run(Thread.java:818)
12-15 10:46:02.442 11732 12022 E RobotCore: thread id=911 tid=0 name="GAC_Executor[1]"
12-15 10:46:02.442 11732 12022 E RobotCore:     at java.lang.Object.wait(Native Method)
12-15 10:46:02.442 11732 12022 E RobotCore:     at java.lang.Thread.parkFor$(Thread.java:1220)
12-15 10:46:02.442 11732 12022 E RobotCore:     at sun.misc.Unsafe.park(Unsafe.java:299)
12-15 10:46:02.442 11732 12022 E RobotCore:     at java.util.concurrent.locks.LockSupport.park(LockSupport.java:158)
12-15 10:46:02.442 11732 12022 E RobotCore:     at java.util.concurrent.locks.AbstractQueuedSynchronizer$ConditionObject.await(AbstractQueuedSynchronizer.java:2013)
12-15 10:46:02.442 11732 12022 E RobotCore:     at java.util.concurrent.LinkedBlockingQueue.take(LinkedBlockingQueue.java:410)
12-15 10:46:02.442 11732 12022 E RobotCore:     at java.util.concurrent.ThreadPoolExecutor.getTask(ThreadPoolExecutor.java:1038)
12-15 10:46:02.442 11732 12022 E RobotCore:     at java.util.concurrent.ThreadPoolExecutor.runWorker(ThreadPoolExecutor.java:1098)
12-15 10:46:02.442 11732 12022 E RobotCore:     at java.util.concurrent.ThreadPoolExecutor$Worker.run(ThreadPoolExecutor.java:588)
12-15 10:46:02.442 11732 12022 E RobotCore:     at po.run(PG:5)
12-15 10:46:02.442 11732 12022 E RobotCore:     at java.lang.Thread.run(Thread.java:818)
12-15 10:46:02.442 11732 12022 E RobotCore: thread id=923 tid=11996 name="opmode loop()"
12-15 10:46:02.442 11732 12022 E RobotCore:     at java.lang.Object.wait(Native Method)
12-15 10:46:02.442 11732 12022 E RobotCore:     at java.lang.Thread.parkFor$(Thread.java:1220)
12-15 10:46:02.442 11732 12022 E RobotCore:     at sun.misc.Unsafe.park(Unsafe.java:299)
12-15 10:46:02.442 11732 12022 E RobotCore:     at java.util.concurrent.locks.LockSupport.parkNanos(LockSupport.java:198)
12-15 10:46:02.442 11732 12022 E RobotCore:     at java.util.concurrent.locks.AbstractQueuedSynchronizer$ConditionObject.awaitNanos(AbstractQueuedSynchronizer.java:2053)
12-15 10:46:02.442 11732 12022 E RobotCore:     at java.util.concurrent.ThreadPoolExecutor.awaitTermination(ThreadPoolExecutor.java:1434)
12-15 10:46:02.442 11732 12022 E RobotCore:     at com.qualcomm.robotcore.util.ThreadPool$RecordingThreadPool.awaitTermination(ThreadPool.java:998)
12-15 10:46:02.442 11732 12022 E RobotCore:     at com.qualcomm.robotcore.util.ThreadPool.awaitTermination(ThreadPool.java:517)
12-15 10:46:02.443 11732 12022 E RobotCore:     at com.qualcomm.robotcore.eventloop.opmode.LinearOpMode.stop(LinearOpMode.java:271)
12-15 10:46:02.443 11732 12022 E RobotCore:     at org.firstinspires.ftc.robotcore.internal.opmode.OpModeManagerImpl$1.run(OpModeManagerImpl.java:398)
12-15 10:46:02.443 11732 12022 E RobotCore:     at org.firstinspires.ftc.robotcore.internal.opmode.OpModeManagerImpl.detectStuck(OpModeManagerImpl.java:419)
12-15 10:46:02.443 11732 12022 E RobotCore:     at org.firstinspires.ftc.robotcore.internal.opmode.OpModeManagerImpl.detectStuck(OpModeManagerImpl.java:413)
12-15 10:46:02.443 11732 12022 E RobotCore:     at org.firstinspires.ftc.robotcore.internal.opmode.OpModeManagerImpl.callActiveOpModeStop(OpModeManagerImpl.java:396)
12-15 10:46:02.443 11732 12022 E RobotCore:     at org.firstinspires.ftc.robotcore.internal.opmode.OpModeManagerImpl.runActiveOpMode(OpModeManagerImpl.java:327)
12-15 10:46:02.443 11732 12022 E RobotCore:     at com.qualcomm.ftccommon.FtcEventLoop.loop(FtcEventLoop.java:212)
12-15 10:46:02.443 11732 12022 E RobotCore:     at com.qualcomm.robotcore.eventloop.EventLoopManager$EventLoopRunnable$1.run(EventLoopManager.java:296)
12-15 10:46:02.443 11732 12022 E RobotCore:     at com.qualcomm.robotcore.util.ThreadPool.logThreadLifeCycle(ThreadPool.java:737)
12-15 10:46:02.443 11732 12022 E RobotCore:     at com.qualcomm.robotcore.eventloop.EventLoopManager$EventLoopRunnable.run(EventLoopManager.java:239)
12-15 10:46:02.443 11732 12022 E RobotCore:     at com.qualcomm.robotcore.eventloop.EventLoopManager$1.run(EventLoopManager.java:564)
12-15 10:46:02.443 11732 12022 E RobotCore:     at java.util.concurrent.ThreadPoolExecutor.runWorker(ThreadPoolExecutor.java:1113)
12-15 10:46:02.443 11732 12022 E RobotCore:     at java.util.concurrent.ThreadPoolExecutor$Worker.run(ThreadPoolExecutor.java:588)
12-15 10:46:02.443 11732 12022 E RobotCore:     at com.qualcomm.robotcore.util.ThreadPool$ThreadFactoryImpl$1.run(ThreadPool.java:793)
12-15 10:46:02.443 11732 12022 E RobotCore:     at java.lang.Thread.run(Thread.java:818)
12-15 10:46:02.443 11732 12022 E RobotCore: thread id=938 tid=12111 name="lynx module executor-#0"
12-15 10:46:02.443 11732 12022 E RobotCore:     at java.lang.Object.wait(Native Method)
12-15 10:46:02.443 11732 12022 E RobotCore:     at java.lang.Thread.parkFor$(Thread.java:1220)
12-15 10:46:02.443 11732 12022 E RobotCore:     at sun.misc.Unsafe.park(Unsafe.java:299)
12-15 10:46:02.443 11732 12022 E RobotCore:     at java.util.concurrent.locks.LockSupport.parkNanos(LockSupport.java:198)
12-15 10:46:02.443 11732 12022 E RobotCore:     at java.util.concurrent.locks.AbstractQueuedSynchronizer$ConditionObject.awaitNanos(AbstractQueuedSynchronizer.java:2053)
12-15 10:46:02.443 11732 12022 E RobotCore:     at java.util.concurrent.ScheduledThreadPoolExecutor$DelayedWorkQueue.take(ScheduledThreadPoolExecutor.java:1090)
12-15 10:46:02.443 11732 12022 E RobotCore:     at java.util.concurrent.ScheduledThreadPoolExecutor$DelayedWorkQueue.take(ScheduledThreadPoolExecutor.java:1071)
12-15 10:46:02.443 11732 12022 E RobotCore:     at java.util.concurrent.ThreadPoolExecutor.getTask(ThreadPoolExecutor.java:1038)
12-15 10:46:02.443 11732 12022 E RobotCore:     at java.util.concurrent.ThreadPoolExecutor.runWorker(ThreadPoolExecutor.java:1098)
12-15 10:46:02.443 11732 12022 E RobotCore:     at java.util.concurrent.ThreadPoolExecutor$Worker.run(ThreadPoolExecutor.java:588)
12-15 10:46:02.443 11732 12022 E RobotCore:     at com.qualcomm.robotcore.util.ThreadPool$ThreadFactoryImpl$1.run(ThreadPool.java:793)
12-15 10:46:02.443 11732 12022 E RobotCore:     at java.lang.Thread.run(Thread.java:818)
12-15 10:46:02.443 11732 12022 E RobotCore: thread id=905 tid=0 name="JavaBridge"
12-15 10:46:02.444 11732 12022 E RobotCore:     at android.os.MessageQueue.nativePollOnce(Native Method)
12-15 10:46:02.444 11732 12022 E RobotCore:     at android.os.MessageQueue.next(MessageQueue.java:323)
12-15 10:46:02.444 11732 12022 E RobotCore:     at android.os.Looper.loop(Looper.java:135)
12-15 10:46:02.444 11732 12022 E RobotCore:     at android.os.HandlerThread.run(HandlerThread.java:61)
12-15 10:46:02.444 11732 12022 E RobotCore: thread id=931 tid=0 name="pool-13-thread-1"
12-15 10:46:02.444 11732 12022 E RobotCore:     at java.lang.Object.wait(Native Method)
12-15 10:46:02.444 11732 12022 E RobotCore:     at java.lang.Thread.parkFor$(Thread.java:1220)
12-15 10:46:02.444 11732 12022 E RobotCore:     at sun.misc.Unsafe.park(Unsafe.java:299)
12-15 10:46:02.444 11732 12022 E RobotCore:     at java.util.concurrent.locks.LockSupport.parkNanos(LockSupport.java:198)
12-15 10:46:02.444 11732 12022 E RobotCore:     at java.util.concurrent.locks.AbstractQueuedSynchronizer$ConditionObject.awaitNanos(AbstractQueuedSynchronizer.java:2053)
12-15 10:46:02.444 11732 12022 E RobotCore:     at java.util.concurrent.ScheduledThreadPoolExecutor$DelayedWorkQueue.take(ScheduledThreadPoolExecutor.java:1090)
12-15 10:46:02.444 11732 12022 E RobotCore:     at java.util.concurrent.ScheduledThreadPoolExecutor$DelayedWorkQueue.take(ScheduledThreadPoolExecutor.java:1071)
12-15 10:46:02.444 11732 12022 E RobotCore:     at java.util.concurrent.ThreadPoolExecutor.getTask(ThreadPoolExecutor.java:1038)
12-15 10:46:02.444 11732 12022 E RobotCore:     at java.util.concurrent.ThreadPoolExecutor.runWorker(ThreadPoolExecutor.java:1098)
12-15 10:46:02.444 11732 12022 E RobotCore:     at java.util.concurrent.ThreadPoolExecutor$Worker.run(ThreadPoolExecutor.java:588)
12-15 10:46:02.444 11732 12022 E RobotCore:     at java.lang.Thread.run(Thread.java:818)
12-15 10:46:02.444 11732 12022 E RobotCore: thread id=883 tid=0 name="FinalizerWatchdogDaemon"
12-15 10:46:02.444 11732 12022 E RobotCore:     at java.lang.Object.wait(Native Method)
12-15 10:46:02.444 11732 12022 E RobotCore:     at java.lang.Daemons$FinalizerWatchdogDaemon.waitForObject(Daemons.java:255)
12-15 10:46:02.444 11732 12022 E RobotCore:     at java.lang.Daemons$FinalizerWatchdogDaemon.run(Daemons.java:227)
12-15 10:46:02.444 11732 12022 E RobotCore:     at java.lang.Thread.run(Thread.java:818)
12-15 10:46:02.444 11732 12022 E RobotCore: thread id=897 tid=0 name="GoogleApiHandler"
12-15 10:46:02.444 11732 12022 E RobotCore:     at android.os.MessageQueue.nativePollOnce(Native Method)
12-15 10:46:02.444 11732 12022 E RobotCore:     at android.os.MessageQueue.next(MessageQueue.java:323)
12-15 10:46:02.444 11732 12022 E RobotCore:     at android.os.Looper.loop(Looper.java:135)
12-15 10:46:02.444 11732 12022 E RobotCore:     at android.os.HandlerThread.run(HandlerThread.java:61)
12-15 10:46:02.444 11732 12022 E RobotCore: thread id=903 tid=0 name="CleanupReference"
12-15 10:46:02.444 11732 12022 E RobotCore:     at java.lang.Object.wait(Native Method)
12-15 10:46:02.444 11732 12022 E RobotCore:     at java.lang.Object.wait(Object.java:423)
12-15 10:46:02.445 11732 12022 E RobotCore:     at java.lang.ref.ReferenceQueue.remove(ReferenceQueue.java:101)
12-15 10:46:02.445 11732 12022 E RobotCore:     at java.lang.ref.ReferenceQueue.remove(ReferenceQueue.java:72)
12-15 10:46:02.445 11732 12022 E RobotCore:     at Ad.run(PG:3)
12-15 10:46:02.445 11732 12022 E RobotCore: thread id=880 tid=0 name="JDWP"
12-15 10:46:02.445 11732 12022 E RobotCore: thread id=930 tid=12022 name="OpModeStuckCodeMonitor-#0"
12-15 10:46:02.445 11732 12022 E RobotCore:     at dalvik.system.VMStack.getThreadStackTrace(Native Method)
12-15 10:46:02.445 11732 12022 E RobotCore:     at java.lang.Thread.getStackTrace(Thread.java:580)
12-15 10:46:02.445 11732 12022 E RobotCore:     at java.lang.Thread.getAllStackTraces(Thread.java:522)
12-15 10:46:02.445 11732 12022 E RobotCore:     at org.firstinspires.ftc.robotcore.internal.opmode.OpModeManagerImpl$OpModeStuckCodeMonitor$Runner.run(OpModeManagerImpl.java:484)
12-15 10:46:02.445 11732 12022 E RobotCore:     at java.util.concurrent.ThreadPoolExecutor.runWorker(ThreadPoolExecutor.java:1113)
12-15 10:46:02.445 11732 12022 E RobotCore:     at java.util.concurrent.ThreadPoolExecutor$Worker.run(ThreadPoolExecutor.java:588)
12-15 10:46:02.445 11732 12022 E RobotCore:     at com.qualcomm.robotcore.util.ThreadPool$ThreadFactoryImpl$1.run(ThreadPool.java:793)
12-15 10:46:02.445 11732 12022 E RobotCore:     at java.lang.Thread.run(Thread.java:818)
12-15 10:46:02.445 11732 12022 E RobotCore: thread id=902 tid=0 name="GAC_Executor[0]"
12-15 10:46:02.445 11732 12022 E RobotCore:     at java.lang.Object.wait(Native Method)
12-15 10:46:02.445 11732 12022 E RobotCore:     at java.lang.Thread.parkFor$(Thread.java:1220)
12-15 10:46:02.445 11732 12022 E RobotCore:     at sun.misc.Unsafe.park(Unsafe.java:299)
12-15 10:46:02.445 11732 12022 E RobotCore:     at java.util.concurrent.locks.LockSupport.park(LockSupport.java:158)
12-15 10:46:02.445 11732 12022 E RobotCore:     at java.util.concurrent.locks.AbstractQueuedSynchronizer$ConditionObject.await(AbstractQueuedSynchronizer.java:2013)
12-15 10:46:02.445 11732 12022 E RobotCore:     at java.util.concurrent.LinkedBlockingQueue.take(LinkedBlockingQueue.java:410)
12-15 10:46:02.445 11732 12022 E RobotCore:     at java.util.concurrent.ThreadPoolExecutor.getTask(ThreadPoolExecutor.java:1038)
12-15 10:46:02.445 11732 12022 E RobotCore:     at java.util.concurrent.ThreadPoolExecutor.runWorker(ThreadPoolExecutor.java:1098)
12-15 10:46:02.445 11732 12022 E RobotCore:     at java.util.concurrent.ThreadPoolExecutor$Worker.run(ThreadPoolExecutor.java:588)
12-15 10:46:02.445 11732 12022 E RobotCore:     at po.run(PG:5)
12-15 10:46:02.445 11732 12022 E RobotCore:     at java.lang.Thread.run(Thread.java:818)
12-15 10:46:02.445 11732 12022 E RobotCore: thread id=910 tid=11970 name="MTPMonitor-#0"
12-15 10:46:02.445 11732 12022 E RobotCore:     at java.lang.Thread.sleep(Native Method)
12-15 10:46:02.445 11732 12022 E RobotCore:     at java.lang.Thread.sleep(Thread.java:1031)
12-15 10:46:02.445 11732 12022 E RobotCore:     at java.lang.Thread.sleep(Thread.java:985)
12-15 10:46:02.445 11732 12022 E RobotCore:     at org.firstinspires.ftc.robotcore.internal.files.MediaTransferProtocolMonitor$1.run(MediaTransferProtocolMonitor.java:134)
12-15 10:46:02.446 11732 12022 E RobotCore:     at java.util.concurrent.Executors$RunnableAdapter.call(Executors.java:423)
12-15 10:46:02.446 11732 12022 E RobotCore:     at java.util.concurrent.FutureTask.run(FutureTask.java:237)
12-15 10:46:02.446 11732 12022 E RobotCore:     at java.util.concurrent.ThreadPoolExecutor.runWorker(ThreadPoolExecutor.java:1113)
12-15 10:46:02.446 11732 12022 E RobotCore:     at java.util.concurrent.ThreadPoolExecutor$Worker.run(ThreadPoolExecutor.java:588)
12-15 10:46:02.446 11732 12022 E RobotCore:     at com.qualcomm.robotcore.util.ThreadPool$ThreadFactoryImpl$1.run(ThreadPool.java:793)
12-15 10:46:02.446 11732 12022 E RobotCore:     at java.lang.Thread.run(Thread.java:818)
12-15 10:46:02.446 11732 12022 E RobotCore: thread id=921 tid=0 name="SoundPoolThread"
12-15 10:46:02.454 11732 12044 V Robocol : sending CMD_SHOW_TOAST(3887), attempt: 0
12-15 10:46:02.475 11732 11995 V SoundInfo: construct(0x0cbd2f09)
12-15 10:46:02.502 11732 11994 D ExtendedUtils: extended extractor not needed, return default
12-15 10:46:02.504 11732 11994 I MediaCodec: (0xb8d4e0f0) init name(audio/raw) isType(1) encoder(0)
12-15 10:46:02.509 11732 12143 E OMXMaster: A component of name 'OMX.qcom.audio.decoder.aac' already exists, ignoring this one.
12-15 10:46:02.512 11732 12143 I MediaCodec: (0xb8d4e0f0) Component Allocated (OMX.google.raw.decoder)
12-15 10:46:02.512 11732 11994 I MediaCodec: (0xb8d4e0f0) configure surface(0x0) crypto(0x0) flags(0)
12-15 10:46:02.512 11732 11994 D MediaCodec: (0xb8d4e0f0) configure format: AMessage(what = 0x00000000) = {
12-15 10:46:02.512 11732 11994 D MediaCodec:    string mime = "audio/raw"
12-15 10:46:02.512 11732 11994 D MediaCodec:    int64_t durationUs = 929183
12-15 10:46:02.512 11732 11994 D MediaCodec:    int32_t channel-count = 2
12-15 10:46:02.512 11732 11994 D MediaCodec:    int32_t sample-rate = 44100
12-15 10:46:02.512 11732 11994 D MediaCodec:    int32_t channel-mask = 0
12-15 10:46:02.512 11732 11994 D MediaCodec:  }
12-15 10:46:02.513 11732 11994 I MediaCodec: (0xb8d4e0f0) start
12-15 10:46:02.514 11732 12143 I MediaCodec: (0xb8d4e0f0) input buffers allocated
12-15 10:46:02.514 11732 12143 I MediaCodec: (0xb8d4e0f0) numBuffers (4)
12-15 10:46:02.514 11732 12143 I MediaCodec: (0xb8d4e0f0) output buffers allocated
12-15 10:46:02.514 11732 12143 I MediaCodec: (0xb8d4e0f0) numBuffers (4)
12-15 10:46:02.515 11732 12143 I MediaCodec: (0xb8d4e0f0) codec output format changed
12-15 10:46:02.515 11732 12143 D MediaCodec: (0xb8d4e0f0) output format: AMessage(what = 'codc', target = 14) = {
12-15 10:46:02.515 11732 12143 D MediaCodec:    string mime = "audio/raw"
12-15 10:46:02.515 11732 12143 D MediaCodec:    int32_t channel-count = 2
12-15 10:46:02.515 11732 12143 D MediaCodec:    int32_t sample-rate = 44100
12-15 10:46:02.515 11732 12143 D MediaCodec:    int32_t channel-mask = 0
12-15 10:46:02.515 11732 12143 D MediaCodec:    int32_t what = 1869968451
12-15 10:46:02.515 11732 12143 D MediaCodec:  }
12-15 10:46:02.536 11732 11969 V RenderScript: 0xb8f269b8 Launching thread(s), CPUs 4
12-15 10:46:02.538 11732 11994 I MediaCodec: (0xb8d4e0f0) stop
12-15 10:46:02.541 11732 11994 I MediaCodec: (0xb8d4e0f0) release
12-15 10:46:02.569 11732 11755 D SoundPlayer: onLoadComplete(samp=4|ms=929, samp=4)=0
12-15 10:46:02.570 11732 11995 W AudioTrack: AUDIO_OUTPUT_FLAG_FAST denied by client; transfer 4, track 44100 Hz, output 48000 Hz
12-15 10:46:02.574 11732 11995 D SoundPlayer: playing volume=1.000000 samp=4|ms=929
12-15 10:46:02.614 11732 12044 V Robocol : sending CMD_PLAY_SOUND(3890), attempt: 0
12-15 10:46:03.448 11732 12022 V AppUtil : restarting app
12-15 10:46:03.450 11732 12022 I AndroidRuntime: VM exiting with result code -1, cleanup skipped.
12-15 10:46:08.535 12159 12159 V AppUtil : initializing: getExternalStorageDirectory()=/storage/emulated/0
12-15 10:46:08.541 12159 12159 I AppUtil : found usbFileSystemRoot: /dev/bus/usb
12-15 10:46:08.546 12159 12172 V RobotCore: saving logcat to /storage/emulated/0/robotControllerLog.txt
12-15 10:46:08.546 12159 12172 V RobotCore: logging command line: exec logcat -f /storage/emulated/0/robotControllerLog.txt -r4096 -n4 -v threadtime UsbRequestJNI:S UsbRequest:S art:W ThreadPool:W System:W ExtendedExtractor:W OMXClient:W MediaPlayer:W dalvikvm:W  *:V
12-15 10:46:08.548 12159 12159 V ServiceStarter: attempting to start service MediaTransferProtocolMonitorService
12-15 10:46:08.550 12159 12159 V ServiceStarter: started service MediaTransferProtocolMonitorService
12-15 10:46:08.551 12159 12159 V ServiceStarter: attempting to start service OnBotJavaService
12-15 10:46:08.553 12159 12159 V ServiceStarter: started service OnBotJavaService
12-15 10:46:08.578 12159 12159 V AppUtil : rootActivity=FtcRobotControllerActivity
12-15 10:46:08.578 12159 12159 V RCActivity: onCreate()
12-15 10:46:08.583 12159 12159 V RCActivity: rootActivity is of class FtcRobotControllerActivity
12-15 10:46:08.607 12159 12178 V CallbackLooper: thread=931
12-15 10:46:08.608 12175 12175 W ps      : type=1400 audit(0.0:6621): avc: denied { getattr } for uid=10122 path="/proc/1" dev="proc" ino=62983 scontext=u:r:untrusted_app:s0:c512,c768 tcontext=u:r:init:s0 tclass=dir permissive=0
12-15 10:46:08.608 12175 12175 W ps      : type=1400 audit(0.0:6622): avc: denied { search } for uid=10122 name="1" dev="proc" ino=62983 scontext=u:r:untrusted_app:s0:c512,c768 tcontext=u:r:init:s0 tclass=dir permissive=0
12-15 10:46:08.608 12175 12175 W ps      : type=1400 audit(0.0:6623): avc: denied { search } for uid=10122 name="1" dev="proc" ino=62983 scontext=u:r:untrusted_app:s0:c512,c768 tcontext=u:r:init:s0 tclass=dir permissive=0
12-15 10:46:08.608 12175 12175 W ps      : type=1400 audit(0.0:6624): avc: denied { getattr } for uid=10122 path="/proc/2" dev="proc" ino=62984 scontext=u:r:untrusted_app:s0:c512,c768 tcontext=u:r:kernel:s0 tclass=dir permissive=0
12-15 10:46:08.608 12175 12175 W ps      : type=1400 audit(0.0:6625): avc: denied { search } for uid=10122 name="2" dev="proc" ino=62984 scontext=u:r:untrusted_app:s0:c512,c768 tcontext=u:r:kernel:s0 tclass=dir permissive=0
12-15 10:46:08.608 12175 12175 W ps      : type=1400 audit(0.0:6626): avc: denied { search } for uid=10122 name="2" dev="proc" ino=62984 scontext=u:r:untrusted_app:s0:c512,c768 tcontext=u:r:kernel:s0 tclass=dir permissive=0
12-15 10:46:08.608 12175 12175 W ps      : type=1400 audit(0.0:6627): avc: denied { getattr } for uid=10122 path="/proc/3" dev="proc" ino=62985 scontext=u:r:untrusted_app:s0:c512,c768 tcontext=u:r:kernel:s0 tclass=dir permissive=0
12-15 10:46:08.608 12175 12175 W ps      : type=1400 audit(0.0:6628): avc: denied { search } for uid=10122 name="3" dev="proc" ino=62985 scontext=u:r:untrusted_app:s0:c512,c768 tcontext=u:r:kernel:s0 tclass=dir permissive=0
12-15 10:46:08.608 12175 12175 W ps      : type=1400 audit(0.0:6629): avc: denied { search } for uid=10122 name="3" dev="proc" ino=62985 scontext=u:r:untrusted_app:s0:c512,c768 tcontext=u:r:kernel:s0 tclass=dir permissive=0
12-15 10:46:08.608 12175 12175 W ps      : type=1400 audit(0.0:6630): avc: denied { getattr } for uid=10122 path="/proc/5" dev="proc" ino=62986 scontext=u:r:untrusted_app:s0:c512,c768 tcontext=u:r:kernel:s0 tclass=dir permissive=0
12-15 10:46:08.608 12175 12175 W ps      : type=1400 audit(0.0:6631): avc: denied { search } for uid=10122 name="5" dev="proc" ino=62986 scontext=u:r:untrusted_app:s0:c512,c768 tcontext=u:r:kernel:s0 tclass=dir permissive=0
12-15 10:46:08.608 12175 12175 W ps      : type=1400 audit(0.0:6632): avc: denied { search } for uid=10122 name="5" dev="proc" ino=62986 scontext=u:r:untrusted_app:s0:c512,c768 tcontext=u:r:kernel:s0 tclass=dir permissive=0
12-15 10:46:08.608 12175 12175 W ps      : type=1400 audit(0.0:6633): avc: denied { getattr } for uid=10122 path="/proc/6" dev="proc" ino=62987 scontext=u:r:untrusted_app:s0:c512,c768 tcontext=u:r:kernel:s0 tclass=dir permissive=0
12-15 10:46:08.608 12175 12175 W ps      : type=1400 audit(0.0:6634): avc: denied { search } for uid=10122 name="6" dev="proc" ino=62987 scontext=u:r:untrusted_app:s0:c512,c768 tcontext=u:r:kernel:s0 tclass=dir permissive=0
12-15 10:46:08.608 12175 12175 W ps      : type=1400 audit(0.0:6635): avc: denied { search } for uid=10122 name="6" dev="proc" ino=62987 scontext=u:r:untrusted_app:s0:c512,c768 tcontext=u:r:kernel:s0 tclass=dir permissive=0
12-15 10:46:08.608 12175 12175 W ps      : type=1400 audit(0.0:6636): avc: denied { getattr } for uid=10122 path="/proc/7" dev="proc" ino=62988 scontext=u:r:untrusted_app:s0:c512,c768 tcontext=u:r:kernel:s0 tclass=dir permissive=0
12-15 10:46:08.608 12175 12175 W ps      : type=1400 audit(0.0:6637): avc: denied { search } for uid=10122 name="7" dev="proc" ino=62988 scontext=u:r:untrusted_app:s0:c512,c768 tcontext=u:r:kernel:s0 tclass=dir permissive=0
12-15 10:46:08.608 12175 12175 W ps      : type=1400 audit(0.0:6638): avc: denied { search } for uid=10122 name="7" dev="proc" ino=62988 scontext=u:r:untrusted_app:s0:c512,c768 tcontext=u:r:kernel:s0 tclass=dir permissive=0
12-15 10:46:08.608 12175 12175 W ps      : type=1400 audit(0.0:6639): avc: denied { getattr } for uid=10122 path="/proc/8" dev="proc" ino=62989 scontext=u:r:untrusted_app:s0:c512,c768 tcontext=u:r:kernel:s0 tclass=dir permissive=0
12-15 10:46:08.608 12175 12175 W ps      : type=1400 audit(0.0:6640): avc: denied { search } for uid=10122 name="8" dev="proc" ino=62989 scontext=u:r:untrusted_app:s0:c512,c768 tcontext=u:r:kernel:s0 tclass=dir permissive=0
12-15 10:46:08.612 12159 12159 V NetDiscover_wifiDirectAgent: doStart()...
12-15 10:46:08.617 12159 12178 V NetDiscover_wifiDirectAgent_bcast: wifiP2pEnabled=true
12-15 10:46:08.620 12159 12159 V NetDiscover_wifiDirectAgent: ...doStart()
12-15 10:46:08.621 12159 12159 V NetDiscover_name: doStart()...
12-15 10:46:08.622 12159 12159 V NetDiscover_name: ...doStart()
12-15 10:46:08.624 12159 12159 V NetDiscover_prefremrc: ----- all preferences -----
12-15 10:46:08.624 12159 12159 V NetDiscover_prefremrc: name='pref_wifip2p_groupowner_connectedto' value=
12-15 10:46:08.624 12159 12159 V NetDiscover_prefremrc: name='App Restrictions' value=AAAAAA==
12-15 10:46:08.624 12159 12159 V NetDiscover_prefremrc:     
12-15 10:46:08.624 12159 12159 V NetDiscover_prefremrc: name='pref_has_speaker' value=true
12-15 10:46:08.624 12159 12159 V NetDiscover_prefremrc: name='variations_seed_native_stored' value=true
12-15 10:46:08.624 12159 12159 V NetDiscover_prefremrc: name='pref_pairing_kind' value=WIFIDIRECT
12-15 10:46:08.624 12159 12159 V NetDiscover_prefremrc: name='pref_has_independent_phone_battery' value=true
12-15 10:46:08.624 12159 12159 V NetDiscover_prefremrc: name='pref_app_theme' value=red
12-15 10:46:08.624 12159 12159 V NetDiscover_prefremrc: name='pref_wifip2p_remote_channel_change_works' value=true
12-15 10:46:08.624 12159 12159 V NetDiscover_prefremrc: name='pref_hardware_config_filename' value={"isDirty":false,"location":"LOCAL_STORAGE","name":"stuff","resourceId":0}
12-15 10:46:08.624 12159 12159 V NetDiscover_prefremrc: name='pref_device_name' value=11639-RC
12-15 10:46:08.624 12159 12159 V NetDiscover_prefremrc: name='pref_device_name_old' value=11639-RC
12-15 10:46:08.624 12159 12159 V NetDiscover_prefremrc: name='pref_network_connection_type' value=WIFIDIRECT
12-15 10:46:08.625 12159 12159 V NetDiscover_prefremrc: name='pref_device_name_tracking' value=WIFIDIRECT
12-15 10:46:08.625 12159 12159 V NetDiscover_prefremrc: name='pref_wifip2p_channel' value=11
12-15 10:46:08.625 12159 12159 V NetDiscover_prefremrc: name='pref_sound_on_off' value=true
12-15 10:46:08.625 12159 12159 V NetDiscover_prefremrc: name='pref_rc_connected' value=true
12-15 10:46:08.625 12159 12159 V NetDiscover_prefremrc: doStart()...
12-15 10:46:08.625 12159 12159 V NetDiscover_prefremrc: ...doStart()
12-15 10:46:08.626 12159 12178 D NetDiscover_wifiDirectAgent_bcast: connection changed: networkInfo.state=CONNECTED
12-15 10:46:08.626 12159 12178 V NetDiscover_wifiDirectAgent_bcast: NetworkInfo: [type: WIFI_P2P[], state: CONNECTED/CONNECTED, reason: (unspecified), extra: (none), roaming: false, failover: false, isAvailable: true]
12-15 10:46:08.626 12159 12178 V NetDiscover_wifiDirectAgent_bcast: WifiP2pInfo: groupFormed: true isGroupOwner: true operatingChannel: 2462 groupOwnerAddress: /192.168.49.1 mccMode: false
12-15 10:46:08.626 12159 12178 V NetDiscover_wifiDirectAgent_bcast: WifiP2pGroup: network: DIRECT-nl-11639-RC, isGO: true, Operating Channel: 2462, GO: Device: , deviceAddress: 68:c4:4d:3f:92:e8, primary type: null, secondary type: null, wps: 0, grpcapab: 0, devcapab: 0, status: 4, wfdInfo: WFD enabled: falseWFD DeviceInfo: 0, WFD CtrlPort: 0, WFD MaxThroughput: 0, level: 0, Client: Device: 11639-DS, deviceAddress: cc:61:e5:0e:f0:ac, primary type: 10-0050F204-5, secondary type: null, wps: 392, grpcapab: 0, devcapab: 33, status: 0, wfdInfo: null, level: 60, interface: p2p0, networkId: 0, mGoOperFreq: 2462
12-15 10:46:08.627 12159 12178 V NetDiscover_wifiDirectAgent_bcast: this device changed: Device=11639-RC deviceAddress=68:c4:4d:3f:92:e8 primary type=10-0050F204-5 secondary type=null wps=0 grpcapab=0 devcapab=0 status=0 wfdInfo=WFD enabled=falseWFD DeviceInfo=0 WFD CtrlPort=0 WFD MaxThroughput=0 level=0
12-15 10:46:08.627 12159 12178 V NetDiscover_name: remembering wifiDirectName: 11639-RC...
12-15 10:46:08.629 12159 12178 V NetDiscover_name: wifiDirectName=11639-RC
12-15 10:46:08.631 12159 12178 V NetDiscover_name: ...remembering wifiDirectName
12-15 10:46:08.631 12159 12178 V NetDiscover_wifiDirectAgent_bcast: p2p discoverPeers()=false
12-15 10:46:08.631 12159 12178 V NetDiscover_wifiDirectAgent_bcast: wifi direct remembered groups cleared
12-15 10:46:08.634 12159 12178 V NetDiscover_wifiDirectAgent_bcast: wifiState=ENABLED
12-15 10:46:08.634 12159 12178 V NetDiscover_wifiDirectAgent: found persistent group: DIRECT-nl-11639-RC
12-15 10:46:08.646 12159 12172 I RobotCore: Done running ps
12-15 10:46:08.669 12159 12159 I WebViewFactory: Loading com.google.android.webview version 70.0.3538.80 (code 353808000)
12-15 10:46:08.744 12159 12159 I cr_LibraryLoader: Time to load native libraries: 1 ms (timestamps 456-457)
12-15 10:46:08.775 12159 12159 I chromium: [INFO:library_loader_hooks.cc(36)] Chromium logging enabled: level = 0, default verbosity = 0
12-15 10:46:08.775 12159 12159 I cr_LibraryLoader: Expected native library version number "70.0.3538.80", actual native library version number "70.0.3538.80"
12-15 10:46:08.802 12159 12159 I cr_BrowserStartup: Initializing chromium process, singleProcess=true
12-15 10:46:08.961 12159 12159 V OnBotJava: OnBotJavaManager::static
12-15 10:46:09.208 12159 12159 V OnBotJava: getCurrentOutputJarDir() unavailable
12-15 10:46:09.208 12159 12159 V OnBotJava: getCurrentOutputJarDir() unavailable
12-15 10:46:11.407 12159 12159 V UpdateUI: Network: inactive, disconnected
12-15 10:46:11.408 12159 12159 V ServiceStarter: attempting to start service FtcRobotControllerWatchdogService
12-15 10:46:11.409 12159 12159 V ServiceStarter: started service FtcRobotControllerWatchdogService
12-15 10:46:11.416 12159 12159 V RobotCore: BuildConfig: versionCode=31 versionName=4.3 module=com.qualcomm.ftcrobotcontroller
12-15 10:46:11.416 12159 12159 V RobotCore: BuildConfig: versionCode=55 versionName=8.9 module=com.qualcomm.robotcore
12-15 10:46:11.416 12159 12159 V RobotCore: BuildConfig: versionCode=55 versionName=8.9 module=com.qualcomm.hardware
12-15 10:46:11.416 12159 12159 V RobotCore: BuildConfig: versionCode=55 versionName=8.9 module=com.qualcomm.ftccommon
12-15 10:46:11.416 12159 12159 V RobotCore: BuildConfig: versionCode=55 versionName=8.9 module=com.google.blocks
12-15 10:46:11.416 12159 12159 V RobotCore: BuildConfig: versionCode=55 versionName=8.9 module=org.firstinspires.inspection
12-15 10:46:11.416 12159 12159 I RCActivity: 410c serial number: ZY223K6373
12-15 10:46:11.416 12159 12159 I RobotCore: Android Device: maker=motorola model=XT1609 sdk=23
12-15 10:46:11.418 12159 12159 V RCActivity: onStart()
12-15 10:46:11.418 12159 12159 V RCActivity: onResume()
12-15 10:46:11.428 12159 12205 D OpenGLRenderer: Use EGL_SWAP_BEHAVIOR_PRESERVED: true
12-15 10:46:11.482 12159 12159 V MTPMonitorService: onCreate()
12-15 10:46:11.482 12159 12159 V MTPMonitorService: onStartCommand() intent=Intent { cmp=com.qualcomm.ftcrobotcontroller/org.firstinspires.ftc.robotcore.internal.files.MediaTransferProtocolMonitorService } flags=0x0 startId=1
12-15 10:46:11.483 12159 12159 V MTPMonitor: observing: /storage/emulated/0
12-15 10:46:11.486 12159 12159 W FileObserverManager: upgrading mask: path=/storage/emulated/0/FIRST/blocks old=0x00000ffc new=0x00004ffc: might possibly miss event
12-15 10:46:11.491 12159 12159 W FileObserverManager: upgrading mask: path=/storage/emulated/0/FIRST/java/status old=0x00000ffc new=0x00004ffc: might possibly miss event
12-15 10:46:11.515 12159 12159 V OnBotJavaService: onCreate()
12-15 10:46:11.515 12159 12159 V OnBotJavaService: onStartCommand() intent=Intent { cmp=com.qualcomm.ftcrobotcontroller/org.firstinspires.ftc.robotcore.internal.opmode.OnBotJavaService } flags=0x0 startId=1
12-15 10:46:11.515 12159 12159 V OnBotJava: ctor()...
12-15 10:46:11.516 12159 12159 V OnBotJava: ...ctor()
12-15 10:46:11.518 12159 12159 V FtcRobotControllerWatchdogService: onCreate()
12-15 10:46:11.518 12159 12159 V FtcRobotControllerWatchdogService: onStartCommand() intent=Intent { cmp=com.qualcomm.ftcrobotcontroller/org.firstinspires.ftc.ftccommon.internal.FtcRobotControllerWatchdogService } flags=0x0 startId=1
12-15 10:46:11.518 12159 12159 V FtcRobotControllerWatchdogService: shouldAutoLauchRobotController() result=false
12-15 10:46:11.522 12159 12159 V FTCService: onCreate()
12-15 10:46:11.522 12159 12159 V FTCService: onBind()
12-15 10:46:11.525 12159 12159 V WebServer: creating NanoHTTPD(8080)
12-15 10:46:11.536 12159 12159 V RobotCore: Getting network assistant of type: WIFIDIRECT
12-15 10:46:11.539 12159 12159 V NetDiscover_prefremrc: onSharedPreferenceChanged(name=pref_wifip2p_groupowner_connectedto, value=null)
12-15 10:46:11.539 12159 12159 V WifiDirect: There are 1 Wifi Direct Assistant Clients (+)
12-15 10:46:11.539 12159 12159 V WifiDirect: Enabling Wifi Direct Assistant
12-15 10:46:11.541 12159 12159 V WifiDirectInviteMonitor: startMonitoring()
12-15 10:46:11.543 12159 12178 V NetDiscover_wifiDirectAgent_bcast: wifiP2pEnabled=true
12-15 10:46:11.543 12159 12178 D NetDiscover_wifiDirectAgent_bcast: connection changed: networkInfo.state=CONNECTED
12-15 10:46:11.544 12159 12178 V NetDiscover_wifiDirectAgent_bcast: NetworkInfo: [type: WIFI_P2P[], state: CONNECTED/CONNECTED, reason: (unspecified), extra: (none), roaming: false, failover: false, isAvailable: true]
12-15 10:46:11.544 12159 12178 V NetDiscover_wifiDirectAgent_bcast: WifiP2pInfo: groupFormed: true isGroupOwner: true operatingChannel: 2462 groupOwnerAddress: /192.168.49.1 mccMode: false
12-15 10:46:11.544 12159 12178 V NetDiscover_wifiDirectAgent_bcast: WifiP2pGroup: network: DIRECT-nl-11639-RC, isGO: true, Operating Channel: 2462, GO: Device: , deviceAddress: 68:c4:4d:3f:92:e8, primary type: null, secondary type: null, wps: 0, grpcapab: 0, devcapab: 0, status: 4, wfdInfo: WFD enabled: falseWFD DeviceInfo: 0, WFD CtrlPort: 0, WFD MaxThroughput: 0, level: 0, Client: Device: 11639-DS, deviceAddress: cc:61:e5:0e:f0:ac, primary type: 10-0050F204-5, secondary type: null, wps: 392, grpcapab: 0, devcapab: 33, status: 0, wfdInfo: null, level: 60, interface: p2p0, networkId: 0, mGoOperFreq: 2462
12-15 10:46:11.544 12159 12178 V NetDiscover_wifiDirectAgent_bcast: this device changed: Device=11639-RC deviceAddress=68:c4:4d:3f:92:e8 primary type=10-0050F204-5 secondary type=null wps=0 grpcapab=0 devcapab=0 status=0 wfdInfo=WFD enabled=falseWFD DeviceInfo=0 WFD CtrlPort=0 WFD MaxThroughput=0 level=0
12-15 10:46:11.544 12159 12178 V NetDiscover_name: remembering wifiDirectName: 11639-RC...
12-15 10:46:11.544 12159 12178 V NetDiscover_name: ...remembering wifiDirectName
12-15 10:46:11.544 12159 12178 V NetDiscover_wifiDirectAgent_bcast: p2p discoverPeers()=false
12-15 10:46:11.544 12159 12178 V NetDiscover_wifiDirectAgent_bcast: wifi direct remembered groups cleared
12-15 10:46:11.544 12159 12178 V NetDiscover_wifiDirectAgent_bcast: wifiState=ENABLED
12-15 10:46:11.588 12159 12205 I Adreno-EGL: <qeglDrvAPI_eglInitialize:379>: EGL 1.4 QUALCOMM build:  (Ifd751822f5)
12-15 10:46:11.588 12159 12205 I Adreno-EGL: OpenGL ES Shader Compiler Version: XE031.06.00.05
12-15 10:46:11.588 12159 12205 I Adreno-EGL: Build Date: 01/26/16 Tue
12-15 10:46:11.588 12159 12205 I Adreno-EGL: Local Branch: AU12_SBA
12-15 10:46:11.588 12159 12205 I Adreno-EGL: Remote Branch: 
12-15 10:46:11.588 12159 12205 I Adreno-EGL: Local Patches: 
12-15 10:46:11.588 12159 12205 I Adreno-EGL: Reconstruct Branch: 
12-15 10:46:11.595 12159 12205 I OpenGLRenderer: Initialized EGL, version 1.4
12-15 10:46:11.621 12159 12159 D WifiDirect: broadcast: state - enabled: true
12-15 10:46:11.622 12159 12159 D WifiDirect: broadcast: connection changed: connectStatus=NOT_CONNECTED networkInfo.state=CONNECTED
12-15 10:46:11.622 12159 12159 V WifiDirect: writing pref name=pref_wifip2p_groupowner_connectedto value=
12-15 10:46:11.622 12159 12159 V NetDiscover_prefremrc: onSharedPreferenceChanged(name=pref_wifip2p_groupowner_connectedto, value=)
12-15 10:46:11.624 12159 12159 D WifiDirect: broadcast: this device changed
12-15 10:46:11.624 12159 12159 V WifiDirect: device information: 11639-RC 68:c4:4d:3f:92:e8
12-15 10:46:11.624 12159 12159 V FTCService: RCActivity.controllerService=bound
12-15 10:46:11.625 12159 12159 V UpdateUI: Network: unknown, disconnected
12-15 10:46:11.625 12159 12159 V RobotCore: Robot Status: stopped
12-15 10:46:11.634 12159 12209 V RobotCore: thread: 'RobotSetupRunnable.run()' starting...
12-15 10:46:11.634 12159 12209 V FTCService: Processing robot setup
12-15 10:46:11.634 12159 12209 V RobotCore: Robot Status: stopped, scanning for USB devices
12-15 10:46:11.644 12159 12159 D WifiDirect: cannot create group, does group already exist?
12-15 10:46:11.689 12159 12159 D WifiDirect: group owners address: /192.168.49.1
12-15 10:46:11.690 12159 12159 D WifiDirect: group formed, this device is the group owner (GO)
12-15 10:46:11.690 12159 12159 I FTCService: onNetworkConnectionEvent: CONNECTED_AS_GROUP_OWNER
12-15 10:46:11.690 12159 12159 I FTCService: Wifi Direct - connected as group owner
12-15 10:46:11.696 12159 12159 V UpdateUI: Network: enabled, disconnected
12-15 10:46:11.732 12159 12159 V WifiDirect: connection information available
12-15 10:46:11.732 12159 12159 V WifiDirect: connection information - groupOwnerName = 11639-RC
12-15 10:46:11.732 12159 12159 V WifiDirect: connection information - groupOwnerMacAddress = 68:c4:4d:3f:92:e8
12-15 10:46:11.732 12159 12159 V WifiDirect: connection information - groupInterface = p2p0
12-15 10:46:11.732 12159 12159 V WifiDirect: connection information - groupNetworkName = DIRECT-nl-11639-RC
12-15 10:46:11.732 12159 12159 I FTCService: onNetworkConnectionEvent: CONNECTION_INFO_AVAILABLE
12-15 10:46:11.732 12159 12159 I FTCService: Network Connection Passphrase: kZTMAspV
12-15 10:46:11.732 12159 12159 V WebServer: starting port=8080
12-15 10:46:11.744 12159 12159 V RobotCore: Getting network assistant of type: WIFIDIRECT
12-15 10:46:11.744 12159 12159 V WifiDirect: There are 2 Wifi Direct Assistant Clients (+)
12-15 10:46:11.745 12159 12159 V WebServer: started port=8080
12-15 10:46:11.746 12159 12159 V UpdateUI: Network: active, disconnected
12-15 10:46:11.747 12159 12178 V NetDiscover_wifiDirectAgent_bcast: wifiP2pEnabled=true
12-15 10:46:11.749 12159 12178 D NetDiscover_wifiDirectAgent_bcast: connection changed: networkInfo.state=CONNECTED
12-15 10:46:11.749 12159 12178 V NetDiscover_wifiDirectAgent_bcast: NetworkInfo: [type: WIFI_P2P[], state: CONNECTED/CONNECTED, reason: (unspecified), extra: (none), roaming: false, failover: false, isAvailable: true]
12-15 10:46:11.749 12159 12178 V NetDiscover_wifiDirectAgent_bcast: WifiP2pInfo: groupFormed: true isGroupOwner: true operatingChannel: 2462 groupOwnerAddress: /192.168.49.1 mccMode: false
12-15 10:46:11.749 12159 12178 V NetDiscover_wifiDirectAgent_bcast: WifiP2pGroup: network: DIRECT-nl-11639-RC, isGO: true, Operating Channel: 2462, GO: Device: , deviceAddress: 68:c4:4d:3f:92:e8, primary type: null, secondary type: null, wps: 0, grpcapab: 0, devcapab: 0, status: 4, wfdInfo: WFD enabled: falseWFD DeviceInfo: 0, WFD CtrlPort: 0, WFD MaxThroughput: 0, level: 0, Client: Device: 11639-DS, deviceAddress: cc:61:e5:0e:f0:ac, primary type: 10-0050F204-5, secondary type: null, wps: 392, grpcapab: 0, devcapab: 33, status: 0, wfdInfo: null, level: 60, interface: p2p0, networkId: 0, mGoOperFreq: 2462
12-15 10:46:11.750 12159 12178 V NetDiscover_wifiDirectAgent_bcast: this device changed: Device=11639-RC deviceAddress=68:c4:4d:3f:92:e8 primary type=10-0050F204-5 secondary type=null wps=0 grpcapab=0 devcapab=0 status=0 wfdInfo=WFD enabled=falseWFD DeviceInfo=0 WFD CtrlPort=0 WFD MaxThroughput=0 level=0
12-15 10:46:11.750 12159 12178 V NetDiscover_name: remembering wifiDirectName: 11639-RC...
12-15 10:46:11.750 12159 12178 V NetDiscover_name: ...remembering wifiDirectName
12-15 10:46:11.750 12159 12178 V NetDiscover_wifiDirectAgent_bcast: p2p discoverPeers()=false
12-15 10:46:11.750 12159 12178 V NetDiscover_wifiDirectAgent_bcast: wifi direct remembered groups cleared
12-15 10:46:11.750 12159 12178 V NetDiscover_wifiDirectAgent_bcast: wifiState=ENABLED
12-15 10:46:11.754 12159 12159 E libEGL  : validate_display:255 error 3008 (EGL_BAD_DISPLAY)
12-15 10:46:16.636 12159 12209 V RobotCore: EventLoopManager state is NOT_STARTED
12-15 10:46:16.637 12159 12209 V RobotCore: Robot Status: stopped, waiting for Wifi to enable
12-15 10:46:16.639 12159 12209 I RobotCore: state = 3
12-15 10:46:16.640 12159 12209 V RobotCore: Robot Status: stopped, waiting for Wifi Direct to enable
12-15 10:46:16.640 12159 12209 V FTCService: Waiting for a connection to a wifi service
12-15 10:46:16.641 12159 12209 V RobotCore: Robot Status: stopped, waiting for network to become active
12-15 10:46:16.641 12159 12209 V WebServer: Asked an already running WebServer to start
12-15 10:46:16.641 12159 12209 V RobotCore: Robot Status: stopped, starting robot
12-15 10:46:16.641 12159 12209 V Robocol : EventLoopManager.start()
12-15 10:46:16.642 12159 12209 V RobotCore: Getting network assistant of type: WIFIDIRECT
