12-15 10:48:35.087 12746 12746 V RobotCore: BuildConfig: versionCode=55 versionName=8.9 module=com.qualcomm.hardware
12-15 10:48:35.087 12746 12746 V RobotCore: BuildConfig: versionCode=55 versionName=8.9 module=com.qualcomm.ftccommon
12-15 10:48:35.088 12746 12746 V RobotCore: BuildConfig: versionCode=55 versionName=8.9 module=com.google.blocks
12-15 10:48:35.088 12746 12746 V RobotCore: BuildConfig: versionCode=55 versionName=8.9 module=org.firstinspires.inspection
12-15 10:48:35.088 12746 12746 I RCActivity: 410c serial number: ZY223K6373
12-15 10:48:35.088 12746 12746 I RobotCore: Android Device: maker=motorola model=XT1609 sdk=23
12-15 10:48:35.089 12746 12746 V RCActivity: onStart()
12-15 10:48:35.090 12746 12746 V RCActivity: onResume()
12-15 10:48:35.100 12746 13056 D OpenGLRenderer: Use EGL_SWAP_BEHAVIOR_PRESERVED: true
12-15 10:48:35.157 12746 12746 V MTPMonitorService: onCreate()
12-15 10:48:35.158 12746 12746 V MTPMonitorService: onStartCommand() intent=Intent { cmp=com.qualcomm.ftcrobotcontroller/org.firstinspires.ftc.robotcore.internal.files.MediaTransferProtocolMonitorService } flags=0x0 startId=1
12-15 10:48:35.158 12746 12746 V MTPMonitor: observing: /storage/emulated/0
12-15 10:48:35.162 12746 12746 W FileObserverManager: upgrading mask: path=/storage/emulated/0/FIRST/blocks old=0x00000ffc new=0x00004ffc: might possibly miss event
12-15 10:48:35.167 12746 12746 W FileObserverManager: upgrading mask: path=/storage/emulated/0/FIRST/java/status old=0x00000ffc new=0x00004ffc: might possibly miss event
12-15 10:48:35.193 12746 12746 V OnBotJavaService: onCreate()
12-15 10:48:35.193 12746 12746 V OnBotJavaService: onStartCommand() intent=Intent { cmp=com.qualcomm.ftcrobotcontroller/org.firstinspires.ftc.robotcore.internal.opmode.OnBotJavaService } flags=0x0 startId=1
12-15 10:48:35.193 12746 12746 V OnBotJava: ctor()...
12-15 10:48:35.194 12746 12746 V OnBotJava: ...ctor()
12-15 10:48:35.196 12746 12746 V FtcRobotControllerWatchdogService: onCreate()
12-15 10:48:35.196 12746 12746 V FtcRobotControllerWatchdogService: onStartCommand() intent=Intent { cmp=com.qualcomm.ftcrobotcontroller/org.firstinspires.ftc.ftccommon.internal.FtcRobotControllerWatchdogService } flags=0x0 startId=1
12-15 10:48:35.196 12746 12746 V FtcRobotControllerWatchdogService: shouldAutoLauchRobotController() result=false
12-15 10:48:35.197 12746 12746 V FTCService: onCreate()
12-15 10:48:35.197 12746 12746 V FTCService: onBind()
12-15 10:48:35.200 12746 12746 V WebServer: creating NanoHTTPD(8080)
12-15 10:48:35.209 12746 12746 V RobotCore: Getting network assistant of type: WIFIDIRECT
12-15 10:48:35.213 12746 12746 V NetDiscover_prefremrc: onSharedPreferenceChanged(name=pref_wifip2p_groupowner_connectedto, value=null)
12-15 10:48:35.213 12746 12746 V WifiDirect: There are 1 Wifi Direct Assistant Clients (+)
12-15 10:48:35.213 12746 12746 V WifiDirect: Enabling Wifi Direct Assistant
12-15 10:48:35.214 12746 12746 V WifiDirectInviteMonitor: startMonitoring()
12-15 10:48:35.217 12746 12767 V NetDiscover_wifiDirectAgent_bcast: wifiP2pEnabled=true
12-15 10:48:35.217 12746 12767 D NetDiscover_wifiDirectAgent_bcast: connection changed: networkInfo.state=CONNECTED
12-15 10:48:35.217 12746 12767 V NetDiscover_wifiDirectAgent_bcast: NetworkInfo: [type: WIFI_P2P[], state: CONNECTED/CONNECTED, reason: (unspecified), extra: (none), roaming: false, failover: false, isAvailable: true]
12-15 10:48:35.217 12746 12767 V NetDiscover_wifiDirectAgent_bcast: WifiP2pInfo: groupFormed: true isGroupOwner: true operatingChannel: 2462 groupOwnerAddress: /192.168.49.1 mccMode: false
12-15 10:48:35.218 12746 12767 V NetDiscover_wifiDirectAgent_bcast: WifiP2pGroup: network: DIRECT-nl-11639-RC, isGO: true, Operating Channel: 2462, GO: Device: , deviceAddress: 68:c4:4d:3f:92:e8, primary type: null, secondary type: null, wps: 0, grpcapab: 0, devcapab: 0, status: 4, wfdInfo: WFD enabled: falseWFD DeviceInfo: 0, WFD CtrlPort: 0, WFD MaxThroughput: 0, level: 0, Client: Device: 11639-DS, deviceAddress: cc:61:e5:0e:f0:ac, primary type: 10-0050F204-5, secondary type: null, wps: 392, grpcapab: 0, devcapab: 33, status: 0, wfdInfo: null, level: 60, interface: p2p0, networkId: 0, mGoOperFreq: 2462
12-15 10:48:35.218 12746 12767 V NetDiscover_wifiDirectAgent_bcast: this device changed: Device=11639-RC deviceAddress=68:c4:4d:3f:92:e8 primary type=10-0050F204-5 secondary type=null wps=0 grpcapab=0 devcapab=0 status=0 wfdInfo=WFD enabled=falseWFD DeviceInfo=0 WFD CtrlPort=0 WFD MaxThroughput=0 level=0
12-15 10:48:35.218 12746 12767 V NetDiscover_name: remembering wifiDirectName: 11639-RC...
12-15 10:48:35.218 12746 12767 V NetDiscover_name: wifiDirectName=11639-RC
12-15 10:48:35.218 12746 12767 V NetDiscover_name: ...remembering wifiDirectName
12-15 10:48:35.218 12746 12767 V NetDiscover_wifiDirectAgent_bcast: p2p discoverPeers()=false
12-15 10:48:35.218 12746 12767 V NetDiscover_wifiDirectAgent_bcast: wifi direct remembered groups cleared
12-15 10:48:35.218 12746 12767 V NetDiscover_wifiDirectAgent_bcast: wifiState=ENABLED
12-15 10:48:35.257 12746 13056 I Adreno-EGL: <qeglDrvAPI_eglInitialize:379>: EGL 1.4 QUALCOMM build:  (Ifd751822f5)
12-15 10:48:35.257 12746 13056 I Adreno-EGL: OpenGL ES Shader Compiler Version: XE031.06.00.05
12-15 10:48:35.257 12746 13056 I Adreno-EGL: Build Date: 01/26/16 Tue
12-15 10:48:35.257 12746 13056 I Adreno-EGL: Local Branch: AU12_SBA
12-15 10:48:35.257 12746 13056 I Adreno-EGL: Remote Branch: 
12-15 10:48:35.257 12746 13056 I Adreno-EGL: Local Patches: 
12-15 10:48:35.257 12746 13056 I Adreno-EGL: Reconstruct Branch: 
12-15 10:48:35.266 12746 13056 I OpenGLRenderer: Initialized EGL, version 1.4
12-15 10:48:35.290 12746 12746 D WifiDirect: broadcast: state - enabled: true
12-15 10:48:35.291 12746 12746 D WifiDirect: broadcast: connection changed: connectStatus=NOT_CONNECTED networkInfo.state=CONNECTED
12-15 10:48:35.291 12746 12746 V WifiDirect: writing pref name=pref_wifip2p_groupowner_connectedto value=
12-15 10:48:35.291 12746 12746 V NetDiscover_prefremrc: onSharedPreferenceChanged(name=pref_wifip2p_groupowner_connectedto, value=)
12-15 10:48:35.291 12746 12746 D WifiDirect: broadcast: this device changed
12-15 10:48:35.292 12746 12746 V WifiDirect: device information: 11639-RC 68:c4:4d:3f:92:e8
12-15 10:48:35.292 12746 12746 D WifiDirect: cannot create group, does group already exist?
12-15 10:48:35.292 12746 12746 V FTCService: RCActivity.controllerService=bound
12-15 10:48:35.292 12746 12746 V UpdateUI: Network: unknown, disconnected
12-15 10:48:35.292 12746 12746 V RobotCore: Robot Status: stopped
12-15 10:48:35.301 12746 13063 V RobotCore: thread: 'RobotSetupRunnable.run()' starting...
12-15 10:48:35.301 12746 13063 V FTCService: Processing robot setup
12-15 10:48:35.301 12746 13063 V RobotCore: Robot Status: stopped, scanning for USB devices
12-15 10:48:35.414 12746 12746 D WifiDirect: group owners address: /192.168.49.1
12-15 10:48:35.414 12746 12746 D WifiDirect: group formed, this device is the group owner (GO)
12-15 10:48:35.414 12746 12746 I FTCService: onNetworkConnectionEvent: CONNECTED_AS_GROUP_OWNER
12-15 10:48:35.414 12746 12746 I FTCService: Wifi Direct - connected as group owner
12-15 10:48:35.420 12746 12746 V UpdateUI: Network: enabled, disconnected
12-15 10:48:35.451 12746 12746 V WifiDirect: connection information available
12-15 10:48:35.451 12746 12746 V WifiDirect: connection information - groupOwnerName = 11639-RC
12-15 10:48:35.451 12746 12746 V WifiDirect: connection information - groupOwnerMacAddress = 68:c4:4d:3f:92:e8
12-15 10:48:35.451 12746 12746 V WifiDirect: connection information - groupInterface = p2p0
12-15 10:48:35.451 12746 12746 V WifiDirect: connection information - groupNetworkName = DIRECT-nl-11639-RC
12-15 10:48:35.451 12746 12746 I FTCService: onNetworkConnectionEvent: CONNECTION_INFO_AVAILABLE
12-15 10:48:35.452 12746 12746 I FTCService: Network Connection Passphrase: kZTMAspV
12-15 10:48:35.452 12746 12746 V WebServer: starting port=8080
12-15 10:48:35.463 12746 12746 V RobotCore: Getting network assistant of type: WIFIDIRECT
12-15 10:48:35.463 12746 12746 V WifiDirect: There are 2 Wifi Direct Assistant Clients (+)
12-15 10:48:35.465 12746 12746 V WebServer: started port=8080
12-15 10:48:35.465 12746 12746 V UpdateUI: Network: active, disconnected
12-15 10:48:35.465 12746 12767 V NetDiscover_wifiDirectAgent_bcast: wifiP2pEnabled=true
12-15 10:48:35.466 12746 12767 D NetDiscover_wifiDirectAgent_bcast: connection changed: networkInfo.state=CONNECTED
12-15 10:48:35.466 12746 12767 V NetDiscover_wifiDirectAgent_bcast: NetworkInfo: [type: WIFI_P2P[], state: CONNECTED/CONNECTED, reason: (unspecified), extra: (none), roaming: false, failover: false, isAvailable: true]
12-15 10:48:35.466 12746 12767 V NetDiscover_wifiDirectAgent_bcast: WifiP2pInfo: groupFormed: true isGroupOwner: true operatingChannel: 2462 groupOwnerAddress: /192.168.49.1 mccMode: false
12-15 10:48:35.466 12746 12767 V NetDiscover_wifiDirectAgent_bcast: WifiP2pGroup: network: DIRECT-nl-11639-RC, isGO: true, Operating Channel: 2462, GO: Device: , deviceAddress: 68:c4:4d:3f:92:e8, primary type: null, secondary type: null, wps: 0, grpcapab: 0, devcapab: 0, status: 4, wfdInfo: WFD enabled: falseWFD DeviceInfo: 0, WFD CtrlPort: 0, WFD MaxThroughput: 0, level: 0, Client: Device: 11639-DS, deviceAddress: cc:61:e5:0e:f0:ac, primary type: 10-0050F204-5, secondary type: null, wps: 392, grpcapab: 0, devcapab: 33, status: 0, wfdInfo: null, level: 60, interface: p2p0, networkId: 0, mGoOperFreq: 2462
12-15 10:48:35.468 12746 12767 V NetDiscover_wifiDirectAgent_bcast: this device changed: Device=11639-RC deviceAddress=68:c4:4d:3f:92:e8 primary type=10-0050F204-5 secondary type=null wps=0 grpcapab=0 devcapab=0 status=0 wfdInfo=WFD enabled=falseWFD DeviceInfo=0 WFD CtrlPort=0 WFD MaxThroughput=0 level=0
12-15 10:48:35.468 12746 12767 V NetDiscover_name: remembering wifiDirectName: 11639-RC...
12-15 10:48:35.468 12746 12767 V NetDiscover_name: ...remembering wifiDirectName
12-15 10:48:35.468 12746 12767 V NetDiscover_wifiDirectAgent_bcast: p2p discoverPeers()=false
12-15 10:48:35.468 12746 12767 V NetDiscover_wifiDirectAgent_bcast: wifi direct remembered groups cleared
12-15 10:48:35.468 12746 12767 V NetDiscover_wifiDirectAgent_bcast: wifiState=ENABLED
12-15 10:48:35.473 12746 12746 E libEGL  : validate_display:255 error 3008 (EGL_BAD_DISPLAY)
12-15 10:48:40.302 12746 13063 V RobotCore: EventLoopManager state is NOT_STARTED
12-15 10:48:40.303 12746 13063 V RobotCore: Robot Status: stopped, waiting for Wifi to enable
12-15 10:48:40.306 12746 13063 I RobotCore: state = 3
12-15 10:48:40.307 12746 13063 V RobotCore: Robot Status: stopped, waiting for Wifi Direct to enable
12-15 10:48:40.307 12746 13063 V FTCService: Waiting for a connection to a wifi service
12-15 10:48:40.307 12746 13063 V RobotCore: Robot Status: stopped, waiting for network to become active
12-15 10:48:40.307 12746 13063 V WebServer: Asked an already running WebServer to start
12-15 10:48:40.308 12746 13063 V RobotCore: Robot Status: stopped, starting robot
12-15 10:48:40.308 12746 13063 V Robocol : EventLoopManager.start()
12-15 10:48:40.308 12746 13063 V RobotCore: Getting network assistant of type: WIFIDIRECT
12-15 10:48:40.308 12746 13063 V Robocol : Spoofing a Network Connection event...
12-15 10:48:40.308 12746 13063 I EventLoopManager: onNetworkConnectionEvent: CONNECTION_INFO_AVAILABLE
12-15 10:48:40.308 12746 13063 I Robocol : Received network connection event
12-15 10:48:40.309 12746 13063 I NetworkConnectionHandler: Handling new network connection infomation, connected: true setup needed: true
12-15 10:48:40.311 12746 13063 V RobotCore: EventLoopManager state is STOPPED
12-15 10:48:40.312 12746 13080 V RobotCore: thread: 'SetupRunnable.run()' starting...
12-15 10:48:40.312 12746 13063 V Robocol : eventLoop=FtcEventLoop
12-15 10:48:40.312 12746 13063 V RobotCore: EventLoopManager state is INIT
12-15 10:48:40.313 12746 13063 V RobotCore: Robot Status: initializing, starting robot
12-15 10:48:40.313 12746 13063 I FtcEventLoop: ======= INIT START =======
12-15 10:48:40.315 12746 13063 V OpmodeRegistration: registered {DefaultOpMode} as {$Stop$Robot$}
12-15 10:48:40.322 12746 13063 V FileBasedLock: locked /storage/emulated/0/FIRST/blocks/projectslock/lock.dat
12-15 10:48:40.323 12746 12746 D WifiDirect: cannot create group, does group already exist?
12-15 10:48:40.326 12746 13063 V FileBasedLock: unlocking /storage/emulated/0/FIRST/blocks/projectslock/lock.dat
12-15 10:48:40.338 12746 13063 V OpmodeRegistration: registered {distanceAnalyze} as {Analyze Distance}
12-15 10:48:40.338 12746 13063 V OpmodeRegistration: registered {fullDriveOld} as {Full Driving (Old Robot)}
12-15 10:48:40.339 12746 13063 V OpmodeRegistration: registered {driveTestUsingData} as {Basic Drive Test (Using 'Data')}
12-15 10:48:40.340 12746 13063 V OpmodeRegistration: registered {armTest} as {Arm Test}
12-15 10:48:40.341 12746 13063 V OpmodeRegistration: registered {colorTest} as {Basic Color Test}
12-15 10:48:40.341 12746 13063 V OpmodeRegistration: registered {encoderGet} as {Encoder Test (Arm) (Old Robot)}
12-15 10:48:40.342 12746 13063 V OpmodeRegistration: registered {omniDriveWithTurn} as {Omni Wheels Drive (With Turn)}
12-15 10:48:40.343 12746 13063 V OpmodeRegistration: registered {armTestData} as {Arm Test Using ('Data')}
12-15 10:48:40.343 12746 13063 V OpmodeRegistration: registered {driveTest} as {Basic Drive Test}
12-15 10:48:40.345 12746 13063 V OpmodeRegistration: registered {armNew} as {New Arm Test}
12-15 10:48:40.346 12746 13063 V OpmodeRegistration: registered {motorEncoderAnalyze} as {Encoder Test}
12-15 10:48:40.346 12746 13063 V OpmodeRegistration: registered {driveToWall} as {Drive To Wall}
12-15 10:48:40.348 12746 13063 V OpmodeRegistration: registered {testToss} as {Arm Toss Test}
12-15 10:48:40.348 12746 13063 V OpmodeRegistration: registered {mineralAnalizeTest} as {Basic Mineral Analyzing}
12-15 10:48:40.349 12746 13063 V OpmodeRegistration: registered {colorTestFullSpeed} as {Basic Color Test @ Full Speed}
12-15 10:48:40.350 12746 13063 V OpmodeRegistration: registered {colorAnalyze} as {Analyze Colors}
12-15 10:48:40.351 12746 13063 V OpmodeRegistration: registered {omniDriveNoTurn} as {Omni Wheels Drive (No Turn)}
12-15 10:48:40.358 12746 13080 D Robocol : RobocolDatagramSocket listening addr=/192.168.49.1:20884 cbRec=65520 cbSend=163840 msRecTO=300
12-15 10:48:40.358 12746 13080 V Robocol : RecvLoopRunnable created
12-15 10:48:40.360 12746 13080 V PeerDiscovery: Starting peer discovery remote: /192.168.49.1 local: /192.168.49.1
12-15 10:48:40.360 12746 13083 V RobotCore: thread: 'RecvLoopRunnable.run()' starting...
12-15 10:48:40.360 12746 13080 V PeerDiscovery: No need for peer discovery, we are the peer discovery device
12-15 10:48:40.360 12746 13080 V RobotCore: Setup complete
12-15 10:48:40.360 12746 13080 V RobotCore: thread: ...terminating 'SetupRunnable.run()'
12-15 10:48:40.412 12746 13063 V HardwareFactory: createHardwareMap()
12-15 10:48:40.412 12746 13063 V WifiDirectInviteMonitor: clearUILynxModule()
12-15 10:48:40.419 12746 13063 V RobotCore: Creating REV Robotics USB Expansion Hub Portal [DQ2EV50L]
12-15 10:48:40.420 12746 13063 V LynxUsb : creating new [DQ2EV50L]: 0x0d0f761b
12-15 10:48:40.421 12746 13063 V FtDeviceManager: createDeviceInfoList(): 0 USB devices
12-15 10:48:40.421 12746 13063 W System.err: unable to open lynx USB device DQ2EV50L: FTDI driver failed to open USB device with serial number DQ2EV50L (returned null device)
12-15 10:48:40.422 12746 13063 E LynxUsb : exception RobotCoreException(unable to open lynx USB device DQ2EV50L: FTDI driver failed to open USB device with serial number DQ2EV50L (returned null device)): exception arming DQ2EV50L [com.qualcomm.hardware.lynx.LynxUsbUtil.logMessageAndThrow(LynxUsbUtil.java:92)]
12-15 10:48:40.422 12746 13063 V LynxUsb : doPretend() serial=DQ2EV50L
12-15 10:48:40.422 12746 13063 V LynxUsb : 0x0973b3b8 on 0x0d0f761b: new delegate to [DQ2EV50L]
12-15 10:48:40.423 12746 13063 V RobotCore: Creating Lynx Module - mod=2 parent=true
12-15 10:48:40.426 12746 13063 V LynxUsb : addConfiguredModule() module#=2
12-15 10:48:40.426 12746 13063 V LynxModule: pingAndQueryKnownInterfaces mod=2
12-15 10:48:40.433 12746 13063 V LynxModule: mod#=2 queryInterface(DEKA)=0 commands starting at 0
12-15 10:48:40.433 12746 13063 V LynxModule: mod#=2 intf=DEKA: expected 54 commands; found 0
12-15 10:48:40.434 12746 13063 V LynxModule: sendLEDPatternSteps(): #steps=6
12-15 10:48:40.435 12746 13063 V LynxMotor: initializeHardware() mod#=2
12-15 10:48:40.436 12746 13063 V RobotCore: DcMotorImpl(type=TetrixMotor)
12-15 10:48:40.436 12746 13063 V RobotCore: DcMotorImpl(type=TetrixMotor)
12-15 10:48:40.437 12746 13063 V LynxServoController: initializeHardware() mod#=2
12-15 10:48:40.437 12746 13063 V LynxVoltageSensor: initializeHardware() mod#=2
12-15 10:48:40.438 12746 13063 V LynxPwmOutputController: initializeHardware() mod#=2
12-15 10:48:40.438 12746 13063 V LynxAnalogInputController: initializeHardware() mod#=2
12-15 10:48:40.438 12746 13063 V LynxDigitalChannelController: initializeHardware() mod#=2
12-15 10:48:40.439 12746 13063 V RobotCore: Creating user sensor REV Expansion Hub IMU - on Lynx module=2 bus=0
12-15 10:48:40.439 12746 13063 V RobotCore: Creating I2cDeviceSynch (Lynx) - mod=2 bus=0
12-15 10:48:40.439 12746 13063 I RobotCore: LynxFirmwareVersionManager: LynxI2cDeviceSynchV1
12-15 10:48:40.439 12746 13063 V LynxI2cDeviceSynch: initializeHardware() mod#=2
12-15 10:48:40.441 12746 13063 I RobotCore: ========= Device Information ===================================================
12-15 10:48:40.441 12746 13063 I RobotCore: Type                                               Name                           Connection
12-15 10:48:40.442 12746 13063 I RobotCore: Expansion Hub DC Motor Controller                  Expansion Hub 2                USB DQ2EV50L; module 2
12-15 10:48:40.442 12746 13063 I RobotCore: Expansion Hub Servo Controller                     Expansion Hub 2                USB DQ2EV50L; module 2
12-15 10:48:40.442 12746 13063 I RobotCore: Expansion Hub Voltage Sensor                       Expansion Hub 2                USB DQ2EV50L; module 2
12-15 10:48:40.442 12746 13063 I RobotCore: Expansion Hub Pwm Controller                       Expansion Hub 2                USB DQ2EV50L; module 2
12-15 10:48:40.442 12746 13063 I RobotCore: Expansion Hub Analog Input Controller              Expansion Hub 2                USB DQ2EV50L; module 2
12-15 10:48:40.442 12746 13063 I RobotCore: Expansion Hub Digital Channel Controller           Expansion Hub 2                USB DQ2EV50L; module 2
12-15 10:48:40.442 12746 13063 I RobotCore: Expansion Hub (firmware version unavailable)       Expansion Hub 2                USB DQ2EV50L; module 2
12-15 10:48:40.443 12746 13063 I RobotCore: REV Expansion Hub IMU                              imu                            USB DQ2EV50L; module 2; bus 0; addr7=0x00
12-15 10:48:40.443 12746 13063 I RobotCore: Motor                                              colorR                         USB DQ2EV50L; module 2; port 0
12-15 10:48:40.443 12746 13063 I RobotCore: REV Robotics USB Expansion Hub Portal              Expansion Hub Portal 1         USB DQ2EV50L
12-15 10:48:40.443 12746 13063 I RobotCore: Motor                                              tossMotor                      USB DQ2EV50L; module 2; port 1
12-15 10:48:40.443 12746 13063 I FtcEventLoop: ======= INIT FINISH =======
12-15 10:48:40.443 12746 13063 V RobotCore: EventLoopManager state is RUNNING
12-15 10:48:40.448 12746 13083 D RobotCore: system telemetry: key=$System$Warning$ msg="unable to open REV Robotics USB Expansion Hub Portal [DQ2EV50L]"
12-15 10:48:40.448 12746 13083 V PeerDiscovery: new remote peer discovered: 192.168.49.33
12-15 10:48:40.448 12746 13083 D Robocol : RobocolDatagramSocket connected to /192.168.49.33:20884
12-15 10:48:40.449 12746 13083 V NetworkConnectionHandler: starting sending loop
12-15 10:48:40.450 12746 13083 V Robocol : SendOnceRunnable created
12-15 10:48:40.461 12746 13063 V RobotCore: Robot Status: running, starting robot
12-15 10:48:40.461 12746 13063 V RobotCore: Robot Status: running
12-15 10:48:40.461 12746 13063 V RobotCore: thread: ...terminating 'RobotSetupRunnable.run()'
12-15 10:48:40.463 12746 13083 V NetDiscover_prefremrc: sendAllPreferences()
12-15 10:48:40.463 12746 13083 V NetDiscover_prefremrc: sending RC pref name=pref_wifip2p_remote_channel_change_works value=true
12-15 10:48:40.468 12746 13088 V RobotCore: thread: 'opmode loop()' starting...
12-15 10:48:40.468 12746 13083 V NetDiscover_prefremrc: sending RC pref name=pref_device_name value=11639-RC
12-15 10:48:40.469 12746 13083 V NetDiscover_prefremrc: sending RC pref name=pref_has_independent_phone_battery value=true
12-15 10:48:40.469 12746 13083 V NetDiscover_prefremrc: sending RC pref name=pref_has_speaker value=true
12-15 10:48:40.469 12746 13083 V NetDiscover_prefremrc: sending RC pref name=pref_app_theme value=red
12-15 10:48:40.469 12746 13083 V NetDiscover_prefremrc: sending RC pref name=pref_sound_on_off value=true
12-15 10:48:40.470 12746 13083 V UpdateUI: Network: active, connected
12-15 10:48:40.490 12746 13084 V Robocol : sending CMD_NOTIFY_ROBOT_STATE(17), attempt: 0
12-15 10:48:40.491 12746 13084 V Robocol : sending CMD_NOTIFY_USER_DEVICE_LIST(18), attempt: 0
12-15 10:48:40.491 12746 13087 V SoundInfo: construct(0x0b5bc01c)
12-15 10:48:40.493 12746 13084 V Robocol : sending CMD_ROBOT_CONTROLLER_PREFERENCE(19), attempt: 0
12-15 10:48:40.493 12746 13084 V Robocol : sending CMD_ROBOT_CONTROLLER_PREFERENCE(20), attempt: 0
12-15 10:48:40.494 12746 13084 V Robocol : sending CMD_ROBOT_CONTROLLER_PREFERENCE(21), attempt: 0
12-15 10:48:40.494 12746 13084 V Robocol : sending CMD_ROBOT_CONTROLLER_PREFERENCE(22), attempt: 0
12-15 10:48:40.494 12746 13084 V Robocol : sending CMD_ROBOT_CONTROLLER_PREFERENCE(23), attempt: 0
12-15 10:48:40.495 12746 13084 V Robocol : sending CMD_ROBOT_CONTROLLER_PREFERENCE(24), attempt: 0
12-15 10:48:40.517 12746 13083 V Robocol : received command: CMD_REQUEST_UI_STATE(10002) 
12-15 10:48:40.520 12746 13086 D ExtendedUtils: extended extractor not needed, return default
12-15 10:48:40.521 12746 13086 I MediaCodec: (0xb8efe2a8) init name(audio/raw) isType(1) encoder(0)
12-15 10:48:40.530 12746 13084 V Robocol : sending CMD_NOTIFY_ACTIVE_CONFIGURATION(37), attempt: 0
12-15 10:48:40.532 12746 13092 E OMXMaster: A component of name 'OMX.qcom.audio.decoder.aac' already exists, ignoring this one.
12-15 10:48:40.534 12746 13092 I MediaCodec: (0xb8efe2a8) Component Allocated (OMX.google.raw.decoder)
12-15 10:48:40.535 12746 13086 I MediaCodec: (0xb8efe2a8) configure surface(0x0) crypto(0x0) flags(0)
12-15 10:48:40.535 12746 13086 D MediaCodec: (0xb8efe2a8) configure format: AMessage(what = 0x00000000) = {
12-15 10:48:40.535 12746 13086 D MediaCodec:    string mime = "audio/raw"
12-15 10:48:40.535 12746 13086 D MediaCodec:    int64_t durationUs = 1019125
12-15 10:48:40.535 12746 13086 D MediaCodec:    int32_t channel-count = 1
12-15 10:48:40.535 12746 13086 D MediaCodec:    int32_t sample-rate = 8000
12-15 10:48:40.535 12746 13086 D MediaCodec:    int32_t channel-mask = 0
12-15 10:48:40.535 12746 13086 D MediaCodec:  }
12-15 10:48:40.537 12746 13086 I MediaCodec: (0xb8efe2a8) start
12-15 10:48:40.538 12746 13092 I MediaCodec: (0xb8efe2a8) input buffers allocated
12-15 10:48:40.538 12746 13092 I MediaCodec: (0xb8efe2a8) numBuffers (4)
12-15 10:48:40.538 12746 13092 I MediaCodec: (0xb8efe2a8) output buffers allocated
12-15 10:48:40.538 12746 13092 I MediaCodec: (0xb8efe2a8) numBuffers (4)
12-15 10:48:40.540 12746 13092 I MediaCodec: (0xb8efe2a8) codec output format changed
12-15 10:48:40.540 12746 13092 D MediaCodec: (0xb8efe2a8) output format: AMessage(what = 'codc', target = 2) = {
12-15 10:48:40.540 12746 13092 D MediaCodec:    string mime = "audio/raw"
12-15 10:48:40.540 12746 13092 D MediaCodec:    int32_t channel-count = 1
12-15 10:48:40.540 12746 13092 D MediaCodec:    int32_t sample-rate = 8000
12-15 10:48:40.540 12746 13092 D MediaCodec:    int32_t channel-mask = 0
12-15 10:48:40.540 12746 13092 D MediaCodec:    int32_t what = 1869968451
12-15 10:48:40.540 12746 13092 D MediaCodec:  }
12-15 10:48:40.542 12746 13086 I MediaCodec: (0xb8efe2a8) stop
12-15 10:48:40.543 12746 13086 I MediaCodec: (0xb8efe2a8) release
12-15 10:48:40.547 12746 12767 D SoundPlayer: onLoadComplete(samp=1|ms=1019, samp=1)=0
12-15 10:48:40.550 12746 13087 W AudioTrack: AUDIO_OUTPUT_FLAG_FAST denied by client; transfer 4, track 8000 Hz, output 48000 Hz
12-15 10:48:40.561 12746 13087 D SoundPlayer: playing volume=1.000000 samp=1|ms=1019
12-15 10:48:40.570 12746 13084 V Robocol : sending CMD_NOTIFY_USER_DEVICE_LIST(38), attempt: 0
12-15 10:48:40.572 12746 13084 V Robocol : sending CMD_NOTIFY_OP_MODE_LIST(39), attempt: 0
12-15 10:48:40.574 12746 13084 V Robocol : sending CMD_PLAY_SOUND(43), attempt: 0
12-15 10:48:40.590 12746 13087 V SoundInfo: construct(0x062b3da1)
12-15 10:48:40.618 12746 13086 D ExtendedUtils: extended extractor not needed, return default
12-15 10:48:40.619 12746 13086 I MediaCodec: (0xb907d170) init name(audio/raw) isType(1) encoder(0)
12-15 10:48:40.623 12746 13098 E OMXMaster: A component of name 'OMX.qcom.audio.decoder.aac' already exists, ignoring this one.
12-15 10:48:40.625 12746 13098 I MediaCodec: (0xb907d170) Component Allocated (OMX.google.raw.decoder)
12-15 10:48:40.625 12746 13086 I MediaCodec: (0xb907d170) configure surface(0x0) crypto(0x0) flags(0)
12-15 10:48:40.625 12746 13086 D MediaCodec: (0xb907d170) configure format: AMessage(what = 0x00000000) = {
12-15 10:48:40.625 12746 13086 D MediaCodec:    string mime = "audio/raw"
12-15 10:48:40.625 12746 13086 D MediaCodec:    int64_t durationUs = 1043650
12-15 10:48:40.625 12746 13086 D MediaCodec:    int32_t channel-count = 2
12-15 10:48:40.625 12746 13086 D MediaCodec:    int32_t sample-rate = 44100
12-15 10:48:40.625 12746 13086 D MediaCodec:    int32_t channel-mask = 0
12-15 10:48:40.625 12746 13086 D MediaCodec:  }
12-15 10:48:40.626 12746 13086 I MediaCodec: (0xb907d170) start
12-15 10:48:40.627 12746 13098 I MediaCodec: (0xb907d170) input buffers allocated
12-15 10:48:40.627 12746 13098 I MediaCodec: (0xb907d170) numBuffers (4)
12-15 10:48:40.627 12746 13098 I MediaCodec: (0xb907d170) output buffers allocated
12-15 10:48:40.627 12746 13098 I MediaCodec: (0xb907d170) numBuffers (4)
12-15 10:48:40.628 12746 13098 I MediaCodec: (0xb907d170) codec output format changed
12-15 10:48:40.629 12746 13098 D MediaCodec: (0xb907d170) output format: AMessage(what = 'codc', target = 6) = {
12-15 10:48:40.629 12746 13098 D MediaCodec:    string mime = "audio/raw"
12-15 10:48:40.629 12746 13098 D MediaCodec:    int32_t channel-count = 2
12-15 10:48:40.629 12746 13098 D MediaCodec:    int32_t sample-rate = 44100
12-15 10:48:40.629 12746 13098 D MediaCodec:    int32_t channel-mask = 0
12-15 10:48:40.629 12746 13098 D MediaCodec:    int32_t what = 1869968451
12-15 10:48:40.629 12746 13098 D MediaCodec:  }
12-15 10:48:40.636 12746 13086 I MediaCodec: (0xb907d170) stop
12-15 10:48:40.638 12746 13086 I MediaCodec: (0xb907d170) release
12-15 10:48:40.642 12746 12767 D SoundPlayer: onLoadComplete(samp=2|ms=1044, samp=2)=0
12-15 10:48:40.662 12746 13087 V SoundInfo: construct(0x029d12dd)
12-15 10:48:40.679 12746 13086 D ExtendedUtils: extended extractor not needed, return default
12-15 10:48:40.679 12746 13086 I MediaCodec: (0xb8efccc8) init name(audio/raw) isType(1) encoder(0)
12-15 10:48:40.684 12746 13104 E OMXMaster: A component of name 'OMX.qcom.audio.decoder.aac' already exists, ignoring this one.
12-15 10:48:40.685 12746 13104 I MediaCodec: (0xb8efccc8) Component Allocated (OMX.google.raw.decoder)
12-15 10:48:40.685 12746 13086 I MediaCodec: (0xb8efccc8) configure surface(0x0) crypto(0x0) flags(0)
12-15 10:48:40.685 12746 13086 D MediaCodec: (0xb8efccc8) configure format: AMessage(what = 0x00000000) = {
12-15 10:48:40.685 12746 13086 D MediaCodec:    string mime = "audio/raw"
12-15 10:48:40.685 12746 13086 D MediaCodec:    int64_t durationUs = 485011
12-15 10:48:40.685 12746 13086 D MediaCodec:    int32_t channel-count = 2
12-15 10:48:40.685 12746 13086 D MediaCodec:    int32_t sample-rate = 44100
12-15 10:48:40.685 12746 13086 D MediaCodec:    int32_t channel-mask = 0
12-15 10:48:40.685 12746 13086 D MediaCodec:  }
12-15 10:48:40.686 12746 13086 I MediaCodec: (0xb8efccc8) start
12-15 10:48:40.686 12746 13104 I MediaCodec: (0xb8efccc8) input buffers allocated
12-15 10:48:40.686 12746 13104 I MediaCodec: (0xb8efccc8) numBuffers (4)
12-15 10:48:40.686 12746 13104 I MediaCodec: (0xb8efccc8) output buffers allocated
12-15 10:48:40.686 12746 13104 I MediaCodec: (0xb8efccc8) numBuffers (4)
12-15 10:48:40.689 12746 13104 I MediaCodec: (0xb8efccc8) codec output format changed
12-15 10:48:40.689 12746 13104 D MediaCodec: (0xb8efccc8) output format: AMessage(what = 'codc', target = 10) = {
12-15 10:48:40.689 12746 13104 D MediaCodec:    string mime = "audio/raw"
12-15 10:48:40.689 12746 13104 D MediaCodec:    int32_t channel-count = 2
12-15 10:48:40.689 12746 13104 D MediaCodec:    int32_t sample-rate = 44100
12-15 10:48:40.689 12746 13104 D MediaCodec:    int32_t channel-mask = 0
12-15 10:48:40.689 12746 13104 D MediaCodec:    int32_t what = 1869968451
12-15 10:48:40.689 12746 13104 D MediaCodec:  }
12-15 10:48:40.692 12746 13086 I MediaCodec: (0xb8efccc8) stop
12-15 10:48:40.693 12746 13086 I MediaCodec: (0xb8efccc8) release
12-15 10:48:40.696 12746 12767 D SoundPlayer: onLoadComplete(samp=3|ms=485, samp=3)=0
12-15 10:48:40.976 12746 13088 I RobotCore: Attempting to switch to op mode $Stop$Robot$
12-15 10:48:41.010 12746 13084 V Robocol : sending CMD_NOTIFY_INIT_OP_MODE(53), attempt: 0
12-15 10:48:41.568 12746 13101 W AudioTrack: AUDIO_OUTPUT_FLAG_FAST denied by client; transfer 4, track 44100 Hz, output 48000 Hz
12-15 10:48:41.571 12746 13101 D SoundPlayer: playing volume=1.000000 samp=3|ms=485
12-15 10:48:41.572 12746 13101 W AudioTrack: AUDIO_OUTPUT_FLAG_FAST denied by client; transfer 4, track 44100 Hz, output 48000 Hz
12-15 10:48:41.575 12746 13101 D SoundPlayer: playing volume=1.000000 samp=2|ms=1044
12-15 10:48:41.610 12746 13084 V Robocol : sending CMD_PLAY_SOUND(66), attempt: 0
12-15 10:48:41.611 12746 13084 V Robocol : sending CMD_PLAY_SOUND(67), attempt: 0
12-15 10:48:41.688 12746 12746 V FtDeviceManager: ACTION_USB_DEVICE_ATTACHED: /dev/bus/usb/001/002
12-15 10:48:41.689 12746 12746 V FtDeviceManager: addOrUpdateUsbDevice(vid=0x0403 pid=0x6015)
12-15 10:48:41.689 12746 12746 I AppUtil : found usbFileSystemRoot: /dev/bus/usb
12-15 10:48:41.711 12746 12746 V FtDevice: initialize(vid=0x0403 pid=0x6015 bcdDevice=0x1000)
12-15 10:48:41.711 12746 12746 V MonitoredUsbDeviceConnection: closing UsbDeviceConnection(DQ2EV50L)
12-15 10:48:41.711 12746 12746 D UsbDeviceConnectionJNI: close
12-15 10:48:41.711 12746 12746 V MonitoredUsbDeviceConnection: closing UsbDeviceConnection(DQ2EV50L)
12-15 10:48:41.711 12746 12746 D UsbDeviceConnectionJNI: close
12-15 10:48:41.711 12746 12746 V RCActivity: onPause()
12-15 10:48:41.712 12746 12746 V RCActivity: ACTION_USB_DEVICE_ATTACHED: /dev/bus/usb/001/002
12-15 10:48:41.712 12746 12746 V RCActivity: onResume()
12-15 10:48:41.714 12746 13088 I FtcEventLoop: vv===== MODULE ATTACH: disarm REV Robotics USB Expansion Hub Portal [DQ2EV50L]=====vv
12-15 10:48:41.714 12746 13088 V LynxUsb : disarmDevice() serial=DQ2EV50L...
12-15 10:48:41.714 12746 13088 V LynxUsb : ...done disarmDevice()
12-15 10:48:41.715 12746 13088 I FtcEventLoop: ======= MODULE ATTACH: arm or pretend REV Robotics USB Expansion Hub Portal [DQ2EV50L]=======
12-15 10:48:41.715 12746 13088 V LynxUsb : clearing extant global warning: "unable to open REV Robotics USB Expansion Hub Portal [DQ2EV50L]"
12-15 10:48:41.717 12746 13088 V FtDeviceManager: createDeviceInfoList(): 1 USB devices
12-15 10:48:41.721 12746 13088 V FtDevice: vv********************DQ2EV50L opening********************vv 0x0294c095
12-15 10:48:41.724 12746 13088 V FtDevice: ^^********************DQ2EV50L opened ********************^^
12-15 10:48:41.724 12746 13088 V FtDevice: resetting DQ2EV50L
12-15 10:48:41.731 12746 13088 V LynxUsb : armDevice() serial=DQ2EV50L...
12-15 10:48:41.732 12746 13088 V LynxModule: resetDevice() serial=DQ2EV50L
12-15 10:48:41.795 12746 13083 D RobotCore: system telemetry: key=$System$None$ msg=""
12-15 10:48:42.087 12746 13088 V LynxModule: pingAndQueryKnownInterfaces mod=2
12-15 10:48:42.089 12746 13117 V RobotCore: thread: 'lynx incoming datagrams' starting...
12-15 10:48:42.090 12746 13117 V LynxUsb : synchronization gained: serial=DQ2EV50L
12-15 10:48:42.092 12746 13088 V LynxModule: mod#=2 queryInterface(DEKA)=49 commands starting at 4096
12-15 10:48:42.096 12746 13088 V LynxModule: mod#=2 intf=DEKA: expected 54 commands; found 49
12-15 10:48:42.100 12746 13088 V LynxModule: sendLEDPatternSteps(): #steps=6
12-15 10:48:42.103 12746 13118 V LynxModule: received status: LynxGetModuleStatusResponse(status=0x02 alerts=0x00: Reset)
12-15 10:48:42.109 12746 13088 V LynxUsb : ...done armDevice()
12-15 10:48:42.109 12746 13088 V LynxI2cDeviceSynch: initializeHardware() mod#=2
12-15 10:48:42.109 12746 13088 V LynxVoltageSensor: initializeHardware() mod#=2
12-15 10:48:42.109 12746 13088 V LynxAnalogInputController: initializeHardware() mod#=2
12-15 10:48:42.109 12746 13088 V LynxPwmOutputController: initializeHardware() mod#=2
12-15 10:48:42.113 12746 13088 W LynxPwmOutputController: LynxSetPWMEnableCommand not implemented by lynx hw; ignoring
12-15 10:48:42.116 12746 13088 W LynxPwmOutputController: LynxSetPWMConfigurationCommand not implemented by lynx hw; ignoring
12-15 10:48:42.119 12746 13088 W LynxPwmOutputController: LynxSetPWMEnableCommand not implemented by lynx hw; ignoring
12-15 10:48:42.122 12746 13088 W LynxPwmOutputController: LynxSetPWMConfigurationCommand not implemented by lynx hw; ignoring
12-15 10:48:42.125 12746 13088 W LynxPwmOutputController: LynxSetPWMEnableCommand not implemented by lynx hw; ignoring
12-15 10:48:42.128 12746 13088 W LynxPwmOutputController: LynxSetPWMConfigurationCommand not implemented by lynx hw; ignoring
12-15 10:48:42.131 12746 13088 W LynxPwmOutputController: LynxSetPWMEnableCommand not implemented by lynx hw; ignoring
12-15 10:48:42.134 12746 13088 W LynxPwmOutputController: LynxSetPWMConfigurationCommand not implemented by lynx hw; ignoring
12-15 10:48:42.134 12746 13088 V LynxDigitalChannelController: initializeHardware() mod#=2
12-15 10:48:42.157 12746 13088 V LynxServoController: initializeHardware() mod#=2
12-15 10:48:42.194 12746 13088 V LynxMotor: initializeHardware() mod#=2
12-15 10:48:42.250 12746 13088 I FtcEventLoop: ^^===== MODULE ATTACH: complete REV Robotics USB Expansion Hub Portal [DQ2EV50L]=====^^
12-15 10:48:43.954 12746 13083 V Robocol : received command: CMD_INIT_OP_MODE(10063) $Stop$Robot$
12-15 10:48:43.963 12746 13088 I RobotCore: Attempting to switch to op mode $Stop$Robot$
12-15 10:48:44.010 12746 13084 V Robocol : sending CMD_NOTIFY_INIT_OP_MODE(105), attempt: 0
12-15 10:48:45.799 12746 13083 V Robocol : received command: CMD_SET_MATCH_NUMBER(10117) 0
12-15 10:48:45.800 12746 13083 V Robocol : received command: CMD_INIT_OP_MODE(10118) Arm Toss Test
12-15 10:48:45.817 12746 13082 I RobotCore: ******************** START - OPMODE Arm Toss Test ********************
12-15 10:48:45.818 12746 13088 I RobotCore: Attempting to switch to op mode Arm Toss Test
12-15 10:48:45.823 12746 13088 W LynxPwmOutputController: LynxSetPWMEnableCommand not implemented by lynx hw; ignoring
12-15 10:48:45.827 12746 13088 W LynxPwmOutputController: LynxSetPWMConfigurationCommand not implemented by lynx hw; ignoring
12-15 10:48:45.831 12746 13088 W LynxPwmOutputController: LynxSetPWMEnableCommand not implemented by lynx hw; ignoring
12-15 10:48:45.835 12746 13088 W LynxPwmOutputController: LynxSetPWMConfigurationCommand not implemented by lynx hw; ignoring
12-15 10:48:45.839 12746 13088 W LynxPwmOutputController: LynxSetPWMEnableCommand not implemented by lynx hw; ignoring
12-15 10:48:45.842 12746 13088 W LynxPwmOutputController: LynxSetPWMConfigurationCommand not implemented by lynx hw; ignoring
12-15 10:48:45.846 12746 13088 W LynxPwmOutputController: LynxSetPWMEnableCommand not implemented by lynx hw; ignoring
12-15 10:48:45.850 12746 13088 W LynxPwmOutputController: LynxSetPWMConfigurationCommand not implemented by lynx hw; ignoring
12-15 10:48:45.974 12746 13142 V RobotCore: thread: 'LinearOpMode main' starting...
12-15 10:48:45.993 12746 13117 V RobotCore: nack rec'd mod=2 msg#=2 ref#=0 reason=MOTOR_NOT_CONFIG_BEFORE_ENABLED:50
12-15 10:48:45.994 12746 13142 E LynxMotor: exception thrown during lynx communication
12-15 10:48:45.995 12746 13142 E LynxMotor: com.qualcomm.hardware.lynx.LynxNackException: (DQ2EV50L #2) LynxSetMotorChannelEnableCommand: nack received: MOTOR_NOT_CONFIG_BEFORE_ENABLED:50
12-15 10:48:45.996 12746 13142 E LynxMotor: 	at com.qualcomm.hardware.lynx.commands.LynxRespondable.throwIfNack(LynxRespondable.java:325)
12-15 10:48:45.997 12746 13142 E LynxMotor: 	at com.qualcomm.hardware.lynx.commands.LynxRespondable.send(LynxRespondable.java:239)
12-15 10:48:45.997 12746 13142 E LynxMotor: 	at com.qualcomm.hardware.lynx.LynxDcMotorController.internalSetMotorEnable(LynxDcMotorController.java:221)
12-15 10:48:45.998 12746 13142 E LynxMotor: 	at com.qualcomm.hardware.lynx.LynxDcMotorController.internalSetMotorPower(LynxDcMotorController.java:543)
12-15 10:48:45.998 12746 13142 E LynxMotor: 	at com.qualcomm.hardware.lynx.LynxDcMotorController.setMotorMode(LynxDcMotorController.java:373)
12-15 10:48:45.999 12746 13142 E LynxMotor: 	at com.qualcomm.robotcore.hardware.DcMotorImpl.internalSetMode(DcMotorImpl.java:322)
12-15 10:48:45.999 12746 13142 E LynxMotor: 	at com.qualcomm.robotcore.hardware.DcMotorImpl.setMode(DcMotorImpl.java:318)
12-15 10:48:46.000 12746 13142 E LynxMotor: 	at org.firstinspires.ftc.teamcode.testToss.runOpMode(testToss.java:13)
12-15 10:48:46.000 12746 13142 E LynxMotor: 	at com.qualcomm.robotcore.eventloop.opmode.LinearOpMode$LinearOpModeHelper$1.run(LinearOpMode.java:305)
12-15 10:48:46.001 12746 13142 E LynxMotor: 	at com.qualcomm.robotcore.util.ThreadPool.logThreadLifeCycle(ThreadPool.java:737)
12-15 10:48:46.001 12746 13142 E LynxMotor: 	at com.qualcomm.robotcore.eventloop.opmode.LinearOpMode$LinearOpModeHelper.run(LinearOpMode.java:300)
12-15 10:48:46.001 12746 13142 E LynxMotor: 	at java.util.concurrent.ThreadPoolExecutor.runWorker(ThreadPoolExecutor.java:1113)
12-15 10:48:46.002 12746 13142 E LynxMotor: 	at java.util.concurrent.ThreadPoolExecutor$Worker.run(ThreadPoolExecutor.java:588)
12-15 10:48:46.002 12746 13142 E LynxMotor: 	at com.qualcomm.robotcore.util.ThreadPool$ThreadFactoryImpl$1.run(ThreadPool.java:793)
12-15 10:48:46.003 12746 13142 E LynxMotor: 	at java.lang.Thread.run(Thread.java:818)
12-15 10:48:46.010 12746 13084 V Robocol : sending CMD_NOTIFY_INIT_OP_MODE(167), attempt: 0
12-15 10:48:46.835 12746 13083 V Robocol : received command: CMD_RUN_OP_MODE(10136) Arm Toss Test
12-15 10:48:46.851 12746 13084 V Robocol : sending CMD_NOTIFY_RUN_OP_MODE(182), attempt: 0
12-15 10:49:07.561 12746 13083 E Robocol : exception SocketTimeoutException(null): no packet received [libcore.io.IoBridge.maybeThrowAfterRecvfrom(IoBridge.java:594)]
12-15 10:49:09.758 12746 13083 V Robocol : received command: CMD_INIT_OP_MODE(10687) $Stop$Robot$
12-15 10:49:09.767 12746 13082 I RobotCore: ******************** STOP - OPMODE /storage/emulated/0/FIRST/matchlogs/Match-0-Arm_Toss_Test.txt ********************
12-15 10:49:09.770 12746 13082 I RobotCore: Pruning old logs deleting Match-0-Arm_Toss_Test.txt
12-15 10:49:09.775 12746 13144 I RobotCore: saving match logcat to /storage/emulated/0/FIRST/matchlogs/Match-0-Arm_Toss_Test.txt
12-15 10:49:09.775 12746 13144 I RobotCore: logging command line: exec logcat -d -T '12-15 10:48:45.000' -f /storage/emulated/0/FIRST/matchlogs/Match-0-Arm_Toss_Test.txt -n4 -v threadtime UsbRequestJNI:S UsbRequest:S art:W ThreadPool:W System:W ExtendedExtractor:W OMXClient:W MediaPlayer:W dalvikvm:W  *:V
12-15 10:49:09.840 12746 13144 I RobotCore: Done running exec logcat -d -T '12-15 10:48:45.000' -f /storage/emulated/0/FIRST/matchlogs/Match-0-Arm_Toss_Test.txt -n4 -v threadtime UsbRequestJNI:S UsbRequest:S art:W ThreadPool:W System:W ExtendedExtractor:W OMXClient:W MediaPlayer:W dalvikvm:W  *:V
12-15 10:49:09.841 12746 13144 I RobotCore: exiting match logcat for /storage/emulated/0/FIRST/matchlogs/Match-0-Arm_Toss_Test.txt
12-15 10:49:10.772 12746 13107 E RobotCore: OpMode 'Arm Toss Test' stuck in stop(). Restarting robot controller app.
12-15 10:49:10.773 12746 13107 E RobotCore: Begin thread dump
12-15 10:49:10.776 12746 13107 E RobotCore: thread id=1010 tid=0 name="NanoHttpd Main Listener"
12-15 10:49:10.776 12746 13107 E RobotCore:     at libcore.io.Posix.accept(Native Method)
12-15 10:49:10.777 12746 13107 E RobotCore:     at libcore.io.BlockGuardOs.accept(BlockGuardOs.java:63)
12-15 10:49:10.777 12746 13107 E RobotCore:     at java.net.PlainSocketImpl.accept(PlainSocketImpl.java:97)
12-15 10:49:10.777 12746 13107 E RobotCore:     at java.net.ServerSocket.implAccept(ServerSocket.java:217)
12-15 10:49:10.777 12746 13107 E RobotCore:     at java.net.ServerSocket.accept(ServerSocket.java:141)
12-15 10:49:10.777 12746 13107 E RobotCore:     at fi.iki.elonen.NanoHTTPD$ServerRunnable.run(NanoHTTPD.java:1771)
12-15 10:49:10.777 12746 13107 E RobotCore:     at java.lang.Thread.run(Thread.java:818)
12-15 10:49:10.777 12746 13107 E RobotCore: thread id=1019 tid=13088 name="opmode loop()"
12-15 10:49:10.777 12746 13107 E RobotCore:     at java.lang.Object.wait(Native Method)
12-15 10:49:10.777 12746 13107 E RobotCore:     at java.lang.Thread.parkFor$(Thread.java:1220)
12-15 10:49:10.777 12746 13107 E RobotCore:     at sun.misc.Unsafe.park(Unsafe.java:299)
12-15 10:49:10.777 12746 13107 E RobotCore:     at java.util.concurrent.locks.LockSupport.parkNanos(LockSupport.java:198)
12-15 10:49:10.777 12746 13107 E RobotCore:     at java.util.concurrent.locks.AbstractQueuedSynchronizer$ConditionObject.awaitNanos(AbstractQueuedSynchronizer.java:2053)
12-15 10:49:10.777 12746 13107 E RobotCore:     at java.util.concurrent.ThreadPoolExecutor.awaitTermination(ThreadPoolExecutor.java:1434)
12-15 10:49:10.777 12746 13107 E RobotCore:     at com.qualcomm.robotcore.util.ThreadPool$RecordingThreadPool.awaitTermination(ThreadPool.java:998)
12-15 10:49:10.777 12746 13107 E RobotCore:     at com.qualcomm.robotcore.util.ThreadPool.awaitTermination(ThreadPool.java:517)
12-15 10:49:10.777 12746 13107 E RobotCore:     at com.qualcomm.robotcore.eventloop.opmode.LinearOpMode.stop(LinearOpMode.java:271)
12-15 10:49:10.777 12746 13107 E RobotCore:     at org.firstinspires.ftc.robotcore.internal.opmode.OpModeManagerImpl$1.run(OpModeManagerImpl.java:398)
12-15 10:49:10.777 12746 13107 E RobotCore:     at org.firstinspires.ftc.robotcore.internal.opmode.OpModeManagerImpl.detectStuck(OpModeManagerImpl.java:419)
12-15 10:49:10.777 12746 13107 E RobotCore:     at org.firstinspires.ftc.robotcore.internal.opmode.OpModeManagerImpl.detectStuck(OpModeManagerImpl.java:413)
12-15 10:49:10.777 12746 13107 E RobotCore:     at org.firstinspires.ftc.robotcore.internal.opmode.OpModeManagerImpl.callActiveOpModeStop(OpModeManagerImpl.java:396)
12-15 10:49:10.777 12746 13107 E RobotCore:     at org.firstinspires.ftc.robotcore.internal.opmode.OpModeManagerImpl.runActiveOpMode(OpModeManagerImpl.java:327)
12-15 10:49:10.778 12746 13107 E RobotCore:     at com.qualcomm.ftccommon.FtcEventLoop.loop(FtcEventLoop.java:212)
12-15 10:49:10.778 12746 13107 E RobotCore:     at com.qualcomm.robotcore.eventloop.EventLoopManager$EventLoopRunnable$1.run(EventLoopManager.java:296)
12-15 10:49:10.778 12746 13107 E RobotCore:     at com.qualcomm.robotcore.util.ThreadPool.logThreadLifeCycle(ThreadPool.java:737)
12-15 10:49:10.778 12746 13107 E RobotCore:     at com.qualcomm.robotcore.eventloop.EventLoopManager$EventLoopRunnable.run(EventLoopManager.java:239)
12-15 10:49:10.778 12746 13107 E RobotCore:     at com.qualcomm.robotcore.eventloop.EventLoopManager$1.run(EventLoopManager.java:564)
12-15 10:49:10.778 12746 13107 E RobotCore:     at java.util.concurrent.ThreadPoolExecutor.runWorker(ThreadPoolExecutor.java:1113)
12-15 10:49:10.778 12746 13107 E RobotCore:     at java.util.concurrent.ThreadPoolExecutor$Worker.run(ThreadPoolExecutor.java:588)
12-15 10:49:10.778 12746 13107 E RobotCore:     at com.qualcomm.robotcore.util.ThreadPool$ThreadFactoryImpl$1.run(ThreadPool.java:793)
12-15 10:49:10.778 12746 13107 E RobotCore:     at java.lang.Thread.run(Thread.java:818)
12-15 10:49:10.778 12746 13107 E RobotCore: thread id=981 tid=0 name="Binder_1"
12-15 10:49:10.778 12746 13107 E RobotCore: thread id=998 tid=0 name="CleanupReference"
12-15 10:49:10.778 12746 13107 E RobotCore:     at java.lang.Object.wait(Native Method)
12-15 10:49:10.778 12746 13107 E RobotCore:     at java.lang.Object.wait(Object.java:423)
12-15 10:49:10.778 12746 13107 E RobotCore:     at java.lang.ref.ReferenceQueue.remove(ReferenceQueue.java:101)
12-15 10:49:10.778 12746 13107 E RobotCore:     at java.lang.ref.ReferenceQueue.remove(ReferenceQueue.java:72)
12-15 10:49:10.778 12746 13107 E RobotCore:     at Ad.run(PG:3)
12-15 10:49:10.778 12746 13107 E RobotCore: thread id=1033 tid=13117 name="lynx incoming datagrams"
12-15 10:49:10.778 12746 13107 E RobotCore:     at java.lang.Object.wait(Native Method)
12-15 10:49:10.778 12746 13107 E RobotCore:     at java.lang.Object.wait(Object.java:423)
12-15 10:49:10.778 12746 13107 E RobotCore:     at org.firstinspires.ftc.robotcore.internal.ftdi.ReadBufferManager.readBulkInData(ReadBufferManager.java:575)
12-15 10:49:10.778 12746 13107 E RobotCore:     at org.firstinspires.ftc.robotcore.internal.ftdi.FtDevice.read(FtDevice.java:696)
12-15 10:49:10.778 12746 13107 E RobotCore:     at com.qualcomm.robotcore.hardware.usb.ftdi.RobotUsbDeviceFtdi.read(RobotUsbDeviceFtdi.java:129)
12-15 10:49:10.778 12746 13107 E RobotCore:     at com.qualcomm.hardware.lynx.LynxUsbDeviceImpl$IncomingDatagramPoller.readIncomingBytes(LynxUsbDeviceImpl.java:893)
12-15 10:49:10.778 12746 13107 E RobotCore:     at com.qualcomm.hardware.lynx.LynxUsbDeviceImpl$IncomingDatagramPoller.pollForIncomingDatagram(LynxUsbDeviceImpl.java:952)
12-15 10:49:10.778 12746 13107 E RobotCore:     at com.qualcomm.hardware.lynx.LynxUsbDeviceImpl$IncomingDatagramPoller$1.run(LynxUsbDeviceImpl.java:866)
12-15 10:49:10.778 12746 13107 E RobotCore:     at com.qualcomm.robotcore.util.ThreadPool.logThreadLifeCycle(ThreadPool.java:737)
12-15 10:49:10.778 12746 13107 E RobotCore:     at com.qualcomm.hardware.lynx.LynxUsbDeviceImpl$IncomingDatagramPoller.run(LynxUsbDeviceImpl.java:856)
12-15 10:49:10.779 12746 13107 E RobotCore:     at java.util.concurrent.ThreadPoolExecutor.runWorker(ThreadPoolExecutor.java:1113)
12-15 10:49:10.779 12746 13107 E RobotCore:     at java.util.concurrent.ThreadPoolExecutor$Worker.run(ThreadPoolExecutor.java:588)
12-15 10:49:10.779 12746 13107 E RobotCore:     at com.qualcomm.robotcore.util.ThreadPool$ThreadFactoryImpl$1.run(ThreadPool.java:793)
12-15 10:49:10.779 12746 13107 E RobotCore:     at java.lang.Thread.run(Thread.java:818)
12-15 10:49:10.779 12746 13107 E RobotCore: thread id=1000 tid=0 name="JavaBridge"
12-15 10:49:10.779 12746 13107 E RobotCore:     at android.os.MessageQueue.nativePollOnce(Native Method)
12-15 10:49:10.779 12746 13107 E RobotCore:     at android.os.MessageQueue.next(MessageQueue.java:323)
12-15 10:49:10.779 12746 13107 E RobotCore:     at android.os.Looper.loop(Looper.java:135)
12-15 10:49:10.779 12746 13107 E RobotCore:     at android.os.HandlerThread.run(HandlerThread.java:61)
12-15 10:49:10.779 12746 13107 E RobotCore: thread id=1034 tid=13118 name="lynx module executor-#0"
12-15 10:49:10.779 12746 13107 E RobotCore:     at java.lang.Object.wait(Native Method)
12-15 10:49:10.779 12746 13107 E RobotCore:     at java.lang.Thread.parkFor$(Thread.java:1220)
12-15 10:49:10.779 12746 13107 E RobotCore:     at sun.misc.Unsafe.park(Unsafe.java:299)
12-15 10:49:10.779 12746 13107 E RobotCore:     at java.util.concurrent.locks.LockSupport.parkNanos(LockSupport.java:198)
12-15 10:49:10.780 12746 13107 E RobotCore:     at java.util.concurrent.locks.AbstractQueuedSynchronizer$ConditionObject.awaitNanos(AbstractQueuedSynchronizer.java:2053)
12-15 10:49:10.780 12746 13107 E RobotCore:     at java.util.concurrent.ScheduledThreadPoolExecutor$DelayedWorkQueue.take(ScheduledThreadPoolExecutor.java:1090)
12-15 10:49:10.780 12746 13107 E RobotCore:     at java.util.concurrent.ScheduledThreadPoolExecutor$DelayedWorkQueue.take(ScheduledThreadPoolExecutor.java:1071)
12-15 10:49:10.780 12746 13107 E RobotCore:     at java.util.concurrent.ThreadPoolExecutor.getTask(ThreadPoolExecutor.java:1038)
12-15 10:49:10.780 12746 13107 E RobotCore:     at java.util.concurrent.ThreadPoolExecutor.runWorker(ThreadPoolExecutor.java:1098)
12-15 10:49:10.780 12746 13107 E RobotCore:     at java.util.concurrent.ThreadPoolExecutor$Worker.run(ThreadPoolExecutor.java:588)
12-15 10:49:10.780 12746 13107 E RobotCore:     at com.qualcomm.robotcore.util.ThreadPool$ThreadFactoryImpl$1.run(ThreadPool.java:793)
12-15 10:49:10.780 12746 13107 E RobotCore:     at java.lang.Thread.run(Thread.java:818)
12-15 10:49:10.780 12746 13107 E RobotCore: thread id=999 tid=0 name="ConnectivityManager"
12-15 10:49:10.780 12746 13107 E RobotCore:     at android.os.MessageQueue.nativePollOnce(Native Method)
12-15 10:49:10.780 12746 13107 E RobotCore:     at android.os.MessageQueue.next(MessageQueue.java:323)
12-15 10:49:10.781 12746 13107 E RobotCore:     at android.os.Looper.loop(Looper.java:135)
